<!doctype html public "-//w3c//dtd html 4.0 transitional//en">
<html><head>
<title>Static Call Graph - [.\build\keil\Obj\rtthread.axf]</title></head>
<body><HR>
<H1>Static Call Graph for image .\build\keil\Obj\rtthread.axf</H1><HR>
<BR><P>#&#060CALLGRAPH&#062# ARM Linker, 5060750: Last Updated: Tue Sep 03 18:33:11 2019
<BR><P>
<H3>Maximum Stack Usage =        684 bytes + Unknown(Functions without stacksize, Cycles, Untraceable Function Pointers)</H3><H3>
Call chain for Maximum Stack Depth:</H3>
__rt_entry_main &rArr; main &rArr; rtthread_startup &rArr; rt_thread_idle_init &rArr; rt_thread_init &rArr; _rt_thread_init &rArr; rt_timer_init &rArr; rt_object_init &rArr; rt_exit_critical &rArr; rt_schedule &rArr; _rt_scheduler_stack_check &rArr; list_thread &rArr; object_split &rArr; rt_kprintf &rArr; rt_vsnprintf &rArr; print_number
<P>
<H3>
Functions with no stack information
</H3><UL>
 <LI><a href="#[dc]">__user_initial_stackheap</a>
</UL>
</UL>
<P>
<H3>
Mutually Recursive functions
</H3> <LI><a href="#[4]">NMI_Handler</a>&nbsp;&nbsp;&nbsp;&rArr;&nbsp;&nbsp;&nbsp;<a href="#[4]">NMI_Handler</a><BR>
 <LI><a href="#[6]">MemManage_Handler</a>&nbsp;&nbsp;&nbsp;&rArr;&nbsp;&nbsp;&nbsp;<a href="#[6]">MemManage_Handler</a><BR>
 <LI><a href="#[7]">BusFault_Handler</a>&nbsp;&nbsp;&nbsp;&rArr;&nbsp;&nbsp;&nbsp;<a href="#[7]">BusFault_Handler</a><BR>
 <LI><a href="#[8]">UsageFault_Handler</a>&nbsp;&nbsp;&nbsp;&rArr;&nbsp;&nbsp;&nbsp;<a href="#[8]">UsageFault_Handler</a><BR>
 <LI><a href="#[9]">SVC_Handler</a>&nbsp;&nbsp;&nbsp;&rArr;&nbsp;&nbsp;&nbsp;<a href="#[9]">SVC_Handler</a><BR>
 <LI><a href="#[a]">DebugMon_Handler</a>&nbsp;&nbsp;&nbsp;&rArr;&nbsp;&nbsp;&nbsp;<a href="#[a]">DebugMon_Handler</a><BR>
 <LI><a href="#[d]">GPIOA0_Handler</a>&nbsp;&nbsp;&nbsp;&rArr;&nbsp;&nbsp;&nbsp;<a href="#[d]">GPIOA0_Handler</a><BR>
 <LI><a href="#[e]">GPIOA1_Handler</a>&nbsp;&nbsp;&nbsp;&rArr;&nbsp;&nbsp;&nbsp;<a href="#[e]">GPIOA1_Handler</a><BR>
 <LI><a href="#[f]">GPIOA2_Handler</a>&nbsp;&nbsp;&nbsp;&rArr;&nbsp;&nbsp;&nbsp;<a href="#[f]">GPIOA2_Handler</a><BR>
 <LI><a href="#[10]">GPIOA3_Handler</a>&nbsp;&nbsp;&nbsp;&rArr;&nbsp;&nbsp;&nbsp;<a href="#[10]">GPIOA3_Handler</a><BR>
 <LI><a href="#[11]">GPIOA4_Handler</a>&nbsp;&nbsp;&nbsp;&rArr;&nbsp;&nbsp;&nbsp;<a href="#[11]">GPIOA4_Handler</a><BR>
 <LI><a href="#[12]">GPIOA5_Handler</a>&nbsp;&nbsp;&nbsp;&rArr;&nbsp;&nbsp;&nbsp;<a href="#[12]">GPIOA5_Handler</a><BR>
 <LI><a href="#[13]">GPIOA6_Handler</a>&nbsp;&nbsp;&nbsp;&rArr;&nbsp;&nbsp;&nbsp;<a href="#[13]">GPIOA6_Handler</a><BR>
 <LI><a href="#[14]">GPIOA7_Handler</a>&nbsp;&nbsp;&nbsp;&rArr;&nbsp;&nbsp;&nbsp;<a href="#[14]">GPIOA7_Handler</a><BR>
 <LI><a href="#[15]">GPIOB0_Handler</a>&nbsp;&nbsp;&nbsp;&rArr;&nbsp;&nbsp;&nbsp;<a href="#[15]">GPIOB0_Handler</a><BR>
 <LI><a href="#[16]">GPIOB1_Handler</a>&nbsp;&nbsp;&nbsp;&rArr;&nbsp;&nbsp;&nbsp;<a href="#[16]">GPIOB1_Handler</a><BR>
 <LI><a href="#[17]">GPIOB2_Handler</a>&nbsp;&nbsp;&nbsp;&rArr;&nbsp;&nbsp;&nbsp;<a href="#[17]">GPIOB2_Handler</a><BR>
 <LI><a href="#[18]">GPIOB3_Handler</a>&nbsp;&nbsp;&nbsp;&rArr;&nbsp;&nbsp;&nbsp;<a href="#[18]">GPIOB3_Handler</a><BR>
 <LI><a href="#[19]">GPIOB4_Handler</a>&nbsp;&nbsp;&nbsp;&rArr;&nbsp;&nbsp;&nbsp;<a href="#[19]">GPIOB4_Handler</a><BR>
 <LI><a href="#[1a]">GPIOB5_Handler</a>&nbsp;&nbsp;&nbsp;&rArr;&nbsp;&nbsp;&nbsp;<a href="#[1a]">GPIOB5_Handler</a><BR>
 <LI><a href="#[1b]">GPIOB6_Handler</a>&nbsp;&nbsp;&nbsp;&rArr;&nbsp;&nbsp;&nbsp;<a href="#[1b]">GPIOB6_Handler</a><BR>
 <LI><a href="#[1c]">GPIOB7_Handler</a>&nbsp;&nbsp;&nbsp;&rArr;&nbsp;&nbsp;&nbsp;<a href="#[1c]">GPIOB7_Handler</a><BR>
 <LI><a href="#[1d]">GPIOC0_Handler</a>&nbsp;&nbsp;&nbsp;&rArr;&nbsp;&nbsp;&nbsp;<a href="#[1d]">GPIOC0_Handler</a><BR>
 <LI><a href="#[1e]">GPIOC1_Handler</a>&nbsp;&nbsp;&nbsp;&rArr;&nbsp;&nbsp;&nbsp;<a href="#[1e]">GPIOC1_Handler</a><BR>
 <LI><a href="#[1f]">GPIOC2_Handler</a>&nbsp;&nbsp;&nbsp;&rArr;&nbsp;&nbsp;&nbsp;<a href="#[1f]">GPIOC2_Handler</a><BR>
 <LI><a href="#[20]">GPIOC3_Handler</a>&nbsp;&nbsp;&nbsp;&rArr;&nbsp;&nbsp;&nbsp;<a href="#[20]">GPIOC3_Handler</a><BR>
 <LI><a href="#[21]">GPIOC4_Handler</a>&nbsp;&nbsp;&nbsp;&rArr;&nbsp;&nbsp;&nbsp;<a href="#[21]">GPIOC4_Handler</a><BR>
 <LI><a href="#[22]">GPIOC5_Handler</a>&nbsp;&nbsp;&nbsp;&rArr;&nbsp;&nbsp;&nbsp;<a href="#[22]">GPIOC5_Handler</a><BR>
 <LI><a href="#[23]">GPIOC6_Handler</a>&nbsp;&nbsp;&nbsp;&rArr;&nbsp;&nbsp;&nbsp;<a href="#[23]">GPIOC6_Handler</a><BR>
 <LI><a href="#[24]">GPIOC7_Handler</a>&nbsp;&nbsp;&nbsp;&rArr;&nbsp;&nbsp;&nbsp;<a href="#[24]">GPIOC7_Handler</a><BR>
 <LI><a href="#[25]">GPIOM0_Handler</a>&nbsp;&nbsp;&nbsp;&rArr;&nbsp;&nbsp;&nbsp;<a href="#[25]">GPIOM0_Handler</a><BR>
 <LI><a href="#[26]">GPIOM1_Handler</a>&nbsp;&nbsp;&nbsp;&rArr;&nbsp;&nbsp;&nbsp;<a href="#[26]">GPIOM1_Handler</a><BR>
 <LI><a href="#[27]">GPIOM2_Handler</a>&nbsp;&nbsp;&nbsp;&rArr;&nbsp;&nbsp;&nbsp;<a href="#[27]">GPIOM2_Handler</a><BR>
 <LI><a href="#[28]">GPIOM3_Handler</a>&nbsp;&nbsp;&nbsp;&rArr;&nbsp;&nbsp;&nbsp;<a href="#[28]">GPIOM3_Handler</a><BR>
 <LI><a href="#[29]">GPIOM4_Handler</a>&nbsp;&nbsp;&nbsp;&rArr;&nbsp;&nbsp;&nbsp;<a href="#[29]">GPIOM4_Handler</a><BR>
 <LI><a href="#[2a]">GPIOM5_Handler</a>&nbsp;&nbsp;&nbsp;&rArr;&nbsp;&nbsp;&nbsp;<a href="#[2a]">GPIOM5_Handler</a><BR>
 <LI><a href="#[2b]">GPIOM6_Handler</a>&nbsp;&nbsp;&nbsp;&rArr;&nbsp;&nbsp;&nbsp;<a href="#[2b]">GPIOM6_Handler</a><BR>
 <LI><a href="#[2c]">GPIOM7_Handler</a>&nbsp;&nbsp;&nbsp;&rArr;&nbsp;&nbsp;&nbsp;<a href="#[2c]">GPIOM7_Handler</a><BR>
 <LI><a href="#[2d]">DMA_Handler</a>&nbsp;&nbsp;&nbsp;&rArr;&nbsp;&nbsp;&nbsp;<a href="#[2d]">DMA_Handler</a><BR>
 <LI><a href="#[2e]">LCD_Handler</a>&nbsp;&nbsp;&nbsp;&rArr;&nbsp;&nbsp;&nbsp;<a href="#[2e]">LCD_Handler</a><BR>
 <LI><a href="#[2f]">NORFLC_Handler</a>&nbsp;&nbsp;&nbsp;&rArr;&nbsp;&nbsp;&nbsp;<a href="#[2f]">NORFLC_Handler</a><BR>
 <LI><a href="#[30]">CAN_Handler</a>&nbsp;&nbsp;&nbsp;&rArr;&nbsp;&nbsp;&nbsp;<a href="#[30]">CAN_Handler</a><BR>
 <LI><a href="#[31]">PULSE_Handler</a>&nbsp;&nbsp;&nbsp;&rArr;&nbsp;&nbsp;&nbsp;<a href="#[31]">PULSE_Handler</a><BR>
 <LI><a href="#[32]">WDT_Handler</a>&nbsp;&nbsp;&nbsp;&rArr;&nbsp;&nbsp;&nbsp;<a href="#[32]">WDT_Handler</a><BR>
 <LI><a href="#[33]">PWM_Handler</a>&nbsp;&nbsp;&nbsp;&rArr;&nbsp;&nbsp;&nbsp;<a href="#[33]">PWM_Handler</a><BR>
 <LI><a href="#[35]">UART1_Handler</a>&nbsp;&nbsp;&nbsp;&rArr;&nbsp;&nbsp;&nbsp;<a href="#[35]">UART1_Handler</a><BR>
 <LI><a href="#[36]">UART2_Handler</a>&nbsp;&nbsp;&nbsp;&rArr;&nbsp;&nbsp;&nbsp;<a href="#[36]">UART2_Handler</a><BR>
 <LI><a href="#[37]">UART3_Handler</a>&nbsp;&nbsp;&nbsp;&rArr;&nbsp;&nbsp;&nbsp;<a href="#[37]">UART3_Handler</a><BR>
 <LI><a href="#[38]">I2C0_Handler</a>&nbsp;&nbsp;&nbsp;&rArr;&nbsp;&nbsp;&nbsp;<a href="#[38]">I2C0_Handler</a><BR>
 <LI><a href="#[39]">I2C1_Handler</a>&nbsp;&nbsp;&nbsp;&rArr;&nbsp;&nbsp;&nbsp;<a href="#[39]">I2C1_Handler</a><BR>
 <LI><a href="#[3a]">SPI0_Handler</a>&nbsp;&nbsp;&nbsp;&rArr;&nbsp;&nbsp;&nbsp;<a href="#[3a]">SPI0_Handler</a><BR>
 <LI><a href="#[3b]">ADC0_Handler</a>&nbsp;&nbsp;&nbsp;&rArr;&nbsp;&nbsp;&nbsp;<a href="#[3b]">ADC0_Handler</a><BR>
 <LI><a href="#[3c]">RTC_Handler</a>&nbsp;&nbsp;&nbsp;&rArr;&nbsp;&nbsp;&nbsp;<a href="#[3c]">RTC_Handler</a><BR>
 <LI><a href="#[3d]">ANAC_Handler</a>&nbsp;&nbsp;&nbsp;&rArr;&nbsp;&nbsp;&nbsp;<a href="#[3d]">ANAC_Handler</a><BR>
 <LI><a href="#[3e]">SDIO_Handler</a>&nbsp;&nbsp;&nbsp;&rArr;&nbsp;&nbsp;&nbsp;<a href="#[3e]">SDIO_Handler</a><BR>
 <LI><a href="#[45]">ADC1_Handler</a>&nbsp;&nbsp;&nbsp;&rArr;&nbsp;&nbsp;&nbsp;<a href="#[45]">ADC1_Handler</a><BR>
 <LI><a href="#[46]">FPU_Handler</a>&nbsp;&nbsp;&nbsp;&rArr;&nbsp;&nbsp;&nbsp;<a href="#[46]">FPU_Handler</a><BR>
 <LI><a href="#[47]">SPI1_Handler</a>&nbsp;&nbsp;&nbsp;&rArr;&nbsp;&nbsp;&nbsp;<a href="#[47]">SPI1_Handler</a><BR>
 <LI><a href="#[48]">TIMR0_Handler</a>&nbsp;&nbsp;&nbsp;&rArr;&nbsp;&nbsp;&nbsp;<a href="#[48]">TIMR0_Handler</a><BR>
 <LI><a href="#[49]">TIMR1_Handler</a>&nbsp;&nbsp;&nbsp;&rArr;&nbsp;&nbsp;&nbsp;<a href="#[49]">TIMR1_Handler</a><BR>
 <LI><a href="#[4a]">TIMR2_Handler</a>&nbsp;&nbsp;&nbsp;&rArr;&nbsp;&nbsp;&nbsp;<a href="#[4a]">TIMR2_Handler</a><BR>
 <LI><a href="#[4b]">TIMR3_Handler</a>&nbsp;&nbsp;&nbsp;&rArr;&nbsp;&nbsp;&nbsp;<a href="#[4b]">TIMR3_Handler</a><BR>
 <LI><a href="#[4c]">TIMR4_Handler</a>&nbsp;&nbsp;&nbsp;&rArr;&nbsp;&nbsp;&nbsp;<a href="#[4c]">TIMR4_Handler</a><BR>
 <LI><a href="#[4d]">TIMR5_Handler</a>&nbsp;&nbsp;&nbsp;&rArr;&nbsp;&nbsp;&nbsp;<a href="#[4d]">TIMR5_Handler</a><BR>
 <LI><a href="#[e2]">rt_assert_handler</a>&nbsp;&nbsp;&nbsp;&rArr;&nbsp;&nbsp;&nbsp;<a href="#[fb]">rt_kprintf</a><BR>
 <LI><a href="#[171]">proc_expr</a>&nbsp;&nbsp;&nbsp;&rArr;&nbsp;&nbsp;&nbsp;<a href="#[16b]">proc_assign_expr</a><BR>
 <LI><a href="#[173]">proc_param_list</a>&nbsp;&nbsp;&nbsp;&rArr;&nbsp;&nbsp;&nbsp;<a href="#[16b]">proc_assign_expr</a><BR>
 <LI><a href="#[16f]">proc_unary_expr</a>&nbsp;&nbsp;&nbsp;&rArr;&nbsp;&nbsp;&nbsp;<a href="#[16d]">proc_cast_expr</a><BR>
 <LI><a href="#[16d]">proc_cast_expr</a>&nbsp;&nbsp;&nbsp;&rArr;&nbsp;&nbsp;&nbsp;<a href="#[16d]">proc_cast_expr</a><BR>
 <LI><a href="#[16b]">proc_assign_expr</a>&nbsp;&nbsp;&nbsp;&rArr;&nbsp;&nbsp;&nbsp;<a href="#[16b]">proc_assign_expr</a><BR>
 <LI><a href="#[10e]">finsh_type_check</a>&nbsp;&nbsp;&nbsp;&rArr;&nbsp;&nbsp;&nbsp;<a href="#[10e]">finsh_type_check</a><BR>
 <LI><a href="#[10b]">finsh_compile</a>&nbsp;&nbsp;&nbsp;&rArr;&nbsp;&nbsp;&nbsp;<a href="#[10b]">finsh_compile</a><BR>
</UL>
<P>
<H3>
Function Pointers
</H3><UL>
 <LI><a href="#[3b]">ADC0_Handler</a> from startup_swm320.o(.text) referenced from startup_swm320.o(RESET)
 <LI><a href="#[45]">ADC1_Handler</a> from startup_swm320.o(.text) referenced from startup_swm320.o(RESET)
 <LI><a href="#[3d]">ANAC_Handler</a> from startup_swm320.o(.text) referenced from startup_swm320.o(RESET)
 <LI><a href="#[7]">BusFault_Handler</a> from startup_swm320.o(.text) referenced from startup_swm320.o(RESET)
 <LI><a href="#[30]">CAN_Handler</a> from startup_swm320.o(.text) referenced from startup_swm320.o(RESET)
 <LI><a href="#[2d]">DMA_Handler</a> from startup_swm320.o(.text) referenced from startup_swm320.o(RESET)
 <LI><a href="#[a]">DebugMon_Handler</a> from startup_swm320.o(.text) referenced from startup_swm320.o(RESET)
 <LI><a href="#[46]">FPU_Handler</a> from startup_swm320.o(.text) referenced from startup_swm320.o(RESET)
 <LI><a href="#[d]">GPIOA0_Handler</a> from startup_swm320.o(.text) referenced from startup_swm320.o(RESET)
 <LI><a href="#[e]">GPIOA1_Handler</a> from startup_swm320.o(.text) referenced from startup_swm320.o(RESET)
 <LI><a href="#[f]">GPIOA2_Handler</a> from startup_swm320.o(.text) referenced from startup_swm320.o(RESET)
 <LI><a href="#[10]">GPIOA3_Handler</a> from startup_swm320.o(.text) referenced from startup_swm320.o(RESET)
 <LI><a href="#[11]">GPIOA4_Handler</a> from startup_swm320.o(.text) referenced from startup_swm320.o(RESET)
 <LI><a href="#[12]">GPIOA5_Handler</a> from startup_swm320.o(.text) referenced from startup_swm320.o(RESET)
 <LI><a href="#[13]">GPIOA6_Handler</a> from startup_swm320.o(.text) referenced from startup_swm320.o(RESET)
 <LI><a href="#[14]">GPIOA7_Handler</a> from startup_swm320.o(.text) referenced from startup_swm320.o(RESET)
 <LI><a href="#[3f]">GPIOA_Handler</a> from drv_gpio.o(i.GPIOA_Handler) referenced from startup_swm320.o(RESET)
 <LI><a href="#[15]">GPIOB0_Handler</a> from startup_swm320.o(.text) referenced from startup_swm320.o(RESET)
 <LI><a href="#[16]">GPIOB1_Handler</a> from startup_swm320.o(.text) referenced from startup_swm320.o(RESET)
 <LI><a href="#[17]">GPIOB2_Handler</a> from startup_swm320.o(.text) referenced from startup_swm320.o(RESET)
 <LI><a href="#[18]">GPIOB3_Handler</a> from startup_swm320.o(.text) referenced from startup_swm320.o(RESET)
 <LI><a href="#[19]">GPIOB4_Handler</a> from startup_swm320.o(.text) referenced from startup_swm320.o(RESET)
 <LI><a href="#[1a]">GPIOB5_Handler</a> from startup_swm320.o(.text) referenced from startup_swm320.o(RESET)
 <LI><a href="#[1b]">GPIOB6_Handler</a> from startup_swm320.o(.text) referenced from startup_swm320.o(RESET)
 <LI><a href="#[1c]">GPIOB7_Handler</a> from startup_swm320.o(.text) referenced from startup_swm320.o(RESET)
 <LI><a href="#[40]">GPIOB_Handler</a> from drv_gpio.o(i.GPIOB_Handler) referenced from startup_swm320.o(RESET)
 <LI><a href="#[1d]">GPIOC0_Handler</a> from startup_swm320.o(.text) referenced from startup_swm320.o(RESET)
 <LI><a href="#[1e]">GPIOC1_Handler</a> from startup_swm320.o(.text) referenced from startup_swm320.o(RESET)
 <LI><a href="#[1f]">GPIOC2_Handler</a> from startup_swm320.o(.text) referenced from startup_swm320.o(RESET)
 <LI><a href="#[20]">GPIOC3_Handler</a> from startup_swm320.o(.text) referenced from startup_swm320.o(RESET)
 <LI><a href="#[21]">GPIOC4_Handler</a> from startup_swm320.o(.text) referenced from startup_swm320.o(RESET)
 <LI><a href="#[22]">GPIOC5_Handler</a> from startup_swm320.o(.text) referenced from startup_swm320.o(RESET)
 <LI><a href="#[23]">GPIOC6_Handler</a> from startup_swm320.o(.text) referenced from startup_swm320.o(RESET)
 <LI><a href="#[24]">GPIOC7_Handler</a> from startup_swm320.o(.text) referenced from startup_swm320.o(RESET)
 <LI><a href="#[41]">GPIOC_Handler</a> from drv_gpio.o(i.GPIOC_Handler) referenced from startup_swm320.o(RESET)
 <LI><a href="#[25]">GPIOM0_Handler</a> from startup_swm320.o(.text) referenced from startup_swm320.o(RESET)
 <LI><a href="#[26]">GPIOM1_Handler</a> from startup_swm320.o(.text) referenced from startup_swm320.o(RESET)
 <LI><a href="#[27]">GPIOM2_Handler</a> from startup_swm320.o(.text) referenced from startup_swm320.o(RESET)
 <LI><a href="#[28]">GPIOM3_Handler</a> from startup_swm320.o(.text) referenced from startup_swm320.o(RESET)
 <LI><a href="#[29]">GPIOM4_Handler</a> from startup_swm320.o(.text) referenced from startup_swm320.o(RESET)
 <LI><a href="#[2a]">GPIOM5_Handler</a> from startup_swm320.o(.text) referenced from startup_swm320.o(RESET)
 <LI><a href="#[2b]">GPIOM6_Handler</a> from startup_swm320.o(.text) referenced from startup_swm320.o(RESET)
 <LI><a href="#[2c]">GPIOM7_Handler</a> from startup_swm320.o(.text) referenced from startup_swm320.o(RESET)
 <LI><a href="#[42]">GPIOM_Handler</a> from drv_gpio.o(i.GPIOM_Handler) referenced from startup_swm320.o(RESET)
 <LI><a href="#[43]">GPION_Handler</a> from drv_gpio.o(i.GPION_Handler) referenced from startup_swm320.o(RESET)
 <LI><a href="#[44]">GPIOP_Handler</a> from drv_gpio.o(i.GPIOP_Handler) referenced from startup_swm320.o(RESET)
 <LI><a href="#[5]">HardFault_Handler</a> from context_rvds.o(.text) referenced from startup_swm320.o(RESET)
 <LI><a href="#[38]">I2C0_Handler</a> from startup_swm320.o(.text) referenced from startup_swm320.o(RESET)
 <LI><a href="#[39]">I2C1_Handler</a> from startup_swm320.o(.text) referenced from startup_swm320.o(RESET)
 <LI><a href="#[2e]">LCD_Handler</a> from startup_swm320.o(.text) referenced from startup_swm320.o(RESET)
 <LI><a href="#[6]">MemManage_Handler</a> from startup_swm320.o(.text) referenced from startup_swm320.o(RESET)
 <LI><a href="#[4]">NMI_Handler</a> from startup_swm320.o(.text) referenced from startup_swm320.o(RESET)
 <LI><a href="#[2f]">NORFLC_Handler</a> from startup_swm320.o(.text) referenced from startup_swm320.o(RESET)
 <LI><a href="#[6a]">OP_add_byte</a> from finsh_ops.o(i.OP_add_byte) referenced from finsh_ops.o(.constdata)
 <LI><a href="#[6c]">OP_add_dword</a> from finsh_ops.o(i.OP_add_dword) referenced from finsh_ops.o(.constdata)
 <LI><a href="#[6b]">OP_add_word</a> from finsh_ops.o(i.OP_add_word) referenced from finsh_ops.o(.constdata)
 <LI><a href="#[79]">OP_and_byte</a> from finsh_ops.o(i.OP_and_byte) referenced from finsh_ops.o(.constdata)
 <LI><a href="#[7b]">OP_and_dword</a> from finsh_ops.o(i.OP_and_dword) referenced from finsh_ops.o(.constdata)
 <LI><a href="#[7a]">OP_and_word</a> from finsh_ops.o(i.OP_and_word) referenced from finsh_ops.o(.constdata)
 <LI><a href="#[82]">OP_bw_byte</a> from finsh_ops.o(i.OP_bw_byte) referenced from finsh_ops.o(.constdata)
 <LI><a href="#[84]">OP_bw_dword</a> from finsh_ops.o(i.OP_bw_dword) referenced from finsh_ops.o(.constdata)
 <LI><a href="#[83]">OP_bw_word</a> from finsh_ops.o(i.OP_bw_word) referenced from finsh_ops.o(.constdata)
 <LI><a href="#[95]">OP_call</a> from finsh_ops.o(i.OP_call) referenced from finsh_ops.o(.constdata)
 <LI><a href="#[70]">OP_div_byte</a> from finsh_ops.o(i.OP_div_byte) referenced from finsh_ops.o(.constdata)
 <LI><a href="#[72]">OP_div_dword</a> from finsh_ops.o(i.OP_div_dword) referenced from finsh_ops.o(.constdata)
 <LI><a href="#[71]">OP_div_word</a> from finsh_ops.o(i.OP_div_word) referenced from finsh_ops.o(.constdata)
 <LI><a href="#[8b]">OP_ld_byte</a> from finsh_ops.o(i.OP_ld_byte) referenced from finsh_ops.o(.constdata)
 <LI><a href="#[8d]">OP_ld_dword</a> from finsh_ops.o(i.OP_ld_dword) referenced from finsh_ops.o(.constdata)
 <LI><a href="#[8e]">OP_ld_value_byte</a> from finsh_ops.o(i.OP_ld_value_byte) referenced from finsh_ops.o(.constdata)
 <LI><a href="#[96]">OP_ld_value_byte_stack</a> from finsh_ops.o(i.OP_ld_value_byte_stack) referenced from finsh_ops.o(.constdata)
 <LI><a href="#[90]">OP_ld_value_dword</a> from finsh_ops.o(i.OP_ld_value_dword) referenced from finsh_ops.o(.constdata)
 <LI><a href="#[98]">OP_ld_value_dword_stack</a> from finsh_ops.o(i.OP_ld_value_dword_stack) referenced from finsh_ops.o(.constdata)
 <LI><a href="#[8f]">OP_ld_value_word</a> from finsh_ops.o(i.OP_ld_value_word) referenced from finsh_ops.o(.constdata)
 <LI><a href="#[97]">OP_ld_value_word_stack</a> from finsh_ops.o(i.OP_ld_value_word_stack) referenced from finsh_ops.o(.constdata)
 <LI><a href="#[8c]">OP_ld_word</a> from finsh_ops.o(i.OP_ld_word) referenced from finsh_ops.o(.constdata)
 <LI><a href="#[73]">OP_mod_byte</a> from finsh_ops.o(i.OP_mod_byte) referenced from finsh_ops.o(.constdata)
 <LI><a href="#[75]">OP_mod_dword</a> from finsh_ops.o(i.OP_mod_dword) referenced from finsh_ops.o(.constdata)
 <LI><a href="#[74]">OP_mod_word</a> from finsh_ops.o(i.OP_mod_word) referenced from finsh_ops.o(.constdata)
 <LI><a href="#[76]">OP_mul_byte</a> from finsh_ops.o(i.OP_mul_byte) referenced from finsh_ops.o(.constdata)
 <LI><a href="#[78]">OP_mul_dword</a> from finsh_ops.o(i.OP_mul_dword) referenced from finsh_ops.o(.constdata)
 <LI><a href="#[77]">OP_mul_word</a> from finsh_ops.o(i.OP_mul_word) referenced from finsh_ops.o(.constdata)
 <LI><a href="#[69]">OP_no_op</a> from finsh_ops.o(i.OP_no_op) referenced from finsh_ops.o(.constdata)
 <LI><a href="#[7c]">OP_or_byte</a> from finsh_ops.o(i.OP_or_byte) referenced from finsh_ops.o(.constdata)
 <LI><a href="#[7e]">OP_or_dword</a> from finsh_ops.o(i.OP_or_dword) referenced from finsh_ops.o(.constdata)
 <LI><a href="#[7d]">OP_or_word</a> from finsh_ops.o(i.OP_or_word) referenced from finsh_ops.o(.constdata)
 <LI><a href="#[94]">OP_pop</a> from finsh_ops.o(i.OP_pop) referenced from finsh_ops.o(.constdata)
 <LI><a href="#[85]">OP_shl_byte</a> from finsh_ops.o(i.OP_shl_byte) referenced from finsh_ops.o(.constdata)
 <LI><a href="#[87]">OP_shl_dword</a> from finsh_ops.o(i.OP_shl_dword) referenced from finsh_ops.o(.constdata)
 <LI><a href="#[86]">OP_shl_word</a> from finsh_ops.o(i.OP_shl_word) referenced from finsh_ops.o(.constdata)
 <LI><a href="#[88]">OP_shr_byte</a> from finsh_ops.o(i.OP_shr_byte) referenced from finsh_ops.o(.constdata)
 <LI><a href="#[8a]">OP_shr_dword</a> from finsh_ops.o(i.OP_shr_dword) referenced from finsh_ops.o(.constdata)
 <LI><a href="#[89]">OP_shr_word</a> from finsh_ops.o(i.OP_shr_word) referenced from finsh_ops.o(.constdata)
 <LI><a href="#[91]">OP_st_byte</a> from finsh_ops.o(i.OP_st_byte) referenced from finsh_ops.o(.constdata)
 <LI><a href="#[93]">OP_st_dword</a> from finsh_ops.o(i.OP_st_dword) referenced from finsh_ops.o(.constdata)
 <LI><a href="#[92]">OP_st_word</a> from finsh_ops.o(i.OP_st_word) referenced from finsh_ops.o(.constdata)
 <LI><a href="#[6d]">OP_sub_byte</a> from finsh_ops.o(i.OP_sub_byte) referenced from finsh_ops.o(.constdata)
 <LI><a href="#[6f]">OP_sub_dword</a> from finsh_ops.o(i.OP_sub_dword) referenced from finsh_ops.o(.constdata)
 <LI><a href="#[6e]">OP_sub_word</a> from finsh_ops.o(i.OP_sub_word) referenced from finsh_ops.o(.constdata)
 <LI><a href="#[7f]">OP_xor_byte</a> from finsh_ops.o(i.OP_xor_byte) referenced from finsh_ops.o(.constdata)
 <LI><a href="#[81]">OP_xor_dword</a> from finsh_ops.o(i.OP_xor_dword) referenced from finsh_ops.o(.constdata)
 <LI><a href="#[80]">OP_xor_word</a> from finsh_ops.o(i.OP_xor_word) referenced from finsh_ops.o(.constdata)
 <LI><a href="#[31]">PULSE_Handler</a> from startup_swm320.o(.text) referenced from startup_swm320.o(RESET)
 <LI><a href="#[33]">PWM_Handler</a> from startup_swm320.o(.text) referenced from startup_swm320.o(RESET)
 <LI><a href="#[b]">PendSV_Handler</a> from context_rvds.o(.text) referenced from startup_swm320.o(RESET)
 <LI><a href="#[3c]">RTC_Handler</a> from startup_swm320.o(.text) referenced from startup_swm320.o(RESET)
 <LI><a href="#[3]">Reset_Handler</a> from startup_swm320.o(.text) referenced from startup_swm320.o(RESET)
 <LI><a href="#[3e]">SDIO_Handler</a> from startup_swm320.o(.text) referenced from startup_swm320.o(RESET)
 <LI><a href="#[3a]">SPI0_Handler</a> from startup_swm320.o(.text) referenced from startup_swm320.o(RESET)
 <LI><a href="#[47]">SPI1_Handler</a> from startup_swm320.o(.text) referenced from startup_swm320.o(RESET)
 <LI><a href="#[9]">SVC_Handler</a> from startup_swm320.o(.text) referenced from startup_swm320.o(RESET)
 <LI><a href="#[c]">SysTick_Handler</a> from board.o(i.SysTick_Handler) referenced from startup_swm320.o(RESET)
 <LI><a href="#[48]">TIMR0_Handler</a> from startup_swm320.o(.text) referenced from startup_swm320.o(RESET)
 <LI><a href="#[49]">TIMR1_Handler</a> from startup_swm320.o(.text) referenced from startup_swm320.o(RESET)
 <LI><a href="#[4a]">TIMR2_Handler</a> from startup_swm320.o(.text) referenced from startup_swm320.o(RESET)
 <LI><a href="#[4b]">TIMR3_Handler</a> from startup_swm320.o(.text) referenced from startup_swm320.o(RESET)
 <LI><a href="#[4c]">TIMR4_Handler</a> from startup_swm320.o(.text) referenced from startup_swm320.o(RESET)
 <LI><a href="#[4d]">TIMR5_Handler</a> from startup_swm320.o(.text) referenced from startup_swm320.o(RESET)
 <LI><a href="#[34]">UART0_Handler</a> from drv_uart.o(i.UART0_Handler) referenced from startup_swm320.o(RESET)
 <LI><a href="#[35]">UART1_Handler</a> from startup_swm320.o(.text) referenced from startup_swm320.o(RESET)
 <LI><a href="#[36]">UART2_Handler</a> from startup_swm320.o(.text) referenced from startup_swm320.o(RESET)
 <LI><a href="#[37]">UART3_Handler</a> from startup_swm320.o(.text) referenced from startup_swm320.o(RESET)
 <LI><a href="#[8]">UsageFault_Handler</a> from startup_swm320.o(.text) referenced from startup_swm320.o(RESET)
 <LI><a href="#[32]">WDT_Handler</a> from startup_swm320.o(.text) referenced from startup_swm320.o(RESET)
 <LI><a href="#[bc]">__main</a> from __main.o(!!!main) referenced from startup_swm320.o(.text)
 <LI><a href="#[4f]">_get_lc_ctype</a> from lc_ctype_c.o(locale$$code) referenced from rt_ctype_table.o(.text)
 <LI><a href="#[57]">_pin_control</a> from pin.o(i._pin_control) referenced from pin.o(i.rt_device_pin_register)
 <LI><a href="#[55]">_pin_read</a> from pin.o(i._pin_read) referenced from pin.o(i.rt_device_pin_register)
 <LI><a href="#[56]">_pin_write</a> from pin.o(i._pin_write) referenced from pin.o(i.rt_device_pin_register)
 <LI><a href="#[bb]">cmd_free</a> from msh_cmd.o(i.cmd_free) referenced from msh_cmd.o(FSymTab)
 <LI><a href="#[b9]">cmd_ps</a> from msh_cmd.o(i.cmd_ps) referenced from msh_cmd.o(FSymTab)
 <LI><a href="#[ba]">cmd_time</a> from msh_cmd.o(i.cmd_time) referenced from msh_cmd.o(FSymTab)
 <LI><a href="#[52]">finsh_rx_ind</a> from shell.o(i.finsh_rx_ind) referenced from shell.o(i.finsh_set_device)
 <LI><a href="#[9e]">finsh_system_init</a> from shell.o(i.finsh_system_init) referenced from shell.o(.rti_fn.6)
 <LI><a href="#[53]">finsh_thread_entry</a> from shell.o(i.finsh_thread_entry) referenced from shell.o(i.finsh_system_init)
 <LI><a href="#[a9]">hello</a> from cmd.o(i.hello) referenced from cmd.o(FSymTab)
 <LI><a href="#[b5]">list</a> from cmd.o(i.list) referenced from cmd.o(FSymTab)
 <LI><a href="#[b4]">list_device</a> from cmd.o(i.list_device) referenced 2 times from cmd.o(FSymTab)
 <LI><a href="#[ad]">list_event</a> from cmd.o(i.list_event) referenced 2 times from cmd.o(FSymTab)
 <LI><a href="#[af]">list_mailbox</a> from cmd.o(i.list_mailbox) referenced 2 times from cmd.o(FSymTab)
 <LI><a href="#[a0]">list_mem</a> from mem.o(i.list_mem) referenced from mem.o(FSymTab)
 <LI><a href="#[b1]">list_memheap</a> from cmd.o(i.list_memheap) referenced 2 times from cmd.o(FSymTab)
 <LI><a href="#[b2]">list_mempool</a> from cmd.o(i.list_mempool) referenced 2 times from cmd.o(FSymTab)
 <LI><a href="#[b0]">list_msgqueue</a> from cmd.o(i.list_msgqueue) referenced 2 times from cmd.o(FSymTab)
 <LI><a href="#[ae]">list_mutex</a> from cmd.o(i.list_mutex) referenced 2 times from cmd.o(FSymTab)
 <LI><a href="#[ac]">list_sem</a> from cmd.o(i.list_sem) referenced 2 times from cmd.o(FSymTab)
 <LI><a href="#[ab]">list_thread</a> from cmd.o(i.list_thread) referenced 2 times from cmd.o(FSymTab)
 <LI><a href="#[b3]">list_timer</a> from cmd.o(i.list_timer) referenced 2 times from cmd.o(FSymTab)
 <LI><a href="#[54]">main_thread_entry</a> from components.o(i.main_thread_entry) referenced from components.o(i.rt_application_init)
 <LI><a href="#[b7]">msh_enter</a> from msh.o(i.msh_enter) referenced from msh.o(FSymTab)
 <LI><a href="#[b6]">msh_exit</a> from msh.o(i.msh_exit) referenced from msh.o(FSymTab)
 <LI><a href="#[b8]">msh_help</a> from msh.o(i.msh_help) referenced from msh.o(FSymTab)
 <LI><a href="#[a7]">pwm_disable</a> from rt_drv_pwm.o(i.pwm_disable) referenced from rt_drv_pwm.o(FSymTab)
 <LI><a href="#[a6]">pwm_enable</a> from rt_drv_pwm.o(i.pwm_enable) referenced from rt_drv_pwm.o(FSymTab)
 <LI><a href="#[a8]">pwm_set</a> from rt_drv_pwm.o(i.pwm_set) referenced from rt_drv_pwm.o(FSymTab)
 <LI><a href="#[9b]">rt_hw_pin_init</a> from drv_gpio.o(i.rt_hw_pin_init) referenced from drv_gpio.o(.rti_fn.1)
 <LI><a href="#[9c]">rt_hw_uart_init</a> from drv_uart.o(i.rt_hw_uart_init) referenced from drv_uart.o(.rti_fn.1)
 <LI><a href="#[a1]">rt_pin_mode</a> from pin.o(i.rt_pin_mode) referenced from pin.o(FSymTab)
 <LI><a href="#[a3]">rt_pin_read</a> from pin.o(i.rt_pin_read) referenced from pin.o(FSymTab)
 <LI><a href="#[a2]">rt_pin_write</a> from pin.o(i.rt_pin_write) referenced from pin.o(FSymTab)
 <LI><a href="#[a4]">rt_pwm_enable</a> from rt_drv_pwm.o(i.rt_pwm_enable) referenced from rt_drv_pwm.o(FSymTab)
 <LI><a href="#[a5]">rt_pwm_set</a> from rt_drv_pwm.o(i.rt_pwm_set) referenced from rt_drv_pwm.o(FSymTab)
 <LI><a href="#[5a]">rt_serial_close</a> from serial.o(i.rt_serial_close) referenced from serial.o(i.rt_hw_serial_register)
 <LI><a href="#[5d]">rt_serial_control</a> from serial.o(i.rt_serial_control) referenced from serial.o(i.rt_hw_serial_register)
 <LI><a href="#[58]">rt_serial_init</a> from serial.o(i.rt_serial_init) referenced from serial.o(i.rt_hw_serial_register)
 <LI><a href="#[59]">rt_serial_open</a> from serial.o(i.rt_serial_open) referenced from serial.o(i.rt_hw_serial_register)
 <LI><a href="#[5b]">rt_serial_read</a> from serial.o(i.rt_serial_read) referenced from serial.o(i.rt_hw_serial_register)
 <LI><a href="#[5c]">rt_serial_write</a> from serial.o(i.rt_serial_write) referenced from serial.o(i.rt_hw_serial_register)
 <LI><a href="#[50]">rt_thread_exit</a> from thread.o(i.rt_thread_exit) referenced from thread.o(i._rt_thread_init)
 <LI><a href="#[5e]">rt_thread_idle_entry</a> from idle.o(i.rt_thread_idle_entry) referenced from idle.o(i.rt_thread_idle_init)
 <LI><a href="#[51]">rt_thread_timeout</a> from thread.o(i.rt_thread_timeout) referenced from thread.o(i._rt_thread_init)
 <LI><a href="#[9d]">rti_board_end</a> from components.o(i.rti_board_end) referenced from components.o(.rti_fn.1.end)
 <LI><a href="#[9a]">rti_board_start</a> from components.o(i.rti_board_start) referenced from components.o(.rti_fn.0.end)
 <LI><a href="#[9f]">rti_end</a> from components.o(i.rti_end) referenced from components.o(.rti_fn.6.end)
 <LI><a href="#[99]">rti_start</a> from components.o(i.rti_start) referenced from components.o(.rti_fn.0)
 <LI><a href="#[62]">swm320_pin_attach_irq</a> from drv_gpio.o(i.swm320_pin_attach_irq) referenced from drv_gpio.o(.constdata)
 <LI><a href="#[63]">swm320_pin_detach_irq</a> from drv_gpio.o(i.swm320_pin_detach_irq) referenced from drv_gpio.o(.constdata)
 <LI><a href="#[64]">swm320_pin_irq_enable</a> from drv_gpio.o(i.swm320_pin_irq_enable) referenced from drv_gpio.o(.constdata)
 <LI><a href="#[5f]">swm320_pin_mode</a> from drv_gpio.o(i.swm320_pin_mode) referenced from drv_gpio.o(.constdata)
 <LI><a href="#[61]">swm320_pin_read</a> from drv_gpio.o(i.swm320_pin_read) referenced from drv_gpio.o(.constdata)
 <LI><a href="#[60]">swm320_pin_write</a> from drv_gpio.o(i.swm320_pin_write) referenced from drv_gpio.o(.constdata)
 <LI><a href="#[65]">swm320_uart_configure</a> from drv_uart.o(i.swm320_uart_configure) referenced from drv_uart.o(.constdata)
 <LI><a href="#[66]">swm320_uart_control</a> from drv_uart.o(i.swm320_uart_control) referenced from drv_uart.o(.constdata)
 <LI><a href="#[68]">swm320_uart_getc</a> from drv_uart.o(i.swm320_uart_getc) referenced from drv_uart.o(.constdata)
 <LI><a href="#[67]">swm320_uart_putc</a> from drv_uart.o(i.swm320_uart_putc) referenced from drv_uart.o(.constdata)
 <LI><a href="#[aa]">version</a> from cmd.o(i.version) referenced 2 times from cmd.o(FSymTab)
</UL>
<P>
<H3>
Global Symbols
</H3>
<P><STRONG><a name="[bc]"></a>__main</STRONG> (Thumb, 8 bytes, Stack size 0 bytes, __main.o(!!!main))
<BR><BR>[Calls]<UL><LI><a href="#[be]">&gt;&gt;</a>&nbsp;&nbsp;&nbsp;__rt_entry
<LI><a href="#[bd]">&gt;&gt;</a>&nbsp;&nbsp;&nbsp;__scatterload
</UL>

<P><STRONG><a name="[bd]"></a>__scatterload</STRONG> (Thumb, 0 bytes, Stack size unknown bytes, __scatter.o(!!!scatter))
<BR><BR>[Called By]<UL><LI><a href="#[bc]">&gt;&gt;</a>&nbsp;&nbsp;&nbsp;__main
</UL>

<P><STRONG><a name="[bf]"></a>__scatterload_rt2</STRONG> (Thumb, 44 bytes, Stack size unknown bytes, __scatter.o(!!!scatter), UNUSED)
<BR><BR>[Calls]<UL><LI><a href="#[be]">&gt;&gt;</a>&nbsp;&nbsp;&nbsp;__rt_entry
</UL>

<P><STRONG><a name="[1d4]"></a>__scatterload_rt2_thumb_only</STRONG> (Thumb, 0 bytes, Stack size unknown bytes, __scatter.o(!!!scatter), UNUSED)

<P><STRONG><a name="[1d5]"></a>__scatterload_null</STRONG> (Thumb, 0 bytes, Stack size unknown bytes, __scatter.o(!!!scatter), UNUSED)

<P><STRONG><a name="[1d6]"></a>__decompress</STRONG> (Thumb, 90 bytes, Stack size unknown bytes, __dczerorl2.o(!!dczerorl2), UNUSED)

<P><STRONG><a name="[1d7]"></a>__decompress1</STRONG> (Thumb, 0 bytes, Stack size unknown bytes, __dczerorl2.o(!!dczerorl2), UNUSED)

<P><STRONG><a name="[1d8]"></a>__scatterload_zeroinit</STRONG> (Thumb, 28 bytes, Stack size unknown bytes, __scatter_zi.o(!!handler_zi), UNUSED)

<P><STRONG><a name="[c6]"></a>__rt_lib_init</STRONG> (Thumb, 0 bytes, Stack size unknown bytes, libinit.o(.ARM.Collect$$libinit$$00000000))
<BR><BR>[Called By]<UL><LI><a href="#[c5]">&gt;&gt;</a>&nbsp;&nbsp;&nbsp;__rt_entry_li
</UL>

<P><STRONG><a name="[1d9]"></a>__rt_lib_init_fp_1</STRONG> (Thumb, 0 bytes, Stack size unknown bytes, libinit2.o(.ARM.Collect$$libinit$$00000002))

<P><STRONG><a name="[1da]"></a>__rt_lib_init_heap_1</STRONG> (Thumb, 0 bytes, Stack size unknown bytes, libinit2.o(.ARM.Collect$$libinit$$0000000A))

<P><STRONG><a name="[c0]"></a>__rt_lib_init_lc_common</STRONG> (Thumb, 0 bytes, Stack size unknown bytes, libinit2.o(.ARM.Collect$$libinit$$0000000F))
<BR><BR>[Calls]<UL><LI><a href="#[c1]">&gt;&gt;</a>&nbsp;&nbsp;&nbsp;__rt_locale
</UL>

<P><STRONG><a name="[1db]"></a>__rt_lib_init_preinit_1</STRONG> (Thumb, 0 bytes, Stack size unknown bytes, libinit2.o(.ARM.Collect$$libinit$$00000004))

<P><STRONG><a name="[1dc]"></a>__rt_lib_init_rand_1</STRONG> (Thumb, 0 bytes, Stack size unknown bytes, libinit2.o(.ARM.Collect$$libinit$$0000000E))

<P><STRONG><a name="[1dd]"></a>__rt_lib_init_user_alloc_1</STRONG> (Thumb, 0 bytes, Stack size unknown bytes, libinit2.o(.ARM.Collect$$libinit$$0000000C))

<P><STRONG><a name="[1de]"></a>__rt_lib_init_lc_collate_1</STRONG> (Thumb, 0 bytes, Stack size unknown bytes, libinit2.o(.ARM.Collect$$libinit$$00000011))

<P><STRONG><a name="[c2]"></a>__rt_lib_init_lc_ctype_2</STRONG> (Thumb, 0 bytes, Stack size unknown bytes, libinit2.o(.ARM.Collect$$libinit$$00000012))
<BR><BR>[Stack]<UL><LI>Max Depth = 8 + Unknown Stack Size
<LI>Call Chain = __rt_lib_init_lc_ctype_2 &rArr; _get_lc_ctype
</UL>
<BR>[Calls]<UL><LI><a href="#[4f]">&gt;&gt;</a>&nbsp;&nbsp;&nbsp;_get_lc_ctype
</UL>

<P><STRONG><a name="[1df]"></a>__rt_lib_init_alloca_1</STRONG> (Thumb, 0 bytes, Stack size unknown bytes, libinit2.o(.ARM.Collect$$libinit$$0000002E))

<P><STRONG><a name="[1e0]"></a>__rt_lib_init_argv_1</STRONG> (Thumb, 0 bytes, Stack size unknown bytes, libinit2.o(.ARM.Collect$$libinit$$0000002C))

<P><STRONG><a name="[1e1]"></a>__rt_lib_init_atexit_1</STRONG> (Thumb, 0 bytes, Stack size unknown bytes, libinit2.o(.ARM.Collect$$libinit$$0000001B))

<P><STRONG><a name="[1e2]"></a>__rt_lib_init_clock_1</STRONG> (Thumb, 0 bytes, Stack size unknown bytes, libinit2.o(.ARM.Collect$$libinit$$00000021))

<P><STRONG><a name="[1e3]"></a>__rt_lib_init_cpp_1</STRONG> (Thumb, 0 bytes, Stack size unknown bytes, libinit2.o(.ARM.Collect$$libinit$$00000032))

<P><STRONG><a name="[1e4]"></a>__rt_lib_init_exceptions_1</STRONG> (Thumb, 0 bytes, Stack size unknown bytes, libinit2.o(.ARM.Collect$$libinit$$00000030))

<P><STRONG><a name="[1e5]"></a>__rt_lib_init_fp_trap_1</STRONG> (Thumb, 0 bytes, Stack size unknown bytes, libinit2.o(.ARM.Collect$$libinit$$0000001F))

<P><STRONG><a name="[1e6]"></a>__rt_lib_init_getenv_1</STRONG> (Thumb, 0 bytes, Stack size unknown bytes, libinit2.o(.ARM.Collect$$libinit$$00000023))

<P><STRONG><a name="[1e7]"></a>__rt_lib_init_lc_ctype_1</STRONG> (Thumb, 0 bytes, Stack size unknown bytes, libinit2.o(.ARM.Collect$$libinit$$00000013))

<P><STRONG><a name="[1e8]"></a>__rt_lib_init_lc_monetary_1</STRONG> (Thumb, 0 bytes, Stack size unknown bytes, libinit2.o(.ARM.Collect$$libinit$$00000015))

<P><STRONG><a name="[1e9]"></a>__rt_lib_init_lc_numeric_1</STRONG> (Thumb, 0 bytes, Stack size unknown bytes, libinit2.o(.ARM.Collect$$libinit$$00000017))

<P><STRONG><a name="[1ea]"></a>__rt_lib_init_lc_time_1</STRONG> (Thumb, 0 bytes, Stack size unknown bytes, libinit2.o(.ARM.Collect$$libinit$$00000019))

<P><STRONG><a name="[1eb]"></a>__rt_lib_init_return</STRONG> (Thumb, 0 bytes, Stack size unknown bytes, libinit2.o(.ARM.Collect$$libinit$$00000033))

<P><STRONG><a name="[1ec]"></a>__rt_lib_init_signal_1</STRONG> (Thumb, 0 bytes, Stack size unknown bytes, libinit2.o(.ARM.Collect$$libinit$$0000001D))

<P><STRONG><a name="[1ed]"></a>__rt_lib_init_stdio_1</STRONG> (Thumb, 0 bytes, Stack size unknown bytes, libinit2.o(.ARM.Collect$$libinit$$00000025))

<P><STRONG><a name="[cb]"></a>__rt_lib_shutdown</STRONG> (Thumb, 0 bytes, Stack size unknown bytes, libshutdown.o(.ARM.Collect$$libshutdown$$00000000))
<BR><BR>[Called By]<UL><LI><a href="#[ca]">&gt;&gt;</a>&nbsp;&nbsp;&nbsp;__rt_exit_ls
</UL>

<P><STRONG><a name="[1ee]"></a>__rt_lib_shutdown_cpp_1</STRONG> (Thumb, 0 bytes, Stack size unknown bytes, libshutdown2.o(.ARM.Collect$$libshutdown$$00000002))

<P><STRONG><a name="[1ef]"></a>__rt_lib_shutdown_fp_trap_1</STRONG> (Thumb, 0 bytes, Stack size unknown bytes, libshutdown2.o(.ARM.Collect$$libshutdown$$00000007))

<P><STRONG><a name="[1f0]"></a>__rt_lib_shutdown_heap_1</STRONG> (Thumb, 0 bytes, Stack size unknown bytes, libshutdown2.o(.ARM.Collect$$libshutdown$$0000000F))

<P><STRONG><a name="[1f1]"></a>__rt_lib_shutdown_return</STRONG> (Thumb, 0 bytes, Stack size unknown bytes, libshutdown2.o(.ARM.Collect$$libshutdown$$00000010))

<P><STRONG><a name="[1f2]"></a>__rt_lib_shutdown_signal_1</STRONG> (Thumb, 0 bytes, Stack size unknown bytes, libshutdown2.o(.ARM.Collect$$libshutdown$$0000000A))

<P><STRONG><a name="[1f3]"></a>__rt_lib_shutdown_stdio_1</STRONG> (Thumb, 0 bytes, Stack size unknown bytes, libshutdown2.o(.ARM.Collect$$libshutdown$$00000004))

<P><STRONG><a name="[1f4]"></a>__rt_lib_shutdown_user_alloc_1</STRONG> (Thumb, 0 bytes, Stack size unknown bytes, libshutdown2.o(.ARM.Collect$$libshutdown$$0000000C))

<P><STRONG><a name="[be]"></a>__rt_entry</STRONG> (Thumb, 0 bytes, Stack size unknown bytes, __rtentry.o(.ARM.Collect$$rtentry$$00000000))
<BR><BR>[Called By]<UL><LI><a href="#[bc]">&gt;&gt;</a>&nbsp;&nbsp;&nbsp;__main
<LI><a href="#[bf]">&gt;&gt;</a>&nbsp;&nbsp;&nbsp;__scatterload_rt2
</UL>

<P><STRONG><a name="[1f5]"></a>__rt_entry_presh_1</STRONG> (Thumb, 0 bytes, Stack size unknown bytes, __rtentry2.o(.ARM.Collect$$rtentry$$00000002))

<P><STRONG><a name="[c3]"></a>__rt_entry_sh</STRONG> (Thumb, 0 bytes, Stack size unknown bytes, __rtentry4.o(.ARM.Collect$$rtentry$$00000004))
<BR><BR>[Stack]<UL><LI>Max Depth = 8 + Unknown Stack Size
<LI>Call Chain = __rt_entry_sh &rArr; __user_setup_stackheap
</UL>
<BR>[Calls]<UL><LI><a href="#[c4]">&gt;&gt;</a>&nbsp;&nbsp;&nbsp;__user_setup_stackheap
</UL>

<P><STRONG><a name="[c5]"></a>__rt_entry_li</STRONG> (Thumb, 0 bytes, Stack size unknown bytes, __rtentry2.o(.ARM.Collect$$rtentry$$0000000A))
<BR><BR>[Calls]<UL><LI><a href="#[c6]">&gt;&gt;</a>&nbsp;&nbsp;&nbsp;__rt_lib_init
</UL>

<P><STRONG><a name="[1f6]"></a>__rt_entry_postsh_1</STRONG> (Thumb, 0 bytes, Stack size unknown bytes, __rtentry2.o(.ARM.Collect$$rtentry$$00000009))

<P><STRONG><a name="[c7]"></a>__rt_entry_main</STRONG> (Thumb, 0 bytes, Stack size unknown bytes, __rtentry2.o(.ARM.Collect$$rtentry$$0000000D))
<BR><BR>[Stack]<UL><LI>Max Depth = 684 + Unknown Stack Size
<LI>Call Chain = __rt_entry_main &rArr; main &rArr; rtthread_startup &rArr; rt_thread_idle_init &rArr; rt_thread_init &rArr; _rt_thread_init &rArr; rt_timer_init &rArr; rt_object_init &rArr; rt_exit_critical &rArr; rt_schedule &rArr; _rt_scheduler_stack_check &rArr; list_thread &rArr; object_split &rArr; rt_kprintf &rArr; rt_vsnprintf &rArr; print_number
</UL>
<BR>[Calls]<UL><LI><a href="#[c8]">&gt;&gt;</a>&nbsp;&nbsp;&nbsp;main
<LI><a href="#[c9]">&gt;&gt;</a>&nbsp;&nbsp;&nbsp;exit
</UL>

<P><STRONG><a name="[1f7]"></a>__rt_entry_postli_1</STRONG> (Thumb, 0 bytes, Stack size unknown bytes, __rtentry2.o(.ARM.Collect$$rtentry$$0000000C))

<P><STRONG><a name="[dd]"></a>__rt_exit</STRONG> (Thumb, 0 bytes, Stack size unknown bytes, rtexit.o(.ARM.Collect$$rtexit$$00000000))
<BR><BR>[Called By]<UL><LI><a href="#[c9]">&gt;&gt;</a>&nbsp;&nbsp;&nbsp;exit
</UL>

<P><STRONG><a name="[ca]"></a>__rt_exit_ls</STRONG> (Thumb, 0 bytes, Stack size unknown bytes, rtexit2.o(.ARM.Collect$$rtexit$$00000003))
<BR><BR>[Calls]<UL><LI><a href="#[cb]">&gt;&gt;</a>&nbsp;&nbsp;&nbsp;__rt_lib_shutdown
</UL>

<P><STRONG><a name="[1f8]"></a>__rt_exit_prels_1</STRONG> (Thumb, 0 bytes, Stack size unknown bytes, rtexit2.o(.ARM.Collect$$rtexit$$00000002))

<P><STRONG><a name="[cc]"></a>__rt_exit_exit</STRONG> (Thumb, 0 bytes, Stack size unknown bytes, rtexit2.o(.ARM.Collect$$rtexit$$00000004))
<BR><BR>[Calls]<UL><LI><a href="#[cd]">&gt;&gt;</a>&nbsp;&nbsp;&nbsp;_sys_exit
</UL>

<P><STRONG><a name="[3]"></a>Reset_Handler</STRONG> (Thumb, 4 bytes, Stack size 0 bytes, startup_swm320.o(.text))
<BR>[Address Reference Count : 1]<UL><LI> startup_swm320.o(RESET)
</UL>
<P><STRONG><a name="[4]"></a>NMI_Handler</STRONG> (Thumb, 2 bytes, Stack size 0 bytes, startup_swm320.o(.text))
<BR><BR>[Calls]<UL><LI><a href="#[4]">&gt;&gt;</a>&nbsp;&nbsp;&nbsp;NMI_Handler
</UL>
<BR>[Called By]<UL><LI><a href="#[4]">&gt;&gt;</a>&nbsp;&nbsp;&nbsp;NMI_Handler
</UL>
<BR>[Address Reference Count : 1]<UL><LI> startup_swm320.o(RESET)
</UL>
<P><STRONG><a name="[6]"></a>MemManage_Handler</STRONG> (Thumb, 2 bytes, Stack size 0 bytes, startup_swm320.o(.text))
<BR><BR>[Calls]<UL><LI><a href="#[6]">&gt;&gt;</a>&nbsp;&nbsp;&nbsp;MemManage_Handler
</UL>
<BR>[Called By]<UL><LI><a href="#[6]">&gt;&gt;</a>&nbsp;&nbsp;&nbsp;MemManage_Handler
</UL>
<BR>[Address Reference Count : 1]<UL><LI> startup_swm320.o(RESET)
</UL>
<P><STRONG><a name="[7]"></a>BusFault_Handler</STRONG> (Thumb, 2 bytes, Stack size 0 bytes, startup_swm320.o(.text))
<BR><BR>[Calls]<UL><LI><a href="#[7]">&gt;&gt;</a>&nbsp;&nbsp;&nbsp;BusFault_Handler
</UL>
<BR>[Called By]<UL><LI><a href="#[7]">&gt;&gt;</a>&nbsp;&nbsp;&nbsp;BusFault_Handler
</UL>
<BR>[Address Reference Count : 1]<UL><LI> startup_swm320.o(RESET)
</UL>
<P><STRONG><a name="[8]"></a>UsageFault_Handler</STRONG> (Thumb, 2 bytes, Stack size 0 bytes, startup_swm320.o(.text))
<BR><BR>[Calls]<UL><LI><a href="#[8]">&gt;&gt;</a>&nbsp;&nbsp;&nbsp;UsageFault_Handler
</UL>
<BR>[Called By]<UL><LI><a href="#[8]">&gt;&gt;</a>&nbsp;&nbsp;&nbsp;UsageFault_Handler
</UL>
<BR>[Address Reference Count : 1]<UL><LI> startup_swm320.o(RESET)
</UL>
<P><STRONG><a name="[9]"></a>SVC_Handler</STRONG> (Thumb, 2 bytes, Stack size 0 bytes, startup_swm320.o(.text))
<BR><BR>[Calls]<UL><LI><a href="#[9]">&gt;&gt;</a>&nbsp;&nbsp;&nbsp;SVC_Handler
</UL>
<BR>[Called By]<UL><LI><a href="#[9]">&gt;&gt;</a>&nbsp;&nbsp;&nbsp;SVC_Handler
</UL>
<BR>[Address Reference Count : 1]<UL><LI> startup_swm320.o(RESET)
</UL>
<P><STRONG><a name="[a]"></a>DebugMon_Handler</STRONG> (Thumb, 2 bytes, Stack size 0 bytes, startup_swm320.o(.text))
<BR><BR>[Calls]<UL><LI><a href="#[a]">&gt;&gt;</a>&nbsp;&nbsp;&nbsp;DebugMon_Handler
</UL>
<BR>[Called By]<UL><LI><a href="#[a]">&gt;&gt;</a>&nbsp;&nbsp;&nbsp;DebugMon_Handler
</UL>
<BR>[Address Reference Count : 1]<UL><LI> startup_swm320.o(RESET)
</UL>
<P><STRONG><a name="[d]"></a>GPIOA0_Handler</STRONG> (Thumb, 2 bytes, Stack size 0 bytes, startup_swm320.o(.text))
<BR><BR>[Calls]<UL><LI><a href="#[d]">&gt;&gt;</a>&nbsp;&nbsp;&nbsp;GPIOA0_Handler
</UL>
<BR>[Called By]<UL><LI><a href="#[d]">&gt;&gt;</a>&nbsp;&nbsp;&nbsp;GPIOA0_Handler
</UL>
<BR>[Address Reference Count : 1]<UL><LI> startup_swm320.o(RESET)
</UL>
<P><STRONG><a name="[e]"></a>GPIOA1_Handler</STRONG> (Thumb, 2 bytes, Stack size 0 bytes, startup_swm320.o(.text))
<BR><BR>[Calls]<UL><LI><a href="#[e]">&gt;&gt;</a>&nbsp;&nbsp;&nbsp;GPIOA1_Handler
</UL>
<BR>[Called By]<UL><LI><a href="#[e]">&gt;&gt;</a>&nbsp;&nbsp;&nbsp;GPIOA1_Handler
</UL>
<BR>[Address Reference Count : 1]<UL><LI> startup_swm320.o(RESET)
</UL>
<P><STRONG><a name="[f]"></a>GPIOA2_Handler</STRONG> (Thumb, 2 bytes, Stack size 0 bytes, startup_swm320.o(.text))
<BR><BR>[Calls]<UL><LI><a href="#[f]">&gt;&gt;</a>&nbsp;&nbsp;&nbsp;GPIOA2_Handler
</UL>
<BR>[Called By]<UL><LI><a href="#[f]">&gt;&gt;</a>&nbsp;&nbsp;&nbsp;GPIOA2_Handler
</UL>
<BR>[Address Reference Count : 1]<UL><LI> startup_swm320.o(RESET)
</UL>
<P><STRONG><a name="[10]"></a>GPIOA3_Handler</STRONG> (Thumb, 2 bytes, Stack size 0 bytes, startup_swm320.o(.text))
<BR><BR>[Calls]<UL><LI><a href="#[10]">&gt;&gt;</a>&nbsp;&nbsp;&nbsp;GPIOA3_Handler
</UL>
<BR>[Called By]<UL><LI><a href="#[10]">&gt;&gt;</a>&nbsp;&nbsp;&nbsp;GPIOA3_Handler
</UL>
<BR>[Address Reference Count : 1]<UL><LI> startup_swm320.o(RESET)
</UL>
<P><STRONG><a name="[11]"></a>GPIOA4_Handler</STRONG> (Thumb, 2 bytes, Stack size 0 bytes, startup_swm320.o(.text))
<BR><BR>[Calls]<UL><LI><a href="#[11]">&gt;&gt;</a>&nbsp;&nbsp;&nbsp;GPIOA4_Handler
</UL>
<BR>[Called By]<UL><LI><a href="#[11]">&gt;&gt;</a>&nbsp;&nbsp;&nbsp;GPIOA4_Handler
</UL>
<BR>[Address Reference Count : 1]<UL><LI> startup_swm320.o(RESET)
</UL>
<P><STRONG><a name="[12]"></a>GPIOA5_Handler</STRONG> (Thumb, 2 bytes, Stack size 0 bytes, startup_swm320.o(.text))
<BR><BR>[Calls]<UL><LI><a href="#[12]">&gt;&gt;</a>&nbsp;&nbsp;&nbsp;GPIOA5_Handler
</UL>
<BR>[Called By]<UL><LI><a href="#[12]">&gt;&gt;</a>&nbsp;&nbsp;&nbsp;GPIOA5_Handler
</UL>
<BR>[Address Reference Count : 1]<UL><LI> startup_swm320.o(RESET)
</UL>
<P><STRONG><a name="[13]"></a>GPIOA6_Handler</STRONG> (Thumb, 2 bytes, Stack size 0 bytes, startup_swm320.o(.text))
<BR><BR>[Calls]<UL><LI><a href="#[13]">&gt;&gt;</a>&nbsp;&nbsp;&nbsp;GPIOA6_Handler
</UL>
<BR>[Called By]<UL><LI><a href="#[13]">&gt;&gt;</a>&nbsp;&nbsp;&nbsp;GPIOA6_Handler
</UL>
<BR>[Address Reference Count : 1]<UL><LI> startup_swm320.o(RESET)
</UL>
<P><STRONG><a name="[14]"></a>GPIOA7_Handler</STRONG> (Thumb, 2 bytes, Stack size 0 bytes, startup_swm320.o(.text))
<BR><BR>[Calls]<UL><LI><a href="#[14]">&gt;&gt;</a>&nbsp;&nbsp;&nbsp;GPIOA7_Handler
</UL>
<BR>[Called By]<UL><LI><a href="#[14]">&gt;&gt;</a>&nbsp;&nbsp;&nbsp;GPIOA7_Handler
</UL>
<BR>[Address Reference Count : 1]<UL><LI> startup_swm320.o(RESET)
</UL>
<P><STRONG><a name="[15]"></a>GPIOB0_Handler</STRONG> (Thumb, 2 bytes, Stack size 0 bytes, startup_swm320.o(.text))
<BR><BR>[Calls]<UL><LI><a href="#[15]">&gt;&gt;</a>&nbsp;&nbsp;&nbsp;GPIOB0_Handler
</UL>
<BR>[Called By]<UL><LI><a href="#[15]">&gt;&gt;</a>&nbsp;&nbsp;&nbsp;GPIOB0_Handler
</UL>
<BR>[Address Reference Count : 1]<UL><LI> startup_swm320.o(RESET)
</UL>
<P><STRONG><a name="[16]"></a>GPIOB1_Handler</STRONG> (Thumb, 2 bytes, Stack size 0 bytes, startup_swm320.o(.text))
<BR><BR>[Calls]<UL><LI><a href="#[16]">&gt;&gt;</a>&nbsp;&nbsp;&nbsp;GPIOB1_Handler
</UL>
<BR>[Called By]<UL><LI><a href="#[16]">&gt;&gt;</a>&nbsp;&nbsp;&nbsp;GPIOB1_Handler
</UL>
<BR>[Address Reference Count : 1]<UL><LI> startup_swm320.o(RESET)
</UL>
<P><STRONG><a name="[17]"></a>GPIOB2_Handler</STRONG> (Thumb, 2 bytes, Stack size 0 bytes, startup_swm320.o(.text))
<BR><BR>[Calls]<UL><LI><a href="#[17]">&gt;&gt;</a>&nbsp;&nbsp;&nbsp;GPIOB2_Handler
</UL>
<BR>[Called By]<UL><LI><a href="#[17]">&gt;&gt;</a>&nbsp;&nbsp;&nbsp;GPIOB2_Handler
</UL>
<BR>[Address Reference Count : 1]<UL><LI> startup_swm320.o(RESET)
</UL>
<P><STRONG><a name="[18]"></a>GPIOB3_Handler</STRONG> (Thumb, 2 bytes, Stack size 0 bytes, startup_swm320.o(.text))
<BR><BR>[Calls]<UL><LI><a href="#[18]">&gt;&gt;</a>&nbsp;&nbsp;&nbsp;GPIOB3_Handler
</UL>
<BR>[Called By]<UL><LI><a href="#[18]">&gt;&gt;</a>&nbsp;&nbsp;&nbsp;GPIOB3_Handler
</UL>
<BR>[Address Reference Count : 1]<UL><LI> startup_swm320.o(RESET)
</UL>
<P><STRONG><a name="[19]"></a>GPIOB4_Handler</STRONG> (Thumb, 2 bytes, Stack size 0 bytes, startup_swm320.o(.text))
<BR><BR>[Calls]<UL><LI><a href="#[19]">&gt;&gt;</a>&nbsp;&nbsp;&nbsp;GPIOB4_Handler
</UL>
<BR>[Called By]<UL><LI><a href="#[19]">&gt;&gt;</a>&nbsp;&nbsp;&nbsp;GPIOB4_Handler
</UL>
<BR>[Address Reference Count : 1]<UL><LI> startup_swm320.o(RESET)
</UL>
<P><STRONG><a name="[1a]"></a>GPIOB5_Handler</STRONG> (Thumb, 2 bytes, Stack size 0 bytes, startup_swm320.o(.text))
<BR><BR>[Calls]<UL><LI><a href="#[1a]">&gt;&gt;</a>&nbsp;&nbsp;&nbsp;GPIOB5_Handler
</UL>
<BR>[Called By]<UL><LI><a href="#[1a]">&gt;&gt;</a>&nbsp;&nbsp;&nbsp;GPIOB5_Handler
</UL>
<BR>[Address Reference Count : 1]<UL><LI> startup_swm320.o(RESET)
</UL>
<P><STRONG><a name="[1b]"></a>GPIOB6_Handler</STRONG> (Thumb, 2 bytes, Stack size 0 bytes, startup_swm320.o(.text))
<BR><BR>[Calls]<UL><LI><a href="#[1b]">&gt;&gt;</a>&nbsp;&nbsp;&nbsp;GPIOB6_Handler
</UL>
<BR>[Called By]<UL><LI><a href="#[1b]">&gt;&gt;</a>&nbsp;&nbsp;&nbsp;GPIOB6_Handler
</UL>
<BR>[Address Reference Count : 1]<UL><LI> startup_swm320.o(RESET)
</UL>
<P><STRONG><a name="[1c]"></a>GPIOB7_Handler</STRONG> (Thumb, 2 bytes, Stack size 0 bytes, startup_swm320.o(.text))
<BR><BR>[Calls]<UL><LI><a href="#[1c]">&gt;&gt;</a>&nbsp;&nbsp;&nbsp;GPIOB7_Handler
</UL>
<BR>[Called By]<UL><LI><a href="#[1c]">&gt;&gt;</a>&nbsp;&nbsp;&nbsp;GPIOB7_Handler
</UL>
<BR>[Address Reference Count : 1]<UL><LI> startup_swm320.o(RESET)
</UL>
<P><STRONG><a name="[1d]"></a>GPIOC0_Handler</STRONG> (Thumb, 2 bytes, Stack size 0 bytes, startup_swm320.o(.text))
<BR><BR>[Calls]<UL><LI><a href="#[1d]">&gt;&gt;</a>&nbsp;&nbsp;&nbsp;GPIOC0_Handler
</UL>
<BR>[Called By]<UL><LI><a href="#[1d]">&gt;&gt;</a>&nbsp;&nbsp;&nbsp;GPIOC0_Handler
</UL>
<BR>[Address Reference Count : 1]<UL><LI> startup_swm320.o(RESET)
</UL>
<P><STRONG><a name="[1e]"></a>GPIOC1_Handler</STRONG> (Thumb, 2 bytes, Stack size 0 bytes, startup_swm320.o(.text))
<BR><BR>[Calls]<UL><LI><a href="#[1e]">&gt;&gt;</a>&nbsp;&nbsp;&nbsp;GPIOC1_Handler
</UL>
<BR>[Called By]<UL><LI><a href="#[1e]">&gt;&gt;</a>&nbsp;&nbsp;&nbsp;GPIOC1_Handler
</UL>
<BR>[Address Reference Count : 1]<UL><LI> startup_swm320.o(RESET)
</UL>
<P><STRONG><a name="[1f]"></a>GPIOC2_Handler</STRONG> (Thumb, 2 bytes, Stack size 0 bytes, startup_swm320.o(.text))
<BR><BR>[Calls]<UL><LI><a href="#[1f]">&gt;&gt;</a>&nbsp;&nbsp;&nbsp;GPIOC2_Handler
</UL>
<BR>[Called By]<UL><LI><a href="#[1f]">&gt;&gt;</a>&nbsp;&nbsp;&nbsp;GPIOC2_Handler
</UL>
<BR>[Address Reference Count : 1]<UL><LI> startup_swm320.o(RESET)
</UL>
<P><STRONG><a name="[20]"></a>GPIOC3_Handler</STRONG> (Thumb, 2 bytes, Stack size 0 bytes, startup_swm320.o(.text))
<BR><BR>[Calls]<UL><LI><a href="#[20]">&gt;&gt;</a>&nbsp;&nbsp;&nbsp;GPIOC3_Handler
</UL>
<BR>[Called By]<UL><LI><a href="#[20]">&gt;&gt;</a>&nbsp;&nbsp;&nbsp;GPIOC3_Handler
</UL>
<BR>[Address Reference Count : 1]<UL><LI> startup_swm320.o(RESET)
</UL>
<P><STRONG><a name="[21]"></a>GPIOC4_Handler</STRONG> (Thumb, 2 bytes, Stack size 0 bytes, startup_swm320.o(.text))
<BR><BR>[Calls]<UL><LI><a href="#[21]">&gt;&gt;</a>&nbsp;&nbsp;&nbsp;GPIOC4_Handler
</UL>
<BR>[Called By]<UL><LI><a href="#[21]">&gt;&gt;</a>&nbsp;&nbsp;&nbsp;GPIOC4_Handler
</UL>
<BR>[Address Reference Count : 1]<UL><LI> startup_swm320.o(RESET)
</UL>
<P><STRONG><a name="[22]"></a>GPIOC5_Handler</STRONG> (Thumb, 2 bytes, Stack size 0 bytes, startup_swm320.o(.text))
<BR><BR>[Calls]<UL><LI><a href="#[22]">&gt;&gt;</a>&nbsp;&nbsp;&nbsp;GPIOC5_Handler
</UL>
<BR>[Called By]<UL><LI><a href="#[22]">&gt;&gt;</a>&nbsp;&nbsp;&nbsp;GPIOC5_Handler
</UL>
<BR>[Address Reference Count : 1]<UL><LI> startup_swm320.o(RESET)
</UL>
<P><STRONG><a name="[23]"></a>GPIOC6_Handler</STRONG> (Thumb, 2 bytes, Stack size 0 bytes, startup_swm320.o(.text))
<BR><BR>[Calls]<UL><LI><a href="#[23]">&gt;&gt;</a>&nbsp;&nbsp;&nbsp;GPIOC6_Handler
</UL>
<BR>[Called By]<UL><LI><a href="#[23]">&gt;&gt;</a>&nbsp;&nbsp;&nbsp;GPIOC6_Handler
</UL>
<BR>[Address Reference Count : 1]<UL><LI> startup_swm320.o(RESET)
</UL>
<P><STRONG><a name="[24]"></a>GPIOC7_Handler</STRONG> (Thumb, 2 bytes, Stack size 0 bytes, startup_swm320.o(.text))
<BR><BR>[Calls]<UL><LI><a href="#[24]">&gt;&gt;</a>&nbsp;&nbsp;&nbsp;GPIOC7_Handler
</UL>
<BR>[Called By]<UL><LI><a href="#[24]">&gt;&gt;</a>&nbsp;&nbsp;&nbsp;GPIOC7_Handler
</UL>
<BR>[Address Reference Count : 1]<UL><LI> startup_swm320.o(RESET)
</UL>
<P><STRONG><a name="[25]"></a>GPIOM0_Handler</STRONG> (Thumb, 2 bytes, Stack size 0 bytes, startup_swm320.o(.text))
<BR><BR>[Calls]<UL><LI><a href="#[25]">&gt;&gt;</a>&nbsp;&nbsp;&nbsp;GPIOM0_Handler
</UL>
<BR>[Called By]<UL><LI><a href="#[25]">&gt;&gt;</a>&nbsp;&nbsp;&nbsp;GPIOM0_Handler
</UL>
<BR>[Address Reference Count : 1]<UL><LI> startup_swm320.o(RESET)
</UL>
<P><STRONG><a name="[26]"></a>GPIOM1_Handler</STRONG> (Thumb, 2 bytes, Stack size 0 bytes, startup_swm320.o(.text))
<BR><BR>[Calls]<UL><LI><a href="#[26]">&gt;&gt;</a>&nbsp;&nbsp;&nbsp;GPIOM1_Handler
</UL>
<BR>[Called By]<UL><LI><a href="#[26]">&gt;&gt;</a>&nbsp;&nbsp;&nbsp;GPIOM1_Handler
</UL>
<BR>[Address Reference Count : 1]<UL><LI> startup_swm320.o(RESET)
</UL>
<P><STRONG><a name="[27]"></a>GPIOM2_Handler</STRONG> (Thumb, 2 bytes, Stack size 0 bytes, startup_swm320.o(.text))
<BR><BR>[Calls]<UL><LI><a href="#[27]">&gt;&gt;</a>&nbsp;&nbsp;&nbsp;GPIOM2_Handler
</UL>
<BR>[Called By]<UL><LI><a href="#[27]">&gt;&gt;</a>&nbsp;&nbsp;&nbsp;GPIOM2_Handler
</UL>
<BR>[Address Reference Count : 1]<UL><LI> startup_swm320.o(RESET)
</UL>
<P><STRONG><a name="[28]"></a>GPIOM3_Handler</STRONG> (Thumb, 2 bytes, Stack size 0 bytes, startup_swm320.o(.text))
<BR><BR>[Calls]<UL><LI><a href="#[28]">&gt;&gt;</a>&nbsp;&nbsp;&nbsp;GPIOM3_Handler
</UL>
<BR>[Called By]<UL><LI><a href="#[28]">&gt;&gt;</a>&nbsp;&nbsp;&nbsp;GPIOM3_Handler
</UL>
<BR>[Address Reference Count : 1]<UL><LI> startup_swm320.o(RESET)
</UL>
<P><STRONG><a name="[29]"></a>GPIOM4_Handler</STRONG> (Thumb, 2 bytes, Stack size 0 bytes, startup_swm320.o(.text))
<BR><BR>[Calls]<UL><LI><a href="#[29]">&gt;&gt;</a>&nbsp;&nbsp;&nbsp;GPIOM4_Handler
</UL>
<BR>[Called By]<UL><LI><a href="#[29]">&gt;&gt;</a>&nbsp;&nbsp;&nbsp;GPIOM4_Handler
</UL>
<BR>[Address Reference Count : 1]<UL><LI> startup_swm320.o(RESET)
</UL>
<P><STRONG><a name="[2a]"></a>GPIOM5_Handler</STRONG> (Thumb, 2 bytes, Stack size 0 bytes, startup_swm320.o(.text))
<BR><BR>[Calls]<UL><LI><a href="#[2a]">&gt;&gt;</a>&nbsp;&nbsp;&nbsp;GPIOM5_Handler
</UL>
<BR>[Called By]<UL><LI><a href="#[2a]">&gt;&gt;</a>&nbsp;&nbsp;&nbsp;GPIOM5_Handler
</UL>
<BR>[Address Reference Count : 1]<UL><LI> startup_swm320.o(RESET)
</UL>
<P><STRONG><a name="[2b]"></a>GPIOM6_Handler</STRONG> (Thumb, 2 bytes, Stack size 0 bytes, startup_swm320.o(.text))
<BR><BR>[Calls]<UL><LI><a href="#[2b]">&gt;&gt;</a>&nbsp;&nbsp;&nbsp;GPIOM6_Handler
</UL>
<BR>[Called By]<UL><LI><a href="#[2b]">&gt;&gt;</a>&nbsp;&nbsp;&nbsp;GPIOM6_Handler
</UL>
<BR>[Address Reference Count : 1]<UL><LI> startup_swm320.o(RESET)
</UL>
<P><STRONG><a name="[2c]"></a>GPIOM7_Handler</STRONG> (Thumb, 2 bytes, Stack size 0 bytes, startup_swm320.o(.text))
<BR><BR>[Calls]<UL><LI><a href="#[2c]">&gt;&gt;</a>&nbsp;&nbsp;&nbsp;GPIOM7_Handler
</UL>
<BR>[Called By]<UL><LI><a href="#[2c]">&gt;&gt;</a>&nbsp;&nbsp;&nbsp;GPIOM7_Handler
</UL>
<BR>[Address Reference Count : 1]<UL><LI> startup_swm320.o(RESET)
</UL>
<P><STRONG><a name="[2d]"></a>DMA_Handler</STRONG> (Thumb, 2 bytes, Stack size 0 bytes, startup_swm320.o(.text))
<BR><BR>[Calls]<UL><LI><a href="#[2d]">&gt;&gt;</a>&nbsp;&nbsp;&nbsp;DMA_Handler
</UL>
<BR>[Called By]<UL><LI><a href="#[2d]">&gt;&gt;</a>&nbsp;&nbsp;&nbsp;DMA_Handler
</UL>
<BR>[Address Reference Count : 1]<UL><LI> startup_swm320.o(RESET)
</UL>
<P><STRONG><a name="[2e]"></a>LCD_Handler</STRONG> (Thumb, 2 bytes, Stack size 0 bytes, startup_swm320.o(.text))
<BR><BR>[Calls]<UL><LI><a href="#[2e]">&gt;&gt;</a>&nbsp;&nbsp;&nbsp;LCD_Handler
</UL>
<BR>[Called By]<UL><LI><a href="#[2e]">&gt;&gt;</a>&nbsp;&nbsp;&nbsp;LCD_Handler
</UL>
<BR>[Address Reference Count : 1]<UL><LI> startup_swm320.o(RESET)
</UL>
<P><STRONG><a name="[2f]"></a>NORFLC_Handler</STRONG> (Thumb, 2 bytes, Stack size 0 bytes, startup_swm320.o(.text))
<BR><BR>[Calls]<UL><LI><a href="#[2f]">&gt;&gt;</a>&nbsp;&nbsp;&nbsp;NORFLC_Handler
</UL>
<BR>[Called By]<UL><LI><a href="#[2f]">&gt;&gt;</a>&nbsp;&nbsp;&nbsp;NORFLC_Handler
</UL>
<BR>[Address Reference Count : 1]<UL><LI> startup_swm320.o(RESET)
</UL>
<P><STRONG><a name="[30]"></a>CAN_Handler</STRONG> (Thumb, 2 bytes, Stack size 0 bytes, startup_swm320.o(.text))
<BR><BR>[Calls]<UL><LI><a href="#[30]">&gt;&gt;</a>&nbsp;&nbsp;&nbsp;CAN_Handler
</UL>
<BR>[Called By]<UL><LI><a href="#[30]">&gt;&gt;</a>&nbsp;&nbsp;&nbsp;CAN_Handler
</UL>
<BR>[Address Reference Count : 1]<UL><LI> startup_swm320.o(RESET)
</UL>
<P><STRONG><a name="[31]"></a>PULSE_Handler</STRONG> (Thumb, 2 bytes, Stack size 0 bytes, startup_swm320.o(.text))
<BR><BR>[Calls]<UL><LI><a href="#[31]">&gt;&gt;</a>&nbsp;&nbsp;&nbsp;PULSE_Handler
</UL>
<BR>[Called By]<UL><LI><a href="#[31]">&gt;&gt;</a>&nbsp;&nbsp;&nbsp;PULSE_Handler
</UL>
<BR>[Address Reference Count : 1]<UL><LI> startup_swm320.o(RESET)
</UL>
<P><STRONG><a name="[32]"></a>WDT_Handler</STRONG> (Thumb, 2 bytes, Stack size 0 bytes, startup_swm320.o(.text))
<BR><BR>[Calls]<UL><LI><a href="#[32]">&gt;&gt;</a>&nbsp;&nbsp;&nbsp;WDT_Handler
</UL>
<BR>[Called By]<UL><LI><a href="#[32]">&gt;&gt;</a>&nbsp;&nbsp;&nbsp;WDT_Handler
</UL>
<BR>[Address Reference Count : 1]<UL><LI> startup_swm320.o(RESET)
</UL>
<P><STRONG><a name="[33]"></a>PWM_Handler</STRONG> (Thumb, 2 bytes, Stack size 0 bytes, startup_swm320.o(.text))
<BR><BR>[Calls]<UL><LI><a href="#[33]">&gt;&gt;</a>&nbsp;&nbsp;&nbsp;PWM_Handler
</UL>
<BR>[Called By]<UL><LI><a href="#[33]">&gt;&gt;</a>&nbsp;&nbsp;&nbsp;PWM_Handler
</UL>
<BR>[Address Reference Count : 1]<UL><LI> startup_swm320.o(RESET)
</UL>
<P><STRONG><a name="[35]"></a>UART1_Handler</STRONG> (Thumb, 2 bytes, Stack size 0 bytes, startup_swm320.o(.text))
<BR><BR>[Calls]<UL><LI><a href="#[35]">&gt;&gt;</a>&nbsp;&nbsp;&nbsp;UART1_Handler
</UL>
<BR>[Called By]<UL><LI><a href="#[35]">&gt;&gt;</a>&nbsp;&nbsp;&nbsp;UART1_Handler
</UL>
<BR>[Address Reference Count : 1]<UL><LI> startup_swm320.o(RESET)
</UL>
<P><STRONG><a name="[36]"></a>UART2_Handler</STRONG> (Thumb, 2 bytes, Stack size 0 bytes, startup_swm320.o(.text))
<BR><BR>[Calls]<UL><LI><a href="#[36]">&gt;&gt;</a>&nbsp;&nbsp;&nbsp;UART2_Handler
</UL>
<BR>[Called By]<UL><LI><a href="#[36]">&gt;&gt;</a>&nbsp;&nbsp;&nbsp;UART2_Handler
</UL>
<BR>[Address Reference Count : 1]<UL><LI> startup_swm320.o(RESET)
</UL>
<P><STRONG><a name="[37]"></a>UART3_Handler</STRONG> (Thumb, 2 bytes, Stack size 0 bytes, startup_swm320.o(.text))
<BR><BR>[Calls]<UL><LI><a href="#[37]">&gt;&gt;</a>&nbsp;&nbsp;&nbsp;UART3_Handler
</UL>
<BR>[Called By]<UL><LI><a href="#[37]">&gt;&gt;</a>&nbsp;&nbsp;&nbsp;UART3_Handler
</UL>
<BR>[Address Reference Count : 1]<UL><LI> startup_swm320.o(RESET)
</UL>
<P><STRONG><a name="[38]"></a>I2C0_Handler</STRONG> (Thumb, 2 bytes, Stack size 0 bytes, startup_swm320.o(.text))
<BR><BR>[Calls]<UL><LI><a href="#[38]">&gt;&gt;</a>&nbsp;&nbsp;&nbsp;I2C0_Handler
</UL>
<BR>[Called By]<UL><LI><a href="#[38]">&gt;&gt;</a>&nbsp;&nbsp;&nbsp;I2C0_Handler
</UL>
<BR>[Address Reference Count : 1]<UL><LI> startup_swm320.o(RESET)
</UL>
<P><STRONG><a name="[39]"></a>I2C1_Handler</STRONG> (Thumb, 2 bytes, Stack size 0 bytes, startup_swm320.o(.text))
<BR><BR>[Calls]<UL><LI><a href="#[39]">&gt;&gt;</a>&nbsp;&nbsp;&nbsp;I2C1_Handler
</UL>
<BR>[Called By]<UL><LI><a href="#[39]">&gt;&gt;</a>&nbsp;&nbsp;&nbsp;I2C1_Handler
</UL>
<BR>[Address Reference Count : 1]<UL><LI> startup_swm320.o(RESET)
</UL>
<P><STRONG><a name="[3a]"></a>SPI0_Handler</STRONG> (Thumb, 2 bytes, Stack size 0 bytes, startup_swm320.o(.text))
<BR><BR>[Calls]<UL><LI><a href="#[3a]">&gt;&gt;</a>&nbsp;&nbsp;&nbsp;SPI0_Handler
</UL>
<BR>[Called By]<UL><LI><a href="#[3a]">&gt;&gt;</a>&nbsp;&nbsp;&nbsp;SPI0_Handler
</UL>
<BR>[Address Reference Count : 1]<UL><LI> startup_swm320.o(RESET)
</UL>
<P><STRONG><a name="[3b]"></a>ADC0_Handler</STRONG> (Thumb, 2 bytes, Stack size 0 bytes, startup_swm320.o(.text))
<BR><BR>[Calls]<UL><LI><a href="#[3b]">&gt;&gt;</a>&nbsp;&nbsp;&nbsp;ADC0_Handler
</UL>
<BR>[Called By]<UL><LI><a href="#[3b]">&gt;&gt;</a>&nbsp;&nbsp;&nbsp;ADC0_Handler
</UL>
<BR>[Address Reference Count : 1]<UL><LI> startup_swm320.o(RESET)
</UL>
<P><STRONG><a name="[3c]"></a>RTC_Handler</STRONG> (Thumb, 2 bytes, Stack size 0 bytes, startup_swm320.o(.text))
<BR><BR>[Calls]<UL><LI><a href="#[3c]">&gt;&gt;</a>&nbsp;&nbsp;&nbsp;RTC_Handler
</UL>
<BR>[Called By]<UL><LI><a href="#[3c]">&gt;&gt;</a>&nbsp;&nbsp;&nbsp;RTC_Handler
</UL>
<BR>[Address Reference Count : 1]<UL><LI> startup_swm320.o(RESET)
</UL>
<P><STRONG><a name="[3d]"></a>ANAC_Handler</STRONG> (Thumb, 2 bytes, Stack size 0 bytes, startup_swm320.o(.text))
<BR><BR>[Calls]<UL><LI><a href="#[3d]">&gt;&gt;</a>&nbsp;&nbsp;&nbsp;ANAC_Handler
</UL>
<BR>[Called By]<UL><LI><a href="#[3d]">&gt;&gt;</a>&nbsp;&nbsp;&nbsp;ANAC_Handler
</UL>
<BR>[Address Reference Count : 1]<UL><LI> startup_swm320.o(RESET)
</UL>
<P><STRONG><a name="[3e]"></a>SDIO_Handler</STRONG> (Thumb, 2 bytes, Stack size 0 bytes, startup_swm320.o(.text))
<BR><BR>[Calls]<UL><LI><a href="#[3e]">&gt;&gt;</a>&nbsp;&nbsp;&nbsp;SDIO_Handler
</UL>
<BR>[Called By]<UL><LI><a href="#[3e]">&gt;&gt;</a>&nbsp;&nbsp;&nbsp;SDIO_Handler
</UL>
<BR>[Address Reference Count : 1]<UL><LI> startup_swm320.o(RESET)
</UL>
<P><STRONG><a name="[45]"></a>ADC1_Handler</STRONG> (Thumb, 2 bytes, Stack size 0 bytes, startup_swm320.o(.text))
<BR><BR>[Calls]<UL><LI><a href="#[45]">&gt;&gt;</a>&nbsp;&nbsp;&nbsp;ADC1_Handler
</UL>
<BR>[Called By]<UL><LI><a href="#[45]">&gt;&gt;</a>&nbsp;&nbsp;&nbsp;ADC1_Handler
</UL>
<BR>[Address Reference Count : 1]<UL><LI> startup_swm320.o(RESET)
</UL>
<P><STRONG><a name="[46]"></a>FPU_Handler</STRONG> (Thumb, 2 bytes, Stack size 0 bytes, startup_swm320.o(.text))
<BR><BR>[Calls]<UL><LI><a href="#[46]">&gt;&gt;</a>&nbsp;&nbsp;&nbsp;FPU_Handler
</UL>
<BR>[Called By]<UL><LI><a href="#[46]">&gt;&gt;</a>&nbsp;&nbsp;&nbsp;FPU_Handler
</UL>
<BR>[Address Reference Count : 1]<UL><LI> startup_swm320.o(RESET)
</UL>
<P><STRONG><a name="[47]"></a>SPI1_Handler</STRONG> (Thumb, 2 bytes, Stack size 0 bytes, startup_swm320.o(.text))
<BR><BR>[Calls]<UL><LI><a href="#[47]">&gt;&gt;</a>&nbsp;&nbsp;&nbsp;SPI1_Handler
</UL>
<BR>[Called By]<UL><LI><a href="#[47]">&gt;&gt;</a>&nbsp;&nbsp;&nbsp;SPI1_Handler
</UL>
<BR>[Address Reference Count : 1]<UL><LI> startup_swm320.o(RESET)
</UL>
<P><STRONG><a name="[48]"></a>TIMR0_Handler</STRONG> (Thumb, 2 bytes, Stack size 0 bytes, startup_swm320.o(.text))
<BR><BR>[Calls]<UL><LI><a href="#[48]">&gt;&gt;</a>&nbsp;&nbsp;&nbsp;TIMR0_Handler
</UL>
<BR>[Called By]<UL><LI><a href="#[48]">&gt;&gt;</a>&nbsp;&nbsp;&nbsp;TIMR0_Handler
</UL>
<BR>[Address Reference Count : 1]<UL><LI> startup_swm320.o(RESET)
</UL>
<P><STRONG><a name="[49]"></a>TIMR1_Handler</STRONG> (Thumb, 2 bytes, Stack size 0 bytes, startup_swm320.o(.text))
<BR><BR>[Calls]<UL><LI><a href="#[49]">&gt;&gt;</a>&nbsp;&nbsp;&nbsp;TIMR1_Handler
</UL>
<BR>[Called By]<UL><LI><a href="#[49]">&gt;&gt;</a>&nbsp;&nbsp;&nbsp;TIMR1_Handler
</UL>
<BR>[Address Reference Count : 1]<UL><LI> startup_swm320.o(RESET)
</UL>
<P><STRONG><a name="[4a]"></a>TIMR2_Handler</STRONG> (Thumb, 2 bytes, Stack size 0 bytes, startup_swm320.o(.text))
<BR><BR>[Calls]<UL><LI><a href="#[4a]">&gt;&gt;</a>&nbsp;&nbsp;&nbsp;TIMR2_Handler
</UL>
<BR>[Called By]<UL><LI><a href="#[4a]">&gt;&gt;</a>&nbsp;&nbsp;&nbsp;TIMR2_Handler
</UL>
<BR>[Address Reference Count : 1]<UL><LI> startup_swm320.o(RESET)
</UL>
<P><STRONG><a name="[4b]"></a>TIMR3_Handler</STRONG> (Thumb, 2 bytes, Stack size 0 bytes, startup_swm320.o(.text))
<BR><BR>[Calls]<UL><LI><a href="#[4b]">&gt;&gt;</a>&nbsp;&nbsp;&nbsp;TIMR3_Handler
</UL>
<BR>[Called By]<UL><LI><a href="#[4b]">&gt;&gt;</a>&nbsp;&nbsp;&nbsp;TIMR3_Handler
</UL>
<BR>[Address Reference Count : 1]<UL><LI> startup_swm320.o(RESET)
</UL>
<P><STRONG><a name="[4c]"></a>TIMR4_Handler</STRONG> (Thumb, 2 bytes, Stack size 0 bytes, startup_swm320.o(.text))
<BR><BR>[Calls]<UL><LI><a href="#[4c]">&gt;&gt;</a>&nbsp;&nbsp;&nbsp;TIMR4_Handler
</UL>
<BR>[Called By]<UL><LI><a href="#[4c]">&gt;&gt;</a>&nbsp;&nbsp;&nbsp;TIMR4_Handler
</UL>
<BR>[Address Reference Count : 1]<UL><LI> startup_swm320.o(RESET)
</UL>
<P><STRONG><a name="[4d]"></a>TIMR5_Handler</STRONG> (Thumb, 2 bytes, Stack size 0 bytes, startup_swm320.o(.text))
<BR><BR>[Calls]<UL><LI><a href="#[4d]">&gt;&gt;</a>&nbsp;&nbsp;&nbsp;TIMR5_Handler
</UL>
<BR>[Called By]<UL><LI><a href="#[4d]">&gt;&gt;</a>&nbsp;&nbsp;&nbsp;TIMR5_Handler
</UL>
<BR>[Address Reference Count : 1]<UL><LI> startup_swm320.o(RESET)
</UL>
<P><STRONG><a name="[dc]"></a>__user_initial_stackheap</STRONG> (Thumb, 0 bytes, Stack size unknown bytes, startup_swm320.o(.text))
<BR><BR>[Called By]<UL><LI><a href="#[c4]">&gt;&gt;</a>&nbsp;&nbsp;&nbsp;__user_setup_stackheap
</UL>

<P><STRONG><a name="[fc]"></a>rt_hw_interrupt_disable</STRONG> (Thumb, 8 bytes, Stack size 0 bytes, context_rvds.o(.text))
<BR><BR>[Called By]<UL><LI><a href="#[ef]">&gt;&gt;</a>&nbsp;&nbsp;&nbsp;rt_hw_serial_isr
<LI><a href="#[64]">&gt;&gt;</a>&nbsp;&nbsp;&nbsp;swm320_pin_irq_enable
<LI><a href="#[63]">&gt;&gt;</a>&nbsp;&nbsp;&nbsp;swm320_pin_detach_irq
<LI><a href="#[62]">&gt;&gt;</a>&nbsp;&nbsp;&nbsp;swm320_pin_attach_irq
<LI><a href="#[190]">&gt;&gt;</a>&nbsp;&nbsp;&nbsp;rt_system_heap_init
<LI><a href="#[e6]">&gt;&gt;</a>&nbsp;&nbsp;&nbsp;rt_interrupt_leave
<LI><a href="#[e1]">&gt;&gt;</a>&nbsp;&nbsp;&nbsp;rt_interrupt_enter
<LI><a href="#[1b8]">&gt;&gt;</a>&nbsp;&nbsp;&nbsp;rt_timer_check
<LI><a href="#[182]">&gt;&gt;</a>&nbsp;&nbsp;&nbsp;rt_timer_start
<LI><a href="#[17f]">&gt;&gt;</a>&nbsp;&nbsp;&nbsp;rt_thread_suspend
<LI><a href="#[17b]">&gt;&gt;</a>&nbsp;&nbsp;&nbsp;rt_thread_resume
<LI><a href="#[17c]">&gt;&gt;</a>&nbsp;&nbsp;&nbsp;rt_schedule
<LI><a href="#[19a]">&gt;&gt;</a>&nbsp;&nbsp;&nbsp;rt_object_allocate
<LI><a href="#[118]">&gt;&gt;</a>&nbsp;&nbsp;&nbsp;rt_sem_take
<LI><a href="#[139]">&gt;&gt;</a>&nbsp;&nbsp;&nbsp;rt_sem_release
<LI><a href="#[19c]">&gt;&gt;</a>&nbsp;&nbsp;&nbsp;rt_object_delete
<LI><a href="#[180]">&gt;&gt;</a>&nbsp;&nbsp;&nbsp;rt_interrupt_get_nest
<LI><a href="#[1af]">&gt;&gt;</a>&nbsp;&nbsp;&nbsp;rt_thread_idle_excute
<LI><a href="#[18c]">&gt;&gt;</a>&nbsp;&nbsp;&nbsp;rt_object_init
<LI><a href="#[19e]">&gt;&gt;</a>&nbsp;&nbsp;&nbsp;rt_object_detach
<LI><a href="#[178]">&gt;&gt;</a>&nbsp;&nbsp;&nbsp;rt_malloc
<LI><a href="#[18e]">&gt;&gt;</a>&nbsp;&nbsp;&nbsp;rt_free
<LI><a href="#[188]">&gt;&gt;</a>&nbsp;&nbsp;&nbsp;rt_exit_critical
<LI><a href="#[186]">&gt;&gt;</a>&nbsp;&nbsp;&nbsp;rt_enter_critical
<LI><a href="#[de]">&gt;&gt;</a>&nbsp;&nbsp;&nbsp;rtthread_startup
<LI><a href="#[1b6]">&gt;&gt;</a>&nbsp;&nbsp;&nbsp;rt_timer_stop
<LI><a href="#[1ad]">&gt;&gt;</a>&nbsp;&nbsp;&nbsp;rt_timer_detach
<LI><a href="#[1b4]">&gt;&gt;</a>&nbsp;&nbsp;&nbsp;rt_thread_sleep
<LI><a href="#[50]">&gt;&gt;</a>&nbsp;&nbsp;&nbsp;rt_thread_exit
<LI><a href="#[ab]">&gt;&gt;</a>&nbsp;&nbsp;&nbsp;list_thread
<LI><a href="#[1a1]">&gt;&gt;</a>&nbsp;&nbsp;&nbsp;rt_schedule_remove_thread
<LI><a href="#[1a0]">&gt;&gt;</a>&nbsp;&nbsp;&nbsp;rt_schedule_insert_thread
<LI><a href="#[fa]">&gt;&gt;</a>&nbsp;&nbsp;&nbsp;_rt_scheduler_stack_check
<LI><a href="#[106]">&gt;&gt;</a>&nbsp;&nbsp;&nbsp;rt_completion_wait
<LI><a href="#[17d]">&gt;&gt;</a>&nbsp;&nbsp;&nbsp;rt_completion_init
<LI><a href="#[179]">&gt;&gt;</a>&nbsp;&nbsp;&nbsp;rt_completion_done
<LI><a href="#[103]">&gt;&gt;</a>&nbsp;&nbsp;&nbsp;_serial_int_rx
<LI><a href="#[b3]">&gt;&gt;</a>&nbsp;&nbsp;&nbsp;list_timer
<LI><a href="#[ac]">&gt;&gt;</a>&nbsp;&nbsp;&nbsp;list_sem
<LI><a href="#[ae]">&gt;&gt;</a>&nbsp;&nbsp;&nbsp;list_mutex
<LI><a href="#[b0]">&gt;&gt;</a>&nbsp;&nbsp;&nbsp;list_msgqueue
<LI><a href="#[b2]">&gt;&gt;</a>&nbsp;&nbsp;&nbsp;list_mempool
<LI><a href="#[b1]">&gt;&gt;</a>&nbsp;&nbsp;&nbsp;list_memheap
<LI><a href="#[af]">&gt;&gt;</a>&nbsp;&nbsp;&nbsp;list_mailbox
<LI><a href="#[ad]">&gt;&gt;</a>&nbsp;&nbsp;&nbsp;list_event
<LI><a href="#[b4]">&gt;&gt;</a>&nbsp;&nbsp;&nbsp;list_device
<LI><a href="#[156]">&gt;&gt;</a>&nbsp;&nbsp;&nbsp;list_get_next
</UL>

<P><STRONG><a name="[104]"></a>rt_hw_interrupt_enable</STRONG> (Thumb, 6 bytes, Stack size 0 bytes, context_rvds.o(.text))
<BR><BR>[Called By]<UL><LI><a href="#[ef]">&gt;&gt;</a>&nbsp;&nbsp;&nbsp;rt_hw_serial_isr
<LI><a href="#[64]">&gt;&gt;</a>&nbsp;&nbsp;&nbsp;swm320_pin_irq_enable
<LI><a href="#[63]">&gt;&gt;</a>&nbsp;&nbsp;&nbsp;swm320_pin_detach_irq
<LI><a href="#[62]">&gt;&gt;</a>&nbsp;&nbsp;&nbsp;swm320_pin_attach_irq
<LI><a href="#[190]">&gt;&gt;</a>&nbsp;&nbsp;&nbsp;rt_system_heap_init
<LI><a href="#[e6]">&gt;&gt;</a>&nbsp;&nbsp;&nbsp;rt_interrupt_leave
<LI><a href="#[e1]">&gt;&gt;</a>&nbsp;&nbsp;&nbsp;rt_interrupt_enter
<LI><a href="#[1b8]">&gt;&gt;</a>&nbsp;&nbsp;&nbsp;rt_timer_check
<LI><a href="#[182]">&gt;&gt;</a>&nbsp;&nbsp;&nbsp;rt_timer_start
<LI><a href="#[17f]">&gt;&gt;</a>&nbsp;&nbsp;&nbsp;rt_thread_suspend
<LI><a href="#[17b]">&gt;&gt;</a>&nbsp;&nbsp;&nbsp;rt_thread_resume
<LI><a href="#[17c]">&gt;&gt;</a>&nbsp;&nbsp;&nbsp;rt_schedule
<LI><a href="#[19a]">&gt;&gt;</a>&nbsp;&nbsp;&nbsp;rt_object_allocate
<LI><a href="#[118]">&gt;&gt;</a>&nbsp;&nbsp;&nbsp;rt_sem_take
<LI><a href="#[139]">&gt;&gt;</a>&nbsp;&nbsp;&nbsp;rt_sem_release
<LI><a href="#[19c]">&gt;&gt;</a>&nbsp;&nbsp;&nbsp;rt_object_delete
<LI><a href="#[180]">&gt;&gt;</a>&nbsp;&nbsp;&nbsp;rt_interrupt_get_nest
<LI><a href="#[1af]">&gt;&gt;</a>&nbsp;&nbsp;&nbsp;rt_thread_idle_excute
<LI><a href="#[18c]">&gt;&gt;</a>&nbsp;&nbsp;&nbsp;rt_object_init
<LI><a href="#[19e]">&gt;&gt;</a>&nbsp;&nbsp;&nbsp;rt_object_detach
<LI><a href="#[178]">&gt;&gt;</a>&nbsp;&nbsp;&nbsp;rt_malloc
<LI><a href="#[18e]">&gt;&gt;</a>&nbsp;&nbsp;&nbsp;rt_free
<LI><a href="#[188]">&gt;&gt;</a>&nbsp;&nbsp;&nbsp;rt_exit_critical
<LI><a href="#[186]">&gt;&gt;</a>&nbsp;&nbsp;&nbsp;rt_enter_critical
<LI><a href="#[1b6]">&gt;&gt;</a>&nbsp;&nbsp;&nbsp;rt_timer_stop
<LI><a href="#[1ad]">&gt;&gt;</a>&nbsp;&nbsp;&nbsp;rt_timer_detach
<LI><a href="#[1b4]">&gt;&gt;</a>&nbsp;&nbsp;&nbsp;rt_thread_sleep
<LI><a href="#[50]">&gt;&gt;</a>&nbsp;&nbsp;&nbsp;rt_thread_exit
<LI><a href="#[ab]">&gt;&gt;</a>&nbsp;&nbsp;&nbsp;list_thread
<LI><a href="#[1a1]">&gt;&gt;</a>&nbsp;&nbsp;&nbsp;rt_schedule_remove_thread
<LI><a href="#[1a0]">&gt;&gt;</a>&nbsp;&nbsp;&nbsp;rt_schedule_insert_thread
<LI><a href="#[106]">&gt;&gt;</a>&nbsp;&nbsp;&nbsp;rt_completion_wait
<LI><a href="#[17d]">&gt;&gt;</a>&nbsp;&nbsp;&nbsp;rt_completion_init
<LI><a href="#[179]">&gt;&gt;</a>&nbsp;&nbsp;&nbsp;rt_completion_done
<LI><a href="#[103]">&gt;&gt;</a>&nbsp;&nbsp;&nbsp;_serial_int_rx
<LI><a href="#[b3]">&gt;&gt;</a>&nbsp;&nbsp;&nbsp;list_timer
<LI><a href="#[ac]">&gt;&gt;</a>&nbsp;&nbsp;&nbsp;list_sem
<LI><a href="#[ae]">&gt;&gt;</a>&nbsp;&nbsp;&nbsp;list_mutex
<LI><a href="#[b0]">&gt;&gt;</a>&nbsp;&nbsp;&nbsp;list_msgqueue
<LI><a href="#[b2]">&gt;&gt;</a>&nbsp;&nbsp;&nbsp;list_mempool
<LI><a href="#[b1]">&gt;&gt;</a>&nbsp;&nbsp;&nbsp;list_memheap
<LI><a href="#[af]">&gt;&gt;</a>&nbsp;&nbsp;&nbsp;list_mailbox
<LI><a href="#[ad]">&gt;&gt;</a>&nbsp;&nbsp;&nbsp;list_event
<LI><a href="#[b4]">&gt;&gt;</a>&nbsp;&nbsp;&nbsp;list_device
<LI><a href="#[156]">&gt;&gt;</a>&nbsp;&nbsp;&nbsp;list_get_next
</UL>

<P><STRONG><a name="[1a2]"></a>rt_hw_context_switch</STRONG> (Thumb, 32 bytes, Stack size 0 bytes, context_rvds.o(.text))
<BR><BR>[Called By]<UL><LI><a href="#[17c]">&gt;&gt;</a>&nbsp;&nbsp;&nbsp;rt_schedule
</UL>

<P><STRONG><a name="[1a3]"></a>rt_hw_context_switch_interrupt</STRONG> (Thumb, 0 bytes, Stack size 0 bytes, context_rvds.o(.text))
<BR><BR>[Called By]<UL><LI><a href="#[17c]">&gt;&gt;</a>&nbsp;&nbsp;&nbsp;rt_schedule
</UL>

<P><STRONG><a name="[b]"></a>PendSV_Handler</STRONG> (Thumb, 60 bytes, Stack size 0 bytes, context_rvds.o(.text))
<BR>[Address Reference Count : 1]<UL><LI> startup_swm320.o(RESET)
</UL>
<P><STRONG><a name="[1ab]"></a>rt_hw_context_switch_to</STRONG> (Thumb, 58 bytes, Stack size 0 bytes, context_rvds.o(.text))
<BR><BR>[Called By]<UL><LI><a href="#[1aa]">&gt;&gt;</a>&nbsp;&nbsp;&nbsp;rt_system_scheduler_start
</UL>

<P><STRONG><a name="[1f9]"></a>rt_hw_interrupt_thread_switch</STRONG> (Thumb, 2 bytes, Stack size 0 bytes, context_rvds.o(.text), UNUSED)

<P><STRONG><a name="[5]"></a>HardFault_Handler</STRONG> (Thumb, 52 bytes, Stack size 0 bytes, context_rvds.o(.text))
<BR><BR>[Stack]<UL><LI>Max Depth = 444<LI>Call Chain = HardFault_Handler &rArr; rt_hw_hard_fault_exception &rArr; list_thread &rArr; object_split &rArr; rt_kprintf &rArr; rt_vsnprintf &rArr; print_number
</UL>
<BR>[Calls]<UL><LI><a href="#[ce]">&gt;&gt;</a>&nbsp;&nbsp;&nbsp;rt_hw_hard_fault_exception
</UL>
<BR>[Address Reference Count : 1]<UL><LI> startup_swm320.o(RESET)
</UL>
<P><STRONG><a name="[cf]"></a>atoi</STRONG> (Thumb, 26 bytes, Stack size 16 bytes, atoi.o(.text))
<BR><BR>[Stack]<UL><LI>Max Depth = 88<LI>Call Chain = atoi &rArr; strtol &rArr; _strtoul
</UL>
<BR>[Calls]<UL><LI><a href="#[d1]">&gt;&gt;</a>&nbsp;&nbsp;&nbsp;strtol
<LI><a href="#[d0]">&gt;&gt;</a>&nbsp;&nbsp;&nbsp;__aeabi_errno_addr
</UL>
<BR>[Called By]<UL><LI><a href="#[a8]">&gt;&gt;</a>&nbsp;&nbsp;&nbsp;pwm_set
<LI><a href="#[a6]">&gt;&gt;</a>&nbsp;&nbsp;&nbsp;pwm_enable
<LI><a href="#[a7]">&gt;&gt;</a>&nbsp;&nbsp;&nbsp;pwm_disable
<LI><a href="#[1ce]">&gt;&gt;</a>&nbsp;&nbsp;&nbsp;token_proc_char
</UL>

<P><STRONG><a name="[1c0]"></a>memcmp</STRONG> (Thumb, 88 bytes, Stack size 8 bytes, memcmp.o(.text))
<BR><BR>[Stack]<UL><LI>Max Depth = 8<LI>Call Chain = memcmp
</UL>
<BR>[Called By]<UL><LI><a href="#[14d]">&gt;&gt;</a>&nbsp;&nbsp;&nbsp;shell_push_history
</UL>

<P><STRONG><a name="[115]"></a>strcpy</STRONG> (Thumb, 72 bytes, Stack size 12 bytes, strcpy.o(.text))
<BR><BR>[Stack]<UL><LI>Max Depth = 12<LI>Call Chain = strcpy
</UL>
<BR>[Called By]<UL><LI><a href="#[113]">&gt;&gt;</a>&nbsp;&nbsp;&nbsp;finsh_get_prompt
</UL>

<P><STRONG><a name="[12e]"></a>strlen</STRONG> (Thumb, 62 bytes, Stack size 8 bytes, strlen.o(.text))
<BR><BR>[Stack]<UL><LI>Max Depth = 8<LI>Call Chain = strlen
</UL>
<BR>[Called By]<UL><LI><a href="#[128]">&gt;&gt;</a>&nbsp;&nbsp;&nbsp;finsh_sysvar_lookup
<LI><a href="#[129]">&gt;&gt;</a>&nbsp;&nbsp;&nbsp;finsh_syscall_lookup
<LI><a href="#[12d]">&gt;&gt;</a>&nbsp;&nbsp;&nbsp;finsh_node_new_string
<LI><a href="#[164]">&gt;&gt;</a>&nbsp;&nbsp;&nbsp;msh_auto_complete
<LI><a href="#[15b]">&gt;&gt;</a>&nbsp;&nbsp;&nbsp;list_prefix
<LI><a href="#[53]">&gt;&gt;</a>&nbsp;&nbsp;&nbsp;finsh_thread_entry
<LI><a href="#[1d0]">&gt;&gt;</a>&nbsp;&nbsp;&nbsp;token_proc_number
<LI><a href="#[1cb]">&gt;&gt;</a>&nbsp;&nbsp;&nbsp;token_next_char
</UL>

<P><STRONG><a name="[141]"></a>strncmp</STRONG> (Thumb, 150 bytes, Stack size 16 bytes, strncmp.o(.text))
<BR><BR>[Stack]<UL><LI>Max Depth = 16<LI>Call Chain = strncmp
</UL>
<BR>[Called By]<UL><LI><a href="#[127]">&gt;&gt;</a>&nbsp;&nbsp;&nbsp;finsh_var_lookup
<LI><a href="#[128]">&gt;&gt;</a>&nbsp;&nbsp;&nbsp;finsh_sysvar_lookup
<LI><a href="#[129]">&gt;&gt;</a>&nbsp;&nbsp;&nbsp;finsh_syscall_lookup
<LI><a href="#[b8]">&gt;&gt;</a>&nbsp;&nbsp;&nbsp;msh_help
<LI><a href="#[f7]">&gt;&gt;</a>&nbsp;&nbsp;&nbsp;msh_get_cmd
<LI><a href="#[b5]">&gt;&gt;</a>&nbsp;&nbsp;&nbsp;list
<LI><a href="#[164]">&gt;&gt;</a>&nbsp;&nbsp;&nbsp;msh_auto_complete
<LI><a href="#[150]">&gt;&gt;</a>&nbsp;&nbsp;&nbsp;finsh_var_insert
</UL>

<P><STRONG><a name="[116]"></a>strcat</STRONG> (Thumb, 24 bytes, Stack size 0 bytes, strcat.o(.text))
<BR><BR>[Called By]<UL><LI><a href="#[113]">&gt;&gt;</a>&nbsp;&nbsp;&nbsp;finsh_get_prompt
</UL>

<P><STRONG><a name="[149]"></a>__aeabi_memcpy</STRONG> (Thumb, 0 bytes, Stack size 0 bytes, rt_memcpy_v6.o(.text))
<BR><BR>[Called By]<UL><LI><a href="#[53]">&gt;&gt;</a>&nbsp;&nbsp;&nbsp;finsh_thread_entry
<LI><a href="#[14d]">&gt;&gt;</a>&nbsp;&nbsp;&nbsp;shell_push_history
</UL>

<P><STRONG><a name="[d2]"></a>__rt_memcpy</STRONG> (Thumb, 138 bytes, Stack size 0 bytes, rt_memcpy_v6.o(.text), UNUSED)
<BR><BR>[Calls]<UL><LI><a href="#[d3]">&gt;&gt;</a>&nbsp;&nbsp;&nbsp;__aeabi_memcpy4
</UL>

<P><STRONG><a name="[1fa]"></a>_memcpy_lastbytes</STRONG> (Thumb, 0 bytes, Stack size unknown bytes, rt_memcpy_v6.o(.text), UNUSED)

<P><STRONG><a name="[d3]"></a>__aeabi_memcpy4</STRONG> (Thumb, 0 bytes, Stack size 8 bytes, rt_memcpy_w.o(.text))
<BR><BR>[Stack]<UL><LI>Max Depth = 8<LI>Call Chain = __aeabi_memcpy4
</UL>
<BR>[Called By]<UL><LI><a href="#[ab]">&gt;&gt;</a>&nbsp;&nbsp;&nbsp;list_thread
<LI><a href="#[d2]">&gt;&gt;</a>&nbsp;&nbsp;&nbsp;__rt_memcpy
</UL>

<P><STRONG><a name="[1fb]"></a>__aeabi_memcpy8</STRONG> (Thumb, 0 bytes, Stack size 8 bytes, rt_memcpy_w.o(.text), UNUSED)

<P><STRONG><a name="[1fc]"></a>__rt_memcpy_w</STRONG> (Thumb, 100 bytes, Stack size 8 bytes, rt_memcpy_w.o(.text), UNUSED)

<P><STRONG><a name="[1fd]"></a>_memcpy_lastbytes_aligned</STRONG> (Thumb, 0 bytes, Stack size unknown bytes, rt_memcpy_w.o(.text), UNUSED)

<P><STRONG><a name="[d7]"></a>__aeabi_memclr</STRONG> (Thumb, 0 bytes, Stack size 0 bytes, rt_memclr.o(.text))
<BR><BR>[Called By]<UL><LI><a href="#[10d]">&gt;&gt;</a>&nbsp;&nbsp;&nbsp;finsh_compiler_run
<LI><a href="#[14d]">&gt;&gt;</a>&nbsp;&nbsp;&nbsp;shell_push_history
<LI><a href="#[d6]">&gt;&gt;</a>&nbsp;&nbsp;&nbsp;strncpy
</UL>

<P><STRONG><a name="[d4]"></a>__rt_memclr</STRONG> (Thumb, 68 bytes, Stack size 0 bytes, rt_memclr.o(.text), UNUSED)
<BR><BR>[Calls]<UL><LI><a href="#[d5]">&gt;&gt;</a>&nbsp;&nbsp;&nbsp;_memset_w
</UL>

<P><STRONG><a name="[1fe]"></a>_memset</STRONG> (Thumb, 0 bytes, Stack size unknown bytes, rt_memclr.o(.text), UNUSED)

<P><STRONG><a name="[f8]"></a>__aeabi_memclr4</STRONG> (Thumb, 0 bytes, Stack size 4 bytes, rt_memclr_w.o(.text))
<BR><BR>[Stack]<UL><LI>Max Depth = 4<LI>Call Chain = __aeabi_memclr4
</UL>
<BR>[Called By]<UL><LI><a href="#[123]">&gt;&gt;</a>&nbsp;&nbsp;&nbsp;finsh_var_init
<LI><a href="#[110]">&gt;&gt;</a>&nbsp;&nbsp;&nbsp;finsh_parser_init
<LI><a href="#[111]">&gt;&gt;</a>&nbsp;&nbsp;&nbsp;finsh_node_init
<LI><a href="#[121]">&gt;&gt;</a>&nbsp;&nbsp;&nbsp;finsh_heap_init
<LI><a href="#[11a]">&gt;&gt;</a>&nbsp;&nbsp;&nbsp;finsh_heap_allocate
<LI><a href="#[f6]">&gt;&gt;</a>&nbsp;&nbsp;&nbsp;_msh_exec_cmd
<LI><a href="#[53]">&gt;&gt;</a>&nbsp;&nbsp;&nbsp;finsh_thread_entry
<LI><a href="#[13a]">&gt;&gt;</a>&nbsp;&nbsp;&nbsp;finsh_set_device
<LI><a href="#[130]">&gt;&gt;</a>&nbsp;&nbsp;&nbsp;finsh_token_init
</UL>

<P><STRONG><a name="[1ff]"></a>__aeabi_memclr8</STRONG> (Thumb, 0 bytes, Stack size 4 bytes, rt_memclr_w.o(.text), UNUSED)

<P><STRONG><a name="[200]"></a>__rt_memclr_w</STRONG> (Thumb, 78 bytes, Stack size 4 bytes, rt_memclr_w.o(.text), UNUSED)

<P><STRONG><a name="[d5]"></a>_memset_w</STRONG> (Thumb, 0 bytes, Stack size unknown bytes, rt_memclr_w.o(.text), UNUSED)
<BR><BR>[Called By]<UL><LI><a href="#[d4]">&gt;&gt;</a>&nbsp;&nbsp;&nbsp;__rt_memclr
</UL>

<P><STRONG><a name="[d6]"></a>strncpy</STRONG> (Thumb, 86 bytes, Stack size 8 bytes, strncpy.o(.text))
<BR><BR>[Stack]<UL><LI>Max Depth = 8<LI>Call Chain = strncpy
</UL>
<BR>[Calls]<UL><LI><a href="#[d7]">&gt;&gt;</a>&nbsp;&nbsp;&nbsp;__aeabi_memclr
</UL>
<BR>[Called By]<UL><LI><a href="#[12d]">&gt;&gt;</a>&nbsp;&nbsp;&nbsp;finsh_node_new_string
<LI><a href="#[113]">&gt;&gt;</a>&nbsp;&nbsp;&nbsp;finsh_get_prompt
<LI><a href="#[150]">&gt;&gt;</a>&nbsp;&nbsp;&nbsp;finsh_var_insert
<LI><a href="#[172]">&gt;&gt;</a>&nbsp;&nbsp;&nbsp;proc_identifier
</UL>

<P><STRONG><a name="[140]"></a>strcmp</STRONG> (Thumb, 128 bytes, Stack size 0 bytes, strcmpv7m.o(.text))
<BR><BR>[Called By]<UL><LI><a href="#[128]">&gt;&gt;</a>&nbsp;&nbsp;&nbsp;finsh_sysvar_lookup
<LI><a href="#[129]">&gt;&gt;</a>&nbsp;&nbsp;&nbsp;finsh_syscall_lookup
<LI><a href="#[4f]">&gt;&gt;</a>&nbsp;&nbsp;&nbsp;_get_lc_ctype
<LI><a href="#[1cd]">&gt;&gt;</a>&nbsp;&nbsp;&nbsp;token_match_name
</UL>

<P><STRONG><a name="[201]"></a>__use_two_region_memory</STRONG> (Thumb, 2 bytes, Stack size 0 bytes, heapauxi.o(.text), UNUSED)

<P><STRONG><a name="[202]"></a>__rt_heap_escrow$2region</STRONG> (Thumb, 2 bytes, Stack size 0 bytes, heapauxi.o(.text), UNUSED)

<P><STRONG><a name="[203]"></a>__rt_heap_expand$2region</STRONG> (Thumb, 2 bytes, Stack size 0 bytes, heapauxi.o(.text), UNUSED)

<P><STRONG><a name="[d0]"></a>__aeabi_errno_addr</STRONG> (Thumb, 8 bytes, Stack size 0 bytes, rt_errno_addr_intlibspace.o(.text))
<BR><BR>[Called By]<UL><LI><a href="#[d9]">&gt;&gt;</a>&nbsp;&nbsp;&nbsp;_strtoul
<LI><a href="#[d1]">&gt;&gt;</a>&nbsp;&nbsp;&nbsp;strtol
<LI><a href="#[cf]">&gt;&gt;</a>&nbsp;&nbsp;&nbsp;atoi
</UL>

<P><STRONG><a name="[204]"></a>__errno$intlibspace</STRONG> (Thumb, 0 bytes, Stack size 0 bytes, rt_errno_addr_intlibspace.o(.text), UNUSED)

<P><STRONG><a name="[205]"></a>__rt_errno_addr$intlibspace</STRONG> (Thumb, 0 bytes, Stack size 0 bytes, rt_errno_addr_intlibspace.o(.text), UNUSED)

<P><STRONG><a name="[d1]"></a>strtol</STRONG> (Thumb, 112 bytes, Stack size 32 bytes, strtol.o(.text))
<BR><BR>[Stack]<UL><LI>Max Depth = 72<LI>Call Chain = strtol &rArr; _strtoul
</UL>
<BR>[Calls]<UL><LI><a href="#[d9]">&gt;&gt;</a>&nbsp;&nbsp;&nbsp;_strtoul
<LI><a href="#[d8]">&gt;&gt;</a>&nbsp;&nbsp;&nbsp;__rt_ctype_table
<LI><a href="#[d0]">&gt;&gt;</a>&nbsp;&nbsp;&nbsp;__aeabi_errno_addr
</UL>
<BR>[Called By]<UL><LI><a href="#[cf]">&gt;&gt;</a>&nbsp;&nbsp;&nbsp;atoi
</UL>

<P><STRONG><a name="[206]"></a>__user_libspace</STRONG> (Thumb, 8 bytes, Stack size 0 bytes, libspace.o(.text), UNUSED)

[...]
</UL>

<P><STRONG><a name="[11b]"></a>finsh_heap_gc</STRONG> (Thumb, 78 bytes, Stack size 16 bytes, finsh_heap.o(i.finsh_heap_gc))
<BR><BR>[Stack]<UL><LI>Max Depth = 44<LI>Call Chain = finsh_heap_gc &rArr; finsh_heap_free &rArr; finsh_block_merge
</UL>
<BR>[Calls]<UL><LI><a href="#[11f]">&gt;&gt;</a>&nbsp;&nbsp;&nbsp;finsh_heap_free
</UL>
<BR>[Called By]<UL><LI><a href="#[11a]">&gt;&gt;</a>&nbsp;&nbsp;&nbsp;finsh_heap_allocate
</UL>

<P><STRONG><a name="[163]"></a>make_sys_node</STRONG> (Thumb, 40 bytes, Stack size 24 bytes, finsh_parser.o(i.make_sys_node))
<BR><BR>[Stack]<UL><LI>Max Depth = 24<LI>Call Chain = make_sys_node
</UL>
<BR>[Calls]<UL><LI><a href="#[125]">&gt;&gt;</a>&nbsp;&nbsp;&nbsp;finsh_node_allocate
<LI><a href="#[10c]">&gt;&gt;</a>&nbsp;&nbsp;&nbsp;finsh_error_set
</UL>
<BR>[Called By]<UL><LI><a href="#[133]">&gt;&gt;</a>&nbsp;&nbsp;&nbsp;proc_variable_decl
<LI><a href="#[16f]">&gt;&gt;</a>&nbsp;&nbsp;&nbsp;proc_unary_expr
<LI><a href="#[16a]">&gt;&gt;</a>&nbsp;&nbsp;&nbsp;proc_shift_expr
<LI><a href="#[174]">&gt;&gt;</a>&nbsp;&nbsp;&nbsp;proc_postfix_expr
<LI><a href="#[168]">&gt;&gt;</a>&nbsp;&nbsp;&nbsp;proc_multiplicative_expr
<LI><a href="#[16c]">&gt;&gt;</a>&nbsp;&nbsp;&nbsp;proc_inclusive_or_expr
<LI><a href="#[170]">&gt;&gt;</a>&nbsp;&nbsp;&nbsp;proc_exclusive_or_expr
<LI><a href="#[16b]">&gt;&gt;</a>&nbsp;&nbsp;&nbsp;proc_assign_expr
<LI><a href="#[169]">&gt;&gt;</a>&nbsp;&nbsp;&nbsp;proc_and_expr
<LI><a href="#[167]">&gt;&gt;</a>&nbsp;&nbsp;&nbsp;proc_additive_expr
</UL>

<P><STRONG><a name="[167]"></a>proc_additive_expr</STRONG> (Thumb, 114 bytes, Stack size 24 bytes, finsh_parser.o(i.proc_additive_expr))
<BR><BR>[Stack]<UL><LI>Max Depth = 400<LI>Call Chain = proc_additive_expr &rArr; proc_multiplicative_expr &rArr; proc_cast_expr &rArr;  proc_cast_expr (Cycle)
</UL>
<BR>[Calls]<UL><LI><a href="#[10c]">&gt;&gt;</a>&nbsp;&nbsp;&nbsp;finsh_error_set
<LI><a href="#[131]">&gt;&gt;</a>&nbsp;&nbsp;&nbsp;finsh_token_token
<LI><a href="#[168]">&gt;&gt;</a>&nbsp;&nbsp;&nbsp;proc_multiplicative_expr
<LI><a href="#[163]">&gt;&gt;</a>&nbsp;&nbsp;&nbsp;make_sys_node
</UL>
<BR>[Called By]<UL><LI><a href="#[16a]">&gt;&gt;</a>&nbsp;&nbsp;&nbsp;proc_shift_expr
</UL>

<P><STRONG><a name="[169]"></a>proc_and_expr</STRONG> (Thumb, 76 bytes, Stack size 24 bytes, finsh_parser.o(i.proc_and_expr))
<BR><BR>[Stack]<UL><LI>Max Depth = 448<LI>Call Chain = proc_and_expr &rArr; proc_shift_expr &rArr; proc_additive_expr &rArr; proc_multiplicative_expr &rArr; proc_cast_expr &rArr;  proc_cast_expr (Cycle)
</UL>
<BR>[Calls]<UL><LI><a href="#[10c]">&gt;&gt;</a>&nbsp;&nbsp;&nbsp;finsh_error_set
<LI><a href="#[131]">&gt;&gt;</a>&nbsp;&nbsp;&nbsp;finsh_token_token
<LI><a href="#[16a]">&gt;&gt;</a>&nbsp;&nbsp;&nbsp;proc_shift_expr
<LI><a href="#[163]">&gt;&gt;</a>&nbsp;&nbsp;&nbsp;make_sys_node
</UL>
<BR>[Called By]<UL><LI><a href="#[170]">&gt;&gt;</a>&nbsp;&nbsp;&nbsp;proc_exclusive_or_expr
</UL>

<P><STRONG><a name="[16b]"></a>proc_assign_expr</STRONG> (Thumb, 56 bytes, Stack size 24 bytes, finsh_parser.o(i.proc_assign_expr))
<BR><BR>[Stack]<UL><LI>Max Depth = 520 + In Cycle
<LI>Call Chain = proc_assign_expr &rArr;  proc_assign_expr (Cycle)
</UL>
<BR>[Calls]<UL><LI><a href="#[131]">&gt;&gt;</a>&nbsp;&nbsp;&nbsp;finsh_token_token
<LI><a href="#[16c]">&gt;&gt;</a>&nbsp;&nbsp;&nbsp;proc_inclusive_or_expr
<LI><a href="#[16b]">&gt;&gt;</a>&nbsp;&nbsp;&nbsp;proc_assign_expr
<LI><a href="#[163]">&gt;&gt;</a>&nbsp;&nbsp;&nbsp;make_sys_node
</UL>
<BR>[Called By]<UL><LI><a href="#[133]">&gt;&gt;</a>&nbsp;&nbsp;&nbsp;proc_variable_decl
<LI><a href="#[173]">&gt;&gt;</a>&nbsp;&nbsp;&nbsp;proc_param_list
<LI><a href="#[171]">&gt;&gt;</a>&nbsp;&nbsp;&nbsp;proc_expr
<LI><a href="#[16b]">&gt;&gt;</a>&nbsp;&nbsp;&nbsp;proc_assign_expr
</UL>

<P><STRONG><a name="[16d]"></a>proc_cast_expr</STRONG> (Thumb, 78 bytes, Stack size 24 bytes, finsh_parser.o(i.proc_cast_expr))
<BR><BR>[Stack]<UL><LI>Max Depth = 352 + In Cycle
<LI>Call Chain = proc_cast_expr &rArr;  proc_cast_expr (Cycle)
</UL>
<BR>[Calls]<UL><LI><a href="#[10c]">&gt;&gt;</a>&nbsp;&nbsp;&nbsp;finsh_error_set
<LI><a href="#[131]">&gt;&gt;</a>&nbsp;&nbsp;&nbsp;finsh_token_token
<LI><a href="#[16f]">&gt;&gt;</a>&nbsp;&nbsp;&nbsp;proc_unary_expr
<LI><a href="#[16e]">&gt;&gt;</a>&nbsp;&nbsp;&nbsp;proc_type
<LI><a href="#[16d]">&gt;&gt;</a>&nbsp;&nbsp;&nbsp;proc_cast_expr
</UL>
<BR>[Called By]<UL><LI><a href="#[16f]">&gt;&gt;</a>&nbsp;&nbsp;&nbsp;proc_unary_expr
<LI><a href="#[168]">&gt;&gt;</a>&nbsp;&nbsp;&nbsp;proc_multiplicative_expr
<LI><a href="#[16d]">&gt;&gt;</a>&nbsp;&nbsp;&nbsp;proc_cast_expr
</UL>

<P><STRONG><a name="[170]"></a>proc_exclusive_or_expr</STRONG> (Thumb, 76 bytes, Stack size 24 bytes, finsh_parser.o(i.proc_exclusive_or_expr))
<BR><BR>[Stack]<UL><LI>Max Depth = 472<LI>Call Chain = proc_exclusive_or_expr &rArr; proc_and_expr &rArr; proc_shift_expr &rArr; proc_additive_expr &rArr; proc_multiplicative_expr &rArr; proc_cast_expr &rArr;  proc_cast_expr (Cycle)
</UL>
<BR>[Calls]<UL><LI><a href="#[10c]">&gt;&gt;</a>&nbsp;&nbsp;&nbsp;finsh_error_set
<LI><a href="#[131]">&gt;&gt;</a>&nbsp;&nbsp;&nbsp;finsh_token_token
<LI><a href="#[169]">&gt;&gt;</a>&nbsp;&nbsp;&nbsp;proc_and_expr
<LI><a href="#[163]">&gt;&gt;</a>&nbsp;&nbsp;&nbsp;make_sys_node
</UL>
<BR>[Called By]<UL><LI><a href="#[16c]">&gt;&gt;</a>&nbsp;&nbsp;&nbsp;proc_inclusive_or_expr
</UL>

<P><STRONG><a name="[171]"></a>proc_expr</STRONG> (Thumb, 12 bytes, Stack size 8 bytes, finsh_parser.o(i.proc_expr))
<BR><BR>[Stack]<UL><LI>Max Depth = 8 + In Cycle
<LI>Call Chain = proc_expr &rArr;  proc_assign_expr (Cycle)
</UL>
<BR>[Calls]<UL><LI><a href="#[16b]">&gt;&gt;</a>&nbsp;&nbsp;&nbsp;proc_assign_expr
</UL>
<BR>[Called By]<UL><LI><a href="#[175]">&gt;&gt;</a>&nbsp;&nbsp;&nbsp;proc_primary_expr
<LI><a href="#[132]">&gt;&gt;</a>&nbsp;&nbsp;&nbsp;proc_expr_statement
</UL>

<P><STRONG><a name="[132]"></a>proc_expr_statement</STRONG> (Thumb, 56 bytes, Stack size 16 bytes, finsh_parser.o(i.proc_expr_statement))
<BR><BR>[Stack]<UL><LI>Max Depth = 240<LI>Call Chain = proc_expr_statement &rArr; finsh_token_token &rArr; token_run &rArr; token_proc_number &rArr; token_spec_number
</UL>
<BR>[Calls]<UL><LI><a href="#[10c]">&gt;&gt;</a>&nbsp;&nbsp;&nbsp;finsh_error_set
<LI><a href="#[131]">&gt;&gt;</a>&nbsp;&nbsp;&nbsp;finsh_token_token
<LI><a href="#[171]">&gt;&gt;</a>&nbsp;&nbsp;&nbsp;proc_expr
</UL>
<BR>[Called By]<UL><LI><a href="#[12f]">&gt;&gt;</a>&nbsp;&nbsp;&nbsp;finsh_parser_run
</UL>

<P><STRONG><a name="[172]"></a>proc_identifier</STRONG> (Thumb, 44 bytes, Stack size 16 bytes, finsh_parser.o(i.proc_identifier))
<BR><BR>[Stack]<UL><LI>Max Depth = 240<LI>Call Chain = proc_identifier &rArr; finsh_token_token &rArr; token_run &rArr; token_proc_number &rArr; token_spec_number
</UL>
<BR>[Calls]<UL><LI><a href="#[10c]">&gt;&gt;</a>&nbsp;&nbsp;&nbsp;finsh_error_set
<LI><a href="#[d6]">&gt;&gt;</a>&nbsp;&nbsp;&nbsp;strncpy
<LI><a href="#[131]">&gt;&gt;</a>&nbsp;&nbsp;&nbsp;finsh_token_token
</UL>
<BR>[Called By]<UL><LI><a href="#[133]">&gt;&gt;</a>&nbsp;&nbsp;&nbsp;proc_variable_decl
<LI><a href="#[175]">&gt;&gt;</a>&nbsp;&nbsp;&nbsp;proc_primary_expr
</UL>

<P><STRONG><a name="[16c]"></a>proc_inclusive_or_expr</STRONG> (Thumb, 76 bytes, Stack size 24 bytes, finsh_parser.o(i.proc_inclusive_or_expr))
<BR><BR>[Stack]<UL><LI>Max Depth = 496<LI>Call Chain = proc_inclusive_or_expr &rArr; proc_exclusive_or_expr &rArr; proc_and_expr &rArr; proc_shift_expr &rArr; proc_additive_expr &rArr; proc_multiplicative_expr &rArr; proc_cast_expr &rArr;  proc_cast_expr (Cycle)
</UL>
<BR>[Calls]<UL><LI><a href="#[10c]">&gt;&gt;</a>&nbsp;&nbsp;&nbsp;finsh_error_set
<LI><a href="#[131]">&gt;&gt;</a>&nbsp;&nbsp;&nbsp;finsh_token_token
<LI><a href="#[170]">&gt;&gt;</a>&nbsp;&nbsp;&nbsp;proc_exclusive_or_expr
<LI><a href="#[163]">&gt;&gt;</a>&nbsp;&nbsp;&nbsp;make_sys_node
</UL>
<BR>[Called By]<UL><LI><a href="#[16b]">&gt;&gt;</a>&nbsp;&nbsp;&nbsp;proc_assign_expr
</UL>

<P><STRONG><a name="[168]"></a>proc_multiplicative_expr</STRONG> (Thumb, 138 bytes, Stack size 24 bytes, finsh_parser.o(i.proc_multiplicative_expr))
<BR><BR>[Stack]<UL><LI>Max Depth = 376<LI>Call Chain = proc_multiplicative_expr &rArr; proc_cast_expr &rArr;  proc_cast_expr (Cycle)
</UL>
<BR>[Calls]<UL><LI><a href="#[10c]">&gt;&gt;</a>&nbsp;&nbsp;&nbsp;finsh_error_set
<LI><a href="#[131]">&gt;&gt;</a>&nbsp;&nbsp;&nbsp;finsh_token_token
<LI><a href="#[16d]">&gt;&gt;</a>&nbsp;&nbsp;&nbsp;proc_cast_expr
<LI><a href="#[163]">&gt;&gt;</a>&nbsp;&nbsp;&nbsp;make_sys_node
</UL>
<BR>[Called By]<UL><LI><a href="#[167]">&gt;&gt;</a>&nbsp;&nbsp;&nbsp;proc_additive_expr
</UL>

<P><STRONG><a name="[173]"></a>proc_param_list</STRONG> (Thumb, 76 bytes, Stack size 24 bytes, finsh_parser.o(i.proc_param_list))
<BR><BR>[Stack]<UL><LI>Max Depth = 248 + In Cycle
<LI>Call Chain = proc_param_list &rArr;  proc_assign_expr (Cycle)
</UL>
<BR>[Calls]<UL><LI><a href="#[10c]">&gt;&gt;</a>&nbsp;&nbsp;&nbsp;finsh_error_set
<LI><a href="#[131]">&gt;&gt;</a>&nbsp;&nbsp;&nbsp;finsh_token_token
<LI><a href="#[16b]">&gt;&gt;</a>&nbsp;&nbsp;&nbsp;proc_assign_expr
</UL>
<BR>[Called By]<UL><LI><a href="#[174]">&gt;&gt;</a>&nbsp;&nbsp;&nbsp;proc_postfix_expr
</UL>

<P><STRONG><a name="[174]"></a>proc_postfix_expr</STRONG> (Thumb, 162 bytes, Stack size 24 bytes, finsh_parser.o(i.proc_postfix_expr))
<BR><BR>[Stack]<UL><LI>Max Depth = 304<LI>Call Chain = proc_postfix_expr &rArr; proc_primary_expr &rArr; proc_identifier &rArr; finsh_token_token &rArr; token_run &rArr; token_proc_number &rArr; token_spec_number
</UL>
<BR>[Calls]<UL><LI><a href="#[10c]">&gt;&gt;</a>&nbsp;&nbsp;&nbsp;finsh_error_set
<LI><a href="#[131]">&gt;&gt;</a>&nbsp;&nbsp;&nbsp;finsh_token_token
<LI><a href="#[175]">&gt;&gt;</a>&nbsp;&nbsp;&nbsp;proc_primary_expr
<LI><a href="#[173]">&gt;&gt;</a>&nbsp;&nbsp;&nbsp;proc_param_list
<LI><a href="#[163]">&gt;&gt;</a>&nbsp;&nbsp;&nbsp;make_sys_node
</UL>
<BR>[Called By]<UL><LI><a href="#[16f]">&gt;&gt;</a>&nbsp;&nbsp;&nbsp;proc_unary_expr
</UL>

<P><STRONG><a name="[175]"></a>proc_primary_expr</STRONG> (Thumb, 158 bytes, Stack size 40 bytes, finsh_parser.o(i.proc_primary_expr))
<BR><BR>[Stack]<UL><LI>Max Depth = 280<LI>Call Chain = proc_primary_expr &rArr; proc_identifier &rArr; finsh_token_token &rArr; token_run &rArr; token_proc_number &rArr; token_spec_number
</UL>
<BR>[Calls]<UL><LI><a href="#[12d]">&gt;&gt;</a>&nbsp;&nbsp;&nbsp;finsh_node_new_string
<LI><a href="#[12c]">&gt;&gt;</a>&nbsp;&nbsp;&nbsp;finsh_node_new_ptr
<LI><a href="#[12b]">&gt;&gt;</a>&nbsp;&nbsp;&nbsp;finsh_node_new_long
<LI><a href="#[12a]">&gt;&gt;</a>&nbsp;&nbsp;&nbsp;finsh_node_new_int
<LI><a href="#[126]">&gt;&gt;</a>&nbsp;&nbsp;&nbsp;finsh_node_new_id
<LI><a href="#[124]">&gt;&gt;</a>&nbsp;&nbsp;&nbsp;finsh_node_new_char
<LI><a href="#[10c]">&gt;&gt;</a>&nbsp;&nbsp;&nbsp;finsh_error_set
<LI><a href="#[131]">&gt;&gt;</a>&nbsp;&nbsp;&nbsp;finsh_token_token
<LI><a href="#[172]">&gt;&gt;</a>&nbsp;&nbsp;&nbsp;proc_identifier
<LI><a href="#[171]">&gt;&gt;</a>&nbsp;&nbsp;&nbsp;proc_expr
</UL>
<BR>[Called By]<UL><LI><a href="#[174]">&gt;&gt;</a>&nbsp;&nbsp;&nbsp;proc_postfix_expr
</UL>

<P><STRONG><a name="[16a]"></a>proc_shift_expr</STRONG> (Thumb, 116 bytes, Stack size 24 bytes, finsh_parser.o(i.proc_shift_expr))
<BR><BR>[Stack]<UL><LI>Max Depth = 424<LI>Call Chain = proc_shift_expr &rArr; proc_additive_expr &rArr; proc_multiplicative_expr &rArr; proc_cast_expr &rArr;  proc_cast_expr (Cycle)
</UL>
<BR>[Calls]<UL><LI><a href="#[10c]">&gt;&gt;</a>&nbsp;&nbsp;&nbsp;finsh_error_set
<LI><a href="#[131]">&gt;&gt;</a>&nbsp;&nbsp;&nbsp;finsh_token_token
<LI><a href="#[167]">&gt;&gt;</a>&nbsp;&nbsp;&nbsp;proc_additive_expr
<LI><a href="#[163]">&gt;&gt;</a>&nbsp;&nbsp;&nbsp;make_sys_node
</UL>
<BR>[Called By]<UL><LI><a href="#[169]">&gt;&gt;</a>&nbsp;&nbsp;&nbsp;proc_and_expr
</UL>

<P><STRONG><a name="[16e]"></a>proc_type</STRONG> (Thumb, 250 bytes, Stack size 16 bytes, finsh_parser.o(i.proc_type))
<BR><BR>[Stack]<UL><LI>Max Depth = 240<LI>Call Chain = proc_type &rArr; finsh_token_token &rArr; token_run &rArr; token_proc_number &rArr; token_spec_number
</UL>
<BR>[Calls]<UL><LI><a href="#[10c]">&gt;&gt;</a>&nbsp;&nbsp;&nbsp;finsh_error_set
<LI><a href="#[131]">&gt;&gt;</a>&nbsp;&nbsp;&nbsp;finsh_token_token
</UL>
<BR>[Called By]<UL><LI><a href="#[133]">&gt;&gt;</a>&nbsp;&nbsp;&nbsp;proc_variable_decl
<LI><a href="#[16d]">&gt;&gt;</a>&nbsp;&nbsp;&nbsp;proc_cast_expr
</UL>

<P><STRONG><a name="[16f]"></a>proc_unary_expr</STRONG> (Thumb, 190 bytes, Stack size 24 bytes, finsh_parser.o(i.proc_unary_expr))
<BR><BR>[Stack]<UL><LI>Max Depth = 328 + In Cycle
<LI>Call Chain = proc_unary_expr &rArr;  proc_cast_expr (Cycle)
</UL>
<BR>[Calls]<UL><LI><a href="#[12b]">&gt;&gt;</a>&nbsp;&nbsp;&nbsp;finsh_node_new_long
<LI><a href="#[131]">&gt;&gt;</a>&nbsp;&nbsp;&nbsp;finsh_token_token
<LI><a href="#[174]">&gt;&gt;</a>&nbsp;&nbsp;&nbsp;proc_postfix_expr
<LI><a href="#[16d]">&gt;&gt;</a>&nbsp;&nbsp;&nbsp;proc_cast_expr
<LI><a href="#[163]">&gt;&gt;</a>&nbsp;&nbsp;&nbsp;make_sys_node
</UL>
<BR>[Called By]<UL><LI><a href="#[16d]">&gt;&gt;</a>&nbsp;&nbsp;&nbsp;proc_cast_expr
</UL>

<P><STRONG><a name="[133]"></a>proc_variable_decl</STRONG> (Thumb, 474 bytes, Stack size 56 bytes, finsh_parser.o(i.proc_variable_decl))
<BR><BR>[Stack]<UL><LI>Max Depth = 576<LI>Call Chain = proc_variable_decl &rArr; proc_assign_expr &rArr;  proc_assign_expr (Cycle)
</UL>
<BR>[Calls]<UL><LI><a href="#[126]">&gt;&gt;</a>&nbsp;&nbsp;&nbsp;finsh_node_new_id
<LI><a href="#[10c]">&gt;&gt;</a>&nbsp;&nbsp;&nbsp;finsh_error_set
<LI><a href="#[150]">&gt;&gt;</a>&nbsp;&nbsp;&nbsp;finsh_var_insert
<LI><a href="#[131]">&gt;&gt;</a>&nbsp;&nbsp;&nbsp;finsh_token_token
<LI><a href="#[16e]">&gt;&gt;</a>&nbsp;&nbsp;&nbsp;proc_type
<LI><a href="#[172]">&gt;&gt;</a>&nbsp;&nbsp;&nbsp;proc_identifier
<LI><a href="#[16b]">&gt;&gt;</a>&nbsp;&nbsp;&nbsp;proc_assign_expr
<LI><a href="#[163]">&gt;&gt;</a>&nbsp;&nbsp;&nbsp;make_sys_node
</UL>
<BR>[Called By]<UL><LI><a href="#[12f]">&gt;&gt;</a>&nbsp;&nbsp;&nbsp;finsh_parser_run
</UL>

<P><STRONG><a name="[1cd]"></a>token_match_name</STRONG> (Thumb, 48 bytes, Stack size 16 bytes, finsh_token.o(i.token_match_name))
<BR><BR>[Stack]<UL><LI>Max Depth = 16<LI>Call Chain = token_match_name
</UL>
<BR>[Calls]<UL><LI><a href="#[140]">&gt;&gt;</a>&nbsp;&nbsp;&nbsp;strcmp
</UL>
<BR>[Called By]<UL><LI><a href="#[14f]">&gt;&gt;</a>&nbsp;&nbsp;&nbsp;token_run
</UL>

<P><STRONG><a name="[1cb]"></a>token_next_char</STRONG> (Thumb, 62 bytes, Stack size 8 bytes, finsh_token.o(i.token_next_char))
<BR><BR>[Stack]<UL><LI>Max Depth = 16<LI>Call Chain = token_next_char &rArr; strlen
</UL>
<BR>[Calls]<UL><LI><a href="#[12e]">&gt;&gt;</a>&nbsp;&nbsp;&nbsp;strlen
</UL>
<BR>[Called By]<UL><LI><a href="#[1ca]">&gt;&gt;</a>&nbsp;&nbsp;&nbsp;token_get_string
<LI><a href="#[1d3]">&gt;&gt;</a>&nbsp;&nbsp;&nbsp;token_trim_space
<LI><a href="#[14f]">&gt;&gt;</a>&nbsp;&nbsp;&nbsp;token_run
<LI><a href="#[1d2]">&gt;&gt;</a>&nbsp;&nbsp;&nbsp;token_proc_string
<LI><a href="#[1d0]">&gt;&gt;</a>&nbsp;&nbsp;&nbsp;token_proc_number
<LI><a href="#[1cf]">&gt;&gt;</a>&nbsp;&nbsp;&nbsp;token_proc_escape
<LI><a href="#[1ce]">&gt;&gt;</a>&nbsp;&nbsp;&nbsp;token_proc_char
</UL>

<P><STRONG><a name="[1cc]"></a>token_prev_char</STRONG> (Thumb, 22 bytes, Stack size 0 bytes, finsh_token.o(i.token_prev_char))
<BR><BR>[Called By]<UL><LI><a href="#[1ca]">&gt;&gt;</a>&nbsp;&nbsp;&nbsp;token_get_string
<LI><a href="#[1d3]">&gt;&gt;</a>&nbsp;&nbsp;&nbsp;token_trim_space
<LI><a href="#[14f]">&gt;&gt;</a>&nbsp;&nbsp;&nbsp;token_run
<LI><a href="#[1d0]">&gt;&gt;</a>&nbsp;&nbsp;&nbsp;token_proc_number
<LI><a href="#[1cf]">&gt;&gt;</a>&nbsp;&nbsp;&nbsp;token_proc_escape
<LI><a href="#[1ce]">&gt;&gt;</a>&nbsp;&nbsp;&nbsp;token_proc_char
</UL>

<P><STRONG><a name="[1ce]"></a>token_proc_char</STRONG> (Thumb, 162 bytes, Stack size 24 bytes, finsh_token.o(i.token_proc_char))
<BR><BR>[Stack]<UL><LI>Max Depth = 112<LI>Call Chain = token_proc_char &rArr; atoi &rArr; strtol &rArr; _strtoul
</UL>
<BR>[Calls]<UL><LI><a href="#[10c]">&gt;&gt;</a>&nbsp;&nbsp;&nbsp;finsh_error_set
<LI><a href="#[cf]">&gt;&gt;</a>&nbsp;&nbsp;&nbsp;atoi
<LI><a href="#[1cc]">&gt;&gt;</a>&nbsp;&nbsp;&nbsp;token_prev_char
<LI><a href="#[1cb]">&gt;&gt;</a>&nbsp;&nbsp;&nbsp;token_next_char
</UL>
<BR>[Called By]<UL><LI><a href="#[14f]">&gt;&gt;</a>&nbsp;&nbsp;&nbsp;token_run
</UL>

<P><STRONG><a name="[1cf]"></a>token_proc_escape</STRONG> (Thumb, 214 bytes, Stack size 16 bytes, finsh_token.o(i.token_proc_escape))
<BR><BR>[Stack]<UL><LI>Max Depth = 32<LI>Call Chain = token_proc_escape &rArr; token_next_char &rArr; strlen
</UL>
<BR>[Calls]<UL><LI><a href="#[1cc]">&gt;&gt;</a>&nbsp;&nbsp;&nbsp;token_prev_char
<LI><a href="#[1cb]">&gt;&gt;</a>&nbsp;&nbsp;&nbsp;token_next_char
</UL>
<BR>[Called By]<UL><LI><a href="#[1d2]">&gt;&gt;</a>&nbsp;&nbsp;&nbsp;token_proc_string
</UL>

<P><STRONG><a name="[1d0]"></a>token_proc_number</STRONG> (Thumb, 288 bytes, Stack size 160 bytes, finsh_token.o(i.token_proc_number))
<BR><BR>[Stack]<UL><LI>Max Depth = 200<LI>Call Chain = token_proc_number &rArr; token_spec_number
</UL>
<BR>[Calls]<UL><LI><a href="#[12e]">&gt;&gt;</a>&nbsp;&nbsp;&nbsp;strlen
<LI><a href="#[1d1]">&gt;&gt;</a>&nbsp;&nbsp;&nbsp;token_spec_number
<LI><a href="#[1cc]">&gt;&gt;</a>&nbsp;&nbsp;&nbsp;token_prev_char
<LI><a href="#[1cb]">&gt;&gt;</a>&nbsp;&nbsp;&nbsp;token_next_char
</UL>
<BR>[Called By]<UL><LI><a href="#[14f]">&gt;&gt;</a>&nbsp;&nbsp;&nbsp;token_run
</UL>

<P><STRONG><a name="[1d2]"></a>token_proc_string</STRONG> (Thumb, 80 bytes, Stack size 16 bytes, finsh_token.o(i.token_proc_string))
<BR><BR>[Stack]<UL><LI>Max Depth = 48<LI>Call Chain = token_proc_string &rArr; token_proc_escape &rArr; token_next_char &rArr; strlen
</UL>
<BR>[Calls]<UL><LI><a href="#[10c]">&gt;&gt;</a>&nbsp;&nbsp;&nbsp;finsh_error_set
<LI><a href="#[1cf]">&gt;&gt;</a>&nbsp;&nbsp;&nbsp;token_proc_escape
<LI><a href="#[1cb]">&gt;&gt;</a>&nbsp;&nbsp;&nbsp;token_next_char
</UL>
<BR>[Called By]<UL><LI><a href="#[14f]">&gt;&gt;</a>&nbsp;&nbsp;&nbsp;token_run
</UL>

<P><STRONG><a name="[14f]"></a>token_run</STRONG> (Thumb, 414 bytes, Stack size 16 bytes, finsh_token.o(i.token_run))
<BR><BR>[Stack]<UL><LI>Max Depth = 216<LI>Call Chain = token_run &rArr; token_proc_number &rArr; token_spec_number
</UL>
<BR>[Calls]<UL><LI><a href="#[10c]">&gt;&gt;</a>&nbsp;&nbsp;&nbsp;finsh_error_set
<LI><a href="#[1ca]">&gt;&gt;</a>&nbsp;&nbsp;&nbsp;token_get_string
<LI><a href="#[1d3]">&gt;&gt;</a>&nbsp;&nbsp;&nbsp;token_trim_space
<LI><a href="#[1d2]">&gt;&gt;</a>&nbsp;&nbsp;&nbsp;token_proc_string
<LI><a href="#[1d0]">&gt;&gt;</a>&nbsp;&nbsp;&nbsp;token_proc_number
<LI><a href="#[1ce]">&gt;&gt;</a>&nbsp;&nbsp;&nbsp;token_proc_char
<LI><a href="#[1cc]">&gt;&gt;</a>&nbsp;&nbsp;&nbsp;token_prev_char
<LI><a href="#[1cb]">&gt;&gt;</a>&nbsp;&nbsp;&nbsp;token_next_char
<LI><a href="#[1cd]">&gt;&gt;</a>&nbsp;&nbsp;&nbsp;token_match_name
</UL>
<BR>[Called By]<UL><LI><a href="#[131]">&gt;&gt;</a>&nbsp;&nbsp;&nbsp;finsh_token_token
</UL>

<P><STRONG><a name="[1d1]"></a>token_spec_number</STRONG> (Thumb, 152 bytes, Stack size 40 bytes, finsh_token.o(i.token_spec_number))
<BR><BR>[Stack]<UL><LI>Max Depth = 40<LI>Call Chain = token_spec_number
</UL>
<BR>[Called By]<UL><LI><a href="#[1d0]">&gt;&gt;</a>&nbsp;&nbsp;&nbsp;token_proc_number
</UL>

<P><STRONG><a name="[1d3]"></a>token_trim_space</STRONG> (Thumb, 34 bytes, Stack size 16 bytes, finsh_token.o(i.token_trim_space))
<BR><BR>[Stack]<UL><LI>Max Depth = 32<LI>Call Chain = token_trim_space &rArr; token_next_char &rArr; strlen
</UL>
<BR>[Calls]<UL><LI><a href="#[1cc]">&gt;&gt;</a>&nbsp;&nbsp;&nbsp;token_prev_char
<LI><a href="#[1cb]">&gt;&gt;</a>&nbsp;&nbsp;&nbsp;token_next_char
</UL>
<BR>[Called By]<UL><LI><a href="#[14f]">&gt;&gt;</a>&nbsp;&nbsp;&nbsp;token_run
</UL>
<P>
<H3>
Undefined Global Symbols
</H3><HR></body></html>
