<html>
<body>
<pre>
<h1>µVision Build Log</h1>
<h2>Tool Versions:</h2>
IDE-Version: ¦ÌVision V5.27.1.0
Copyright (C) 2019 ARM Ltd and ARM Germany GmbH. All rights reserved.
License Information: 1 1, 1, LIC=3UUHL-0Q9G2-WIG5K-ZGVIC-2MW3J-PA96N
 
Tool Versions:
Toolchain:       MDK-ARM Professional  Version: 5.27.1.0
Toolchain Path:  C:\Keil_v5\ARM\ARMCC\Bin
C Compiler:      Armcc.exe V5.06 update 6 (build 750)
Assembler:       Armasm.exe V5.06 update 6 (build 750)
Linker/Locator:  ArmLink.exe V5.06 update 6 (build 750)
Library Manager: ArmAr.exe V5.06 update 6 (build 750)
Hex Converter:   FromElf.exe V5.06 update 6 (build 750)
CPU DLL:         SARMCM3.DLL V5.27.1.0
Dialog DLL:      DCM.DLL V1.17.2.0
Target DLL:      STLink\ST-LINKIII-KEIL_SWO.dll V3.0.6.0
Dialog DLL:      TCM.DLL V1.36.1.0
 
<h2>Project:</h2>
E:\rt-thread\bsp\swm320-lq100\project.uvprojx
Project File Date:  08/20/2019

<h2>Output:</h2>
*** Using Compiler 'V5.06 update 6 (build 750)', folder: 'C:\Keil_v5\ARM\ARMCC\Bin'
Build target 'rt-thread'
compiling main.c...
linking...
Program Size: Code=88220 RO-data=10640 RW-data=4036 ZI-data=5252  
After Build - User command #1: fromelf --bin .\build\rtthread.axf --output rtthread.bin
".\build\rtthread.axf" - 0 Error(s), 0 Warning(s).

<h2>Software Packages used:</h2>

Package Vendor: Synwit
                http://www.synwit.com/pack/Synwit.SWM32_DFP.1.9.1.pack
                Synwit.SWM32_DFP.1.9.1
                Synwit 32bit MCU Device Support

<h2>Collection of Component include folders:</h2>
  .\RTE\_rt-thread
  C:\Users\llizh\AppData\Local\Arm\Packs\Synwit\SWM32_DFP\1.9.1\CSL\SWM320\CMSIS\DeviceSupport

<h2>Collection of Component Files used:</h2>
Build Time Elapsed:  00:00:02
</pre>
</body>
</html>
