Component: ARM Compiler 5.06 update 6 (build 750) Tool: armlink [4d35ed]

==============================================================================

Section Cross References

    main.o(i.main) refers to pin.o(i.rt_pin_mode) for rt_pin_mode
    main.o(i.main) refers to pin.o(i.rt_pin_write) for rt_pin_write
    main.o(i.main) refers to thread.o(i.rt_thread_mdelay) for rt_thread_mdelay
    board.o(i.SysTick_Handler) refers to irq.o(i.rt_interrupt_enter) for rt_interrupt_enter
    board.o(i.SysTick_Handler) refers to clock.o(i.rt_tick_increase) for rt_tick_increase
    board.o(i.SysTick_Handler) refers to irq.o(i.rt_interrupt_leave) for rt_interrupt_leave
    board.o(i.bsp_clock_config) refers to system_swm320.o(i.SystemInit) for SystemInit
    board.o(i.bsp_clock_config) refers to system_swm320.o(.data) for SystemCoreClock
    board.o(i.rt_hw_board_init) refers to board.o(i.bsp_clock_config) for bsp_clock_config
    board.o(i.rt_hw_board_init) refers to mem.o(i.rt_system_heap_init) for rt_system_heap_init
    board.o(i.rt_hw_board_init) refers to components.o(i.rt_components_board_init) for rt_components_board_init
    board.o(i.rt_hw_board_init) refers to kservice.o(i.rt_console_set_device) for rt_console_set_device
    drv_gpio.o(i.GPIOA_Handler) refers to irq.o(i.rt_interrupt_enter) for rt_interrupt_enter
    drv_gpio.o(i.GPIOA_Handler) refers to kservice.o(i.rt_assert_handler) for rt_assert_handler
    drv_gpio.o(i.GPIOA_Handler) refers to drv_gpio.o(i.get_pin) for get_pin
    drv_gpio.o(i.GPIOA_Handler) refers to swm320_exti.o(i.EXTI_State) for EXTI_State
    drv_gpio.o(i.GPIOA_Handler) refers to swm320_exti.o(i.EXTI_Clear) for EXTI_Clear
    drv_gpio.o(i.GPIOA_Handler) refers to irq.o(i.rt_interrupt_leave) for rt_interrupt_leave
    drv_gpio.o(i.GPIOA_Handler) refers to drv_gpio.o(.data) for init
    drv_gpio.o(i.GPIOA_Handler) refers to drv_gpio.o(.constdata) for swm32_pin_map
    drv_gpio.o(i.GPIOA_Handler) refers to drv_gpio.o(.bss) for gpio
    drv_gpio.o(i.GPIOB_Handler) refers to irq.o(i.rt_interrupt_enter) for rt_interrupt_enter
    drv_gpio.o(i.GPIOB_Handler) refers to kservice.o(i.rt_assert_handler) for rt_assert_handler
    drv_gpio.o(i.GPIOB_Handler) refers to drv_gpio.o(i.get_pin) for get_pin
    drv_gpio.o(i.GPIOB_Handler) refers to swm320_exti.o(i.EXTI_State) for EXTI_State
    drv_gpio.o(i.GPIOB_Handler) refers to swm320_exti.o(i.EXTI_Clear) for EXTI_Clear
    drv_gpio.o(i.GPIOB_Handler) refers to irq.o(i.rt_interrupt_leave) for rt_interrupt_leave
    drv_gpio.o(i.GPIOB_Handler) refers to drv_gpio.o(.data) for init
    drv_gpio.o(i.GPIOB_Handler) refers to drv_gpio.o(.constdata) for swm32_pin_map
    drv_gpio.o(i.GPIOB_Handler) refers to drv_gpio.o(.bss) for gpio
    drv_gpio.o(i.GPIOC_Handler) refers to irq.o(i.rt_interrupt_enter) for rt_interrupt_enter
    drv_gpio.o(i.GPIOC_Handler) refers to kservice.o(i.rt_assert_handler) for rt_assert_handler
    drv_gpio.o(i.GPIOC_Handler) refers to drv_gpio.o(i.get_pin) for get_pin
    drv_gpio.o(i.GPIOC_Handler) refers to swm320_exti.o(i.EXTI_State) for EXTI_State
    drv_gpio.o(i.GPIOC_Handler) refers to swm320_exti.o(i.EXTI_Clear) for EXTI_Clear
    drv_gpio.o(i.GPIOC_Handler) refers to irq.o(i.rt_interrupt_leave) for rt_interrupt_leave
    drv_gpio.o(i.GPIOC_Handler) refers to drv_gpio.o(.data) for init
    drv_gpio.o(i.GPIOC_Handler) refers to drv_gpio.o(.constdata) for swm32_pin_map
    drv_gpio.o(i.GPIOC_Handler) refers to drv_gpio.o(.bss) for gpio
    drv_gpio.o(i.GPIOM_Handler) refers to irq.o(i.rt_interrupt_enter) for rt_interrupt_enter
    drv_gpio.o(i.GPIOM_Handler) refers to kservice.o(i.rt_assert_handler) for rt_assert_handler
    drv_gpio.o(i.GPIOM_Handler) refers to drv_gpio.o(i.get_pin) for get_pin
    drv_gpio.o(i.GPIOM_Handler) refers to swm320_exti.o(i.EXTI_State) for EXTI_State
    drv_gpio.o(i.GPIOM_Handler) refers to swm320_exti.o(i.EXTI_Clear) for EXTI_Clear
    drv_gpio.o(i.GPIOM_Handler) refers to irq.o(i.rt_interrupt_leave) for rt_interrupt_leave
    drv_gpio.o(i.GPIOM_Handler) refers to drv_gpio.o(.data) for init
    drv_gpio.o(i.GPIOM_Handler) refers to drv_gpio.o(.constdata) for swm32_pin_map
    drv_gpio.o(i.GPIOM_Handler) refers to drv_gpio.o(.bss) for gpio
    drv_gpio.o(i.GPION_Handler) refers to irq.o(i.rt_interrupt_enter) for rt_interrupt_enter
    drv_gpio.o(i.GPION_Handler) refers to kservice.o(i.rt_assert_handler) for rt_assert_handler
    drv_gpio.o(i.GPION_Handler) refers to drv_gpio.o(i.get_pin) for get_pin
    drv_gpio.o(i.GPION_Handler) refers to swm320_exti.o(i.EXTI_State) for EXTI_State
    drv_gpio.o(i.GPION_Handler) refers to swm320_exti.o(i.EXTI_Clear) for EXTI_Clear
    drv_gpio.o(i.GPION_Handler) refers to irq.o(i.rt_interrupt_leave) for rt_interrupt_leave
    drv_gpio.o(i.GPION_Handler) refers to drv_gpio.o(.data) for init
    drv_gpio.o(i.GPION_Handler) refers to drv_gpio.o(.constdata) for swm32_pin_map
    drv_gpio.o(i.GPION_Handler) refers to drv_gpio.o(.bss) for gpio
[...]
    finsh_get_prompt                         0x00004765   Thumb Code    84  shell.o(i.finsh_get_prompt)
    finsh_heap_allocate                      0x00004835   Thumb Code   106  finsh_heap.o(i.finsh_heap_allocate)
    finsh_heap_free                          0x000048a9   Thumb Code    34  finsh_heap.o(i.finsh_heap_free)
    finsh_heap_init                          0x0000492d   Thumb Code    36  finsh_heap.o(i.finsh_heap_init)
    finsh_init                               0x0000495d   Thumb Code    30  finsh_init.o(i.finsh_init)
    finsh_node_allocate                      0x0000497d   Thumb Code    56  finsh_node.o(i.finsh_node_allocate)
    finsh_node_init                          0x000049b9   Thumb Code    16  finsh_node.o(i.finsh_node_init)
    finsh_node_new_char                      0x000049cd   Thumb Code    30  finsh_node.o(i.finsh_node_new_char)
    finsh_node_new_id                        0x000049eb   Thumb Code   118  finsh_node.o(i.finsh_node_new_id)
    finsh_node_new_int                       0x00004a61   Thumb Code    30  finsh_node.o(i.finsh_node_new_int)
    finsh_node_new_long                      0x00004a7f   Thumb Code    30  finsh_node.o(i.finsh_node_new_long)
    finsh_node_new_ptr                       0x00004a9d   Thumb Code    30  finsh_node.o(i.finsh_node_new_ptr)
    finsh_node_new_string                    0x00004abb   Thumb Code    74  finsh_node.o(i.finsh_node_new_string)
    finsh_parser_init                        0x00004b05   Thumb Code    16  finsh_parser.o(i.finsh_parser_init)
    finsh_parser_run                         0x00004b15   Thumb Code   220  finsh_parser.o(i.finsh_parser_run)
    finsh_run_line                           0x00004bf1   Thumb Code   164  shell.o(i.finsh_run_line)
    finsh_set_device                         0x00004d05   Thumb Code   156  shell.o(i.finsh_set_device)
    finsh_set_prompt_mode                    0x00004de1   Thumb Code    42  shell.o(i.finsh_set_prompt_mode)
    finsh_stack_bottom                       0x00004e29   Thumb Code     6  finsh_init.o(i.finsh_stack_bottom)
    finsh_syscall_lookup                     0x00004e35   Thumb Code    78  finsh_vm.o(i.finsh_syscall_lookup)
    finsh_system_function_init               0x00004e91   Thumb Code    10  shell.o(i.finsh_system_function_init)
    finsh_system_init                        0x00004ea5   Thumb Code   108  shell.o(i.finsh_system_init)
    finsh_system_var_init                    0x00004f51   Thumb Code    10  shell.o(i.finsh_system_var_init)
    finsh_sysvar_lookup                      0x00004f65   Thumb Code    78  finsh_var.o(i.finsh_sysvar_lookup)
    finsh_thread_entry                       0x00004fc1   Thumb Code  1360  shell.o(i.finsh_thread_entry)
    finsh_token_init                         0x00005519   Thumb Code    20  finsh_token.o(i.finsh_token_init)
    finsh_token_token                        0x0000552d   Thumb Code    24  finsh_token.o(i.finsh_token_token)
    finsh_var_init                           0x000056a5   Thumb Code    14  finsh_var.o(i.finsh_var_init)
    finsh_var_insert                         0x000056b9   Thumb Code   114  finsh_var.o(i.finsh_var_insert)
    finsh_var_lookup                         0x00005731   Thumb Code    58  finsh_var.o(i.finsh_var_lookup)
    finsh_vm_run                             0x00005771   Thumb Code    62  finsh_vm.o(i.finsh_vm_run)
    hello                                    0x00005861   Thumb Code    12  cmd.o(i.hello)
    list                                     0x00005881   Thumb Code   126  cmd.o(i.list)
    list_device                              0x0000595d   Thumb Code   172  cmd.o(i.list_device)
    list_event                               0x00005a75   Thumb Code   204  cmd.o(i.list_event)
    list_mailbox                             0x00005c6d   Thumb Code   224  cmd.o(i.list_mailbox)
    list_mem                                 0x00005dc9   Thumb Code    34  mem.o(i.list_mem)
    list_memheap                             0x00005e41   Thumb Code   158  cmd.o(i.list_memheap)
    list_mempool                             0x00005f61   Thumb Code   210  cmd.o(i.list_mempool)
    list_msgqueue                            0x000060c1   Thumb Code   216  cmd.o(i.list_msgqueue)
    list_mutex                               0x00006205   Thumb Code   168  cmd.o(i.list_mutex)
    list_prefix                              0x00006311   Thumb Code   434  cmd.o(i.list_prefix)
    list_sem                                 0x00006521   Thumb Code   216  cmd.o(i.list_sem)
    list_thread                              0x00006659   Thumb Code   294  cmd.o(i.list_thread)
    list_timer                               0x0000683d   Thumb Code   190  cmd.o(i.list_timer)
    $Super$$main                             0x0000699d   Thumb Code    56  main.o(i.main)
    main_thread_entry                        0x000069d5   Thumb Code    14  components.o(i.main_thread_entry)
    msh_auto_complete                        0x00006af5   Thumb Code   138  msh.o(i.msh_auto_complete)
    msh_exec                                 0x00006ba5   Thumb Code    82  msh.o(i.msh_exec)
    msh_help                                 0x00006c7d   Thumb Code    66  msh.o(i.msh_help)
    msh_is_used                              0x00006cfd   Thumb Code     6  msh.o(i.msh_is_used)
    rt_application_init                      0x00007a59   Thumb Code    46  components.o(i.rt_application_init)
    rt_assert_handler                        0x00007aa9   Thumb Code    56  kservice.o(i.rt_assert_handler)
    rt_calloc                                0x00007b1d   Thumb Code    34  mem.o(i.rt_calloc)
    rt_completion_done                       0x00007b41   Thumb Code    76  completion.o(i.rt_completion_done)
    rt_completion_init                       0x00007ba9   Thumb Code    42  completion.o(i.rt_completion_init)
    rt_completion_wait                       0x00007bf1   Thumb Code   198  completion.o(i.rt_completion_wait)
    rt_components_board_init                 0x00007d31   Thumb Code    20  components.o(i.rt_components_board_init)
    rt_components_init                       0x00007d4d   Thumb Code    20  components.o(i.rt_components_init)
    rt_console_get_device                    0x00007d69   Thumb Code     6  kservice.o(i.rt_console_get_device)
    rt_console_set_device                    0x00007d75   Thumb Code    48  kservice.o(i.rt_console_set_device)
    rt_device_close                          0x00007da9   Thumb Code    92  device.o(i.rt_device_close)
    rt_device_control                        0x00007e55   Thumb Code    66  device.o(i.rt_device_control)
    rt_device_find                           0x00007ee9   Thumb Code    94  device.o(i.rt_device_find)
    rt_device_open                           0x00007f65   Thumb Code   170  device.o(i.rt_device_open)
    rt_device_pin_register                   0x000080ad   Thumb Code    56  pin.o(i.rt_device_pin_register)
    rt_device_read                           0x000080f5   Thumb Code    98  device.o(i.rt_device_read)
    rt_device_register                       0x000081a9   Thumb Code    52  device.o(i.rt_device_register)
    rt_device_set_rx_indicate                0x000081dd   Thumb Code    48  device.o(i.rt_device_set_rx_indicate)
    rt_device_write                          0x0000825d   Thumb Code    98  device.o(i.rt_device_write)
    rt_enter_critical                        0x00008311   Thumb Code    28  scheduler.o(i.rt_enter_critical)
    rt_exit_critical                         0x00008331   Thumb Code    60  scheduler.o(i.rt_exit_critical)
    rt_free                                  0x00008375   Thumb Code   278  mem.o(i.rt_free)
    rt_hw_board_init                         0x0000857d   Thumb Code    26  board.o(i.rt_hw_board_init)
    rt_hw_console_output                     0x000085a9   Thumb Code     2  kservice.o(i.rt_hw_console_output)
    rt_hw_hard_fault_exception               0x000085ad   Thumb Code   220  cpuport.o(i.rt_hw_hard_fault_exception)
    rt_hw_pin_init                           0x000087d9   Thumb Code    18  drv_gpio.o(i.rt_hw_pin_init)
    rt_hw_serial_isr                         0x000087f5   Thumb Code   218  serial.o(i.rt_hw_serial_isr)
    rt_hw_serial_register                    0x000088e9   Thumb Code    80  serial.o(i.rt_hw_serial_register)
    rt_hw_stack_init                         0x00008969   Thumb Code    70  cpuport.o(i.rt_hw_stack_init)
    rt_hw_uart_init                          0x000089b5   Thumb Code    76  drv_uart.o(i.rt_hw_uart_init)
    rt_interrupt_enter                       0x00008a1d   Thumb Code    46  irq.o(i.rt_interrupt_enter)
    rt_interrupt_get_nest                    0x00008a55   Thumb Code    22  irq.o(i.rt_interrupt_get_nest)
    rt_interrupt_leave                       0x00008a71   Thumb Code    46  irq.o(i.rt_interrupt_leave)
    rt_kprintf                               0x00008b3d   Thumb Code    96  kservice.o(i.rt_kprintf)
    rt_malloc                                0x00008c69   Thumb Code   522  mem.o(i.rt_malloc)
    rt_memmove                               0x00008f25   Thumb Code    66  kservice.o(i.rt_memmove)
    rt_memset                                0x00008f67   Thumb Code    72  kservice.o(i.rt_memset)
    rt_object_allocate                       0x00008fb1   Thumb Code   158  object.o(i.rt_object_allocate)
    rt_object_delete                         0x0000909d   Thumb Code    88  object.o(i.rt_object_delete)
    rt_object_detach                         0x0000913d   Thumb Code    62  object.o(i.rt_object_detach)
    rt_object_get_information                0x00009199   Thumb Code    36  object.o(i.rt_object_get_information)
    rt_object_get_type                       0x000091c1   Thumb Code    26  object.o(i.rt_object_get_type)
    rt_object_init                           0x000091f5   Thumb Code   138  object.o(i.rt_object_init)
    rt_object_is_systemobject                0x000092b1   Thumb Code    34  object.o(i.rt_object_is_systemobject)
    rt_pin_mode                              0x000092ed   Thumb Code    38  pin.o(i.rt_pin_mode)
    rt_pin_read                              0x00009335   Thumb Code    34  pin.o(i.rt_pin_read)
    rt_pin_write                             0x00009379   Thumb Code    38  pin.o(i.rt_pin_write)
    rt_pwm_disable                           0x000093c1   Thumb Code    42  rt_drv_pwm.o(i.rt_pwm_disable)
    rt_pwm_enable                            0x000093eb   Thumb Code    42  rt_drv_pwm.o(i.rt_pwm_enable)
    rt_pwm_set                               0x00009415   Thumb Code    56  rt_drv_pwm.o(i.rt_pwm_set)
    rt_schedule                              0x0000944d   Thumb Code   242  scheduler.o(i.rt_schedule)
    rt_schedule_insert_thread                0x00009559   Thumb Code   118  scheduler.o(i.rt_schedule_insert_thread)
    rt_schedule_remove_thread                0x000095f5   Thumb Code    94  scheduler.o(i.rt_schedule_remove_thread)
    rt_sem_init                              0x00009675   Thumb Code    66  ipc.o(i.rt_sem_init)
    rt_sem_release                           0x000096e1   Thumb Code   116  ipc.o(i.rt_sem_release)
    rt_sem_take                              0x00009771   Thumb Code   288  ipc.o(i.rt_sem_take)
    rt_set_errno                             0x00009d19   Thumb Code    36  kservice.o(i.rt_set_errno)
    rt_show_version                          0x00009d41   Thumb Code    38  kservice.o(i.rt_show_version)
    rt_sprintf                               0x00009df1   Thumb Code    34  kservice.o(i.rt_sprintf)
    rt_strlen                                0x00009e13   Thumb Code    18  kservice.o(i.rt_strlen)
    rt_strncmp                               0x00009e25   Thumb Code    40  kservice.o(i.rt_strncmp)
    rt_strncpy                               0x00009e4d   Thumb Code    52  kservice.o(i.rt_strncpy)
    rt_system_heap_init                      0x00009e81   Thumb Code   204  mem.o(i.rt_system_heap_init)
    rt_system_scheduler_init                 0x00009fd5   Thumb Code    46  scheduler.o(i.rt_system_scheduler_init)
    rt_system_scheduler_start                0x0000a015   Thumb Code    36  scheduler.o(i.rt_system_scheduler_start)
    rt_system_timer_init                     0x0000a03d   Thumb Code    24  timer.o(i.rt_system_timer_init)
    rt_system_timer_thread_init              0x0000a059   Thumb Code     2  timer.o(i.rt_system_timer_thread_init)
    rt_thread_create                         0x0000a05b   Thumb Code    80  thread.o(i.rt_thread_create)
    rt_thread_exit                           0x0000a0ad   Thumb Code    78  thread.o(i.rt_thread_exit)
    rt_thread_idle_excute                    0x0000a129   Thumb Code   174  idle.o(i.rt_thread_idle_excute)
    rt_thread_idle_init                      0x0000a20d   Thumb Code    74  idle.o(i.rt_thread_idle_init)
    rt_thread_init                           0x0000a26d   Thumb Code    74  thread.o(i.rt_thread_init)
    rt_thread_mdelay                         0x0000a2e9   Thumb Code    20  thread.o(i.rt_thread_mdelay)
    rt_thread_resume                         0x0000a2fd   Thumb Code   122  thread.o(i.rt_thread_resume)
    rt_thread_self                           0x0000a399   Thumb Code     6  thread.o(i.rt_thread_self)
    rt_thread_sleep                          0x0000a3a5   Thumb Code   100  thread.o(i.rt_thread_sleep)
    rt_thread_startup                        0x0000a425   Thumb Code   110  thread.o(i.rt_thread_startup)
    rt_thread_suspend                        0x0000a4e9   Thumb Code   158  thread.o(i.rt_thread_suspend)
    rt_thread_timeout                        0x0000a5c5   Thumb Code    92  thread.o(i.rt_thread_timeout)
    rt_thread_yield                          0x0000a679   Thumb Code    10  thread.o(i.rt_thread_yield)
    rt_tick_from_millisecond                 0x0000a683   Thumb Code    58  clock.o(i.rt_tick_from_millisecond)
    rt_tick_get                              0x0000a6bd   Thumb Code     6  clock.o(i.rt_tick_get)
    rt_tick_increase                         0x0000a6c9   Thumb Code    42  clock.o(i.rt_tick_increase)
    rt_timer_check                           0x0000a6f9   Thumb Code   166  timer.o(i.rt_timer_check)
    rt_timer_control                         0x0000a7ad   Thumb Code    98  timer.o(i.rt_timer_control)
    rt_timer_detach                          0x0000a865   Thumb Code    82  timer.o(i.rt_timer_detach)
    rt_timer_init                            0x0000a939   Thumb Code    58  timer.o(i.rt_timer_init)
    rt_timer_start                           0x0000a98d   Thumb Code   314  timer.o(i.rt_timer_start)
    rt_timer_stop                            0x0000ab4d   Thumb Code   102  timer.o(i.rt_timer_stop)
    rt_vsnprintf                             0x0000ac0d   Thumb Code   808  kservice.o(i.rt_vsnprintf)
    rt_vsprintf                              0x0000af3d   Thumb Code    22  kservice.o(i.rt_vsprintf)
    rtthread_startup                         0x0000af63   Thumb Code    42  components.o(i.rtthread_startup)
    token_get_string                         0x0000b59d   Thumb Code   120  finsh_token.o(i.token_get_string)
    version                                  0x0000bcc5   Thumb Code    10  cmd.o(i.version)
    _get_lc_ctype                            0x0000bcd1   Thumb Code    44  lc_ctype_c.o(locale$$code)
    __lowest_bit_bitmap                      0x0000cd5a   Data         256  kservice.o(.constdata)
    op_table                                 0x0000d304   Data         196  finsh_ops.o(.constdata)
    __fsym_list_mem_name                     0x0000da16   Data           9  mem.o(.rodata.name)
    __fsym_list_mem_desc                     0x0000da1f   Data          30  mem.o(.rodata.name)
    __fsym_pinMode_name                      0x0000da3d   Data           8  pin.o(.rodata.name)
    __fsym_pinMode_desc                      0x0000da45   Data          22  pin.o(.rodata.name)
    __fsym_pinWrite_name                     0x0000da5b   Data           9  pin.o(.rodata.name)
    __fsym_pinWrite_desc                     0x0000da64   Data          28  pin.o(.rodata.name)
    __fsym_pinRead_name                      0x0000da80   Data           8  pin.o(.rodata.name)
    __fsym_pinRead_desc                      0x0000da88   Data          30  pin.o(.rodata.name)
    __fsym_pwm_enable_name                   0x0000daa6   Data          11  rt_drv_pwm.o(.rodata.name)
    __fsym_pwm_enable_desc                   0x0000dab1   Data          23  rt_drv_pwm.o(.rodata.name)
    __fsym_pwm_set_name                      0x0000dac8   Data           8  rt_drv_pwm.o(.rodata.name)
    __fsym_pwm_set_desc                      0x0000dad0   Data           9  rt_drv_pwm.o(.rodata.name)
    __fsym___cmd_pwm_enable_name             0x0000dad9   Data          17  rt_drv_pwm.o(.rodata.name)
    __fsym___cmd_pwm_enable_desc             0x0000daea   Data          18  rt_drv_pwm.o(.rodata.name)
    __fsym___cmd_pwm_disable_name            0x0000dafc   Data          18  rt_drv_pwm.o(.rodata.name)
    __fsym___cmd_pwm_disable_desc            0x0000db0e   Data          19  rt_drv_pwm.o(.rodata.name)
    __fsym___cmd_pwm_set_name                0x0000db21   Data          14  rt_drv_pwm.o(.rodata.name)
    __fsym___cmd_pwm_set_desc                0x0000db2f   Data          17  rt_drv_pwm.o(.rodata.name)
    __fsym_hello_name                        0x0000db40   Data           6  cmd.o(.rodata.name)
    __fsym_hello_desc                        0x0000db46   Data          16  cmd.o(.rodata.name)
    __fsym_version_name                      0x0000db56   Data           8  cmd.o(.rodata.name)
    __fsym_version_desc                      0x0000db5e   Data          35  cmd.o(.rodata.name)
    __fsym___cmd_version_name                0x0000db81   Data          14  cmd.o(.rodata.name)
    __fsym___cmd_version_desc                0x0000db8f   Data          35  cmd.o(.rodata.name)
    __fsym_list_thread_name                  0x0000dbb2   Data          12  cmd.o(.rodata.name)
    __fsym_list_thread_desc                  0x0000dbbe   Data          12  cmd.o(.rodata.name)
    __fsym___cmd_list_thread_name            0x0000dbca   Data          18  cmd.o(.rodata.name)
    __fsym___cmd_list_thread_desc            0x0000dbdc   Data          12  cmd.o(.rodata.name)
    __fsym_list_sem_name                     0x0000dbe8   Data           9  cmd.o(.rodata.name)
    __fsym_list_sem_desc                     0x0000dbf1   Data          25  cmd.o(.rodata.name)
    __fsym___cmd_list_sem_name               0x0000dc0a   Data          15  cmd.o(.rodata.name)
    __fsym___cmd_list_sem_desc               0x0000dc19   Data          25  cmd.o(.rodata.name)
    __fsym_list_event_name                   0x0000dc32   Data          11  cmd.o(.rodata.name)
    __fsym_list_event_desc                   0x0000dc3d   Data          21  cmd.o(.rodata.name)
    __fsym___cmd_list_event_name             0x0000dc52   Data          17  cmd.o(.rodata.name)
    __fsym___cmd_list_event_desc             0x0000dc63   Data          21  cmd.o(.rodata.name)
    __fsym_list_mutex_name                   0x0000dc78   Data          11  cmd.o(.rodata.name)
    __fsym_list_mutex_desc                   0x0000dc83   Data          21  cmd.o(.rodata.name)
    __fsym___cmd_list_mutex_name             0x0000dc98   Data          17  cmd.o(.rodata.name)
    __fsym___cmd_list_mutex_desc             0x0000dca9   Data          21  cmd.o(.rodata.name)
    __fsym_list_mailbox_name                 0x0000dcbe   Data          13  cmd.o(.rodata.name)
    __fsym_list_mailbox_desc                 0x0000dccb   Data          24  cmd.o(.rodata.name)
    __fsym___cmd_list_mailbox_name           0x0000dce3   Data          19  cmd.o(.rodata.name)
    __fsym___cmd_list_mailbox_desc           0x0000dcf6   Data          24  cmd.o(.rodata.name)
    __fsym_list_msgqueue_name                0x0000dd0e   Data          14  cmd.o(.rodata.name)
    __fsym_list_msgqueue_desc                0x0000dd1c   Data          29  cmd.o(.rodata.name)
    __fsym___cmd_list_msgqueue_name          0x0000dd39   Data          20  cmd.o(.rodata.name)
    __fsym___cmd_list_msgqueue_desc          0x0000dd4d   Data          29  cmd.o(.rodata.name)
    __fsym_list_memheap_name                 0x0000dd6a   Data          13  cmd.o(.rodata.name)
    __fsym_list_memheap_desc                 0x0000dd77   Data          27  cmd.o(.rodata.name)
    __fsym___cmd_list_memheap_name           0x0000dd92   Data          19  cmd.o(.rodata.name)
    __fsym___cmd_list_memheap_desc           0x0000dda5   Data          27  cmd.o(.rodata.name)
    __fsym_list_mempool_name                 0x0000ddc0   Data          13  cmd.o(.rodata.name)
    __fsym_list_mempool_desc                 0x0000ddcd   Data          27  cmd.o(.rodata.name)
    __fsym___cmd_list_mempool_name           0x0000dde8   Data          19  cmd.o(.rodata.name)
    __fsym___cmd_list_mempool_desc           0x0000ddfb   Data          27  cmd.o(.rodata.name)
    __fsym_list_timer_name                   0x0000de16   Data          11  cmd.o(.rodata.name)
    __fsym_list_timer_desc                   0x0000de21   Data          21  cmd.o(.rodata.name)
    __fsym___cmd_list_timer_name             0x0000de36   Data          17  cmd.o(.rodata.name)
    __fsym___cmd_list_timer_desc             0x0000de47   Data          21  cmd.o(.rodata.name)
    __fsym_list_device_name                  0x0000de5c   Data          12  cmd.o(.rodata.name)
    __fsym_list_device_desc                  0x0000de68   Data          22  cmd.o(.rodata.name)
    __fsym___cmd_list_device_name            0x0000de7e   Data          18  cmd.o(.rodata.name)
    __fsym___cmd_list_device_desc            0x0000de90   Data          22  cmd.o(.rodata.name)
    __fsym_list_name                         0x0000dea6   Data           5  cmd.o(.rodata.name)
    __fsym_list_desc                         0x0000deab   Data          26  cmd.o(.rodata.name)
    __vsym_dummy_name                        0x0000dec5   Data           6  cmd.o(.rodata.name)
    __vsym_dummy_desc                        0x0000decb   Data          25  cmd.o(.rodata.name)
    __fsym___cmd_exit_name                   0x0000dee4   Data          11  msh.o(.rodata.name)
    __fsym___cmd_exit_desc                   0x0000deef   Data          32  msh.o(.rodata.name)
    __fsym_msh_name                          0x0000df0f   Data           4  msh.o(.rodata.name)
    __fsym_msh_desc                          0x0000df13   Data          17  msh.o(.rodata.name)
    __fsym___cmd_help_name                   0x0000df24   Data          11  msh.o(.rodata.name)
    __fsym___cmd_help_desc                   0x0000df2f   Data          22  msh.o(.rodata.name)
    __fsym___cmd_ps_name                     0x0000df45   Data           9  msh_cmd.o(.rodata.name)
    __fsym___cmd_ps_desc                     0x0000df4e   Data          28  msh_cmd.o(.rodata.name)
    __fsym___cmd_time_name                   0x0000df6a   Data          11  msh_cmd.o(.rodata.name)
    __fsym___cmd_time_desc                   0x0000df75   Data          27  msh_cmd.o(.rodata.name)
    __fsym___cmd_free_name                   0x0000df90   Data          11  msh_cmd.o(.rodata.name)
    __fsym___cmd_free_desc                   0x0000df9b   Data          37  msh_cmd.o(.rodata.name)
    __rt_init_rti_start                      0x0000dfc0   Data           4  components.o(.rti_fn.0)
    __rt_init_rti_board_start                0x0000dfc4   Data           4  components.o(.rti_fn.0.end)
    __rt_init_rt_hw_pin_init                 0x0000dfc8   Data           4  drv_gpio.o(.rti_fn.1)
    __rt_init_rt_hw_uart_init                0x0000dfcc   Data           4  drv_uart.o(.rti_fn.1)
    __rt_init_rti_board_end                  0x0000dfd0   Data           4  components.o(.rti_fn.1.end)
    __rt_init_finsh_system_init              0x0000dfd4   Data           4  shell.o(.rti_fn.6)
    __rt_init_rti_end                        0x0000dfd8   Data           4  components.o(.rti_fn.6.end)
    FSymTab$$Base                            0x0000dfdc   Number         0  mem.o(FSymTab)
    __fsym_list_mem                          0x0000dfdc   Data          12  mem.o(FSymTab)
    __fsym_pinMode                           0x0000dfe8   Data          12  pin.o(FSymTab)
    __fsym_pinWrite                          0x0000dff4   Data          12  pin.o(FSymTab)
    __fsym_pinRead                           0x0000e000   Data          12  pin.o(FSymTab)
    __fsym_pwm_enable                        0x0000e00c   Data          12  rt_drv_pwm.o(FSymTab)
    __fsym_pwm_set                           0x0000e018   Data          12  rt_drv_pwm.o(FSymTab)
    __fsym___cmd_pwm_enable                  0x0000e024   Data          12  rt_drv_pwm.o(FSymTab)
    __fsym___cmd_pwm_disable                 0x0000e030   Data          12  rt_drv_pwm.o(FSymTab)
    __fsym___cmd_pwm_set                     0x0000e03c   Data          12  rt_drv_pwm.o(FSymTab)
    __fsym_hello                             0x0000e048   Data          12  cmd.o(FSymTab)
    __fsym_version                           0x0000e054   Data          12  cmd.o(FSymTab)
    __fsym___cmd_version                     0x0000e060   Data          12  cmd.o(FSymTab)
    __fsym_list_thread                       0x0000e06c   Data          12  cmd.o(FSymTab)
    __fsym___cmd_list_thread                 0x0000e078   Data          12  cmd.o(FSymTab)
    __fsym_list_sem                          0x0000e084   Data          12  cmd.o(FSymTab)
    __fsym___cmd_list_sem                    0x0000e090   Data          12  cmd.o(FSymTab)
    __fsym_list_event                        0x0000e09c   Data          12  cmd.o(FSymTab)
    __fsym___cmd_list_event                  0x0000e0a8   Data          12  cmd.o(FSymTab)
    __fsym_list_mutex                        0x0000e0b4   Data          12  cmd.o(FSymTab)
    __fsym___cmd_list_mutex                  0x0000e0c0   Data          12  cmd.o(FSymTab)
    __fsym_list_mailbox                      0x0000e0cc   Data          12  cmd.o(FSymTab)
    __fsym___cmd_list_mailbox                0x0000e0d8   Data          12  cmd.o(FSymTab)
    __fsym_list_msgqueue                     0x0000e0e4   Data          12  cmd.o(FSymTab)
    __fsym___cmd_list_msgqueue               0x0000e0f0   Data          12  cmd.o(FSymTab)
    __fsym_list_memheap                      0x0000e0fc   Data          12  cmd.o(FSymTab)
    __fsym___cmd_list_memheap                0x0000e108   Data          12  cmd.o(FSymTab)
    __fsym_list_mempool                      0x0000e114   Data          12  cmd.o(FSymTab)
    __fsym___cmd_list_mempool                0x0000e120   Data          12  cmd.o(FSymTab)
    __fsym_list_timer                        0x0000e12c   Data          12  cmd.o(FSymTab)
    __fsym___cmd_list_timer                  0x0000e138   Data          12  cmd.o(FSymTab)
    __fsym_list_device                       0x0000e144   Data          12  cmd.o(FSymTab)
    __fsym___cmd_list_device                 0x0000e150   Data          12  cmd.o(FSymTab)
    __fsym_list                              0x0000e15c   Data          12  cmd.o(FSymTab)
    __fsym___cmd_exit                        0x0000e168   Data          12  msh.o(FSymTab)
    __fsym_msh                               0x0000e174   Data          12  msh.o(FSymTab)
    __fsym___cmd_help                        0x0000e180   Data          12  msh.o(FSymTab)
    __fsym___cmd_ps                          0x0000e18c   Data          12  msh_cmd.o(FSymTab)
    __fsym___cmd_time                        0x0000e198   Data          12  msh_cmd.o(FSymTab)
    __fsym___cmd_free                        0x0000e1a4   Data          12  msh_cmd.o(FSymTab)
    FSymTab$$Limit                           0x0000e1b0   Number         0  msh_cmd.o(FSymTab)
    Region$$Table$$Base                      0x0000e1b0   Number         0  anon$$obj.o(Region$$Table)
    Region$$Table$$Limit                     0x0000e1d0   Number         0  anon$$obj.o(Region$$Table)
    VSymTab$$Base                            0x0000e1d0   Number         0  cmd.o(VSymTab)
    __vsym_dummy                             0x0000e1d0   Data          16  cmd.o(VSymTab)
    VSymTab$$Limit                           0x0000e1e0   Number         0  cmd.o(VSymTab)
    __ctype                                  0x0000e1ed   Data           0  lc_ctype_c.o(locale$$data)
    SystemCoreClock                          0x20000020   Data           4  system_swm320.o(.data)
    CyclesPerUs                              0x20000024   Data           4  system_swm320.o(.data)
    rt_interrupt_nest                        0x20000034   Data           1  irq.o(.data)
    rt_assert_hook                           0x20000040   Data           4  kservice.o(.data)
    rt_object_trytake_hook                   0x2000010c   Data           4  object.o(.data)
    rt_object_take_hook                      0x20000110   Data           4  object.o(.data)
    rt_object_put_hook                       0x20000114   Data           4  object.o(.data)
    rt_thread_ready_priority_group           0x20000118   Data           4  scheduler.o(.data)
    rt_current_thread                        0x20000120   Data           4  scheduler.o(.data)
    rt_current_priority                      0x20000124   Data           1  scheduler.o(.data)
    rt_thread_defunct                        0x20000128   Data           8  scheduler.o(.data)
    rt_interrupt_from_thread                 0x20000154   Data           4  cpuport.o(.data)
    rt_interrupt_to_thread                   0x20000158   Data           4  cpuport.o(.data)
    rt_thread_switch_interrupt_flag          0x2000015c   Data           4  cpuport.o(.data)
    shell                                    0x20000164   Data           4  shell.o(.data)
    _syscall_table_begin                     0x2000016c   Data           4  symbol.o(.data)
    _syscall_table_end                       0x20000170   Data           4  symbol.o(.data)
    _sysvar_table_begin                      0x20000174   Data           4  symbol.o(.data)
    _sysvar_table_end                        0x20000178   Data           4  symbol.o(.data)
    finsh_compile_sp                         0x20000184   Data           4  finsh_compiler.o(.data)
    finsh_compile_pc                         0x20000188   Data           4  finsh_compiler.o(.data)
    global_errno                             0x2000018c   Data           1  finsh_error.o(.data)
    global_sysvar_list                       0x200001d4   Data           4  finsh_var.o(.data)
    finsh_sp                                 0x200001d8   Data           4  finsh_vm.o(.data)
    finsh_pc                                 0x200001dc   Data           4  finsh_vm.o(.data)
    global_syscall_list                      0x200001e0   Data           4  finsh_vm.o(.data)
    rt_thread_priority_table                 0x200006a8   Data         256  scheduler.o(.bss)
    finsh_heap                               0x20000870   Data         128  finsh_heap.o(.bss)
    global_node_table                        0x200008f0   Data         320  finsh_node.o(.bss)
    global_variable                          0x20000a30   Data         192  finsh_var.o(.bss)
    finsh_vm_stack                           0x20000af0   Data         256  finsh_vm.o(.bss)
    text_segment                             0x20000bf0   Data         128  finsh_vm.o(.bss)
    __libspace_start                         0x20000c70   Data          96  libspace.o(.bss)
    __temporary_stack_top$libspace           0x20000cd0   Data           0  libspace.o(.bss)
    Image$$RW_IRAM1$$ZI$$Limit               0x200012d0   Number         0  anon$$obj.o ABSOLUTE



==============================================================================

Memory Map of the image

  Image Entry point : 0x00000149

  Load Region LR_IROM1 (Base: 0x00000000, Size: 0x0000e4d4, Max: 0x00080000, ABSOLUTE, COMPRESSED[0x0000e384])

    Execution Region ER_IROM1 (Exec base: 0x00000000, Load base: 0x00000000, Size: 0x0000e2f0, Max: 0x00080000, ABSOLUTE)

    Exec Addr    Load Addr    Size         Type   Attr      Idx    E Section Name        Object

    0x00000000   0x00000000   0x00000148   Data   RO         2318    RESET               startup_swm320.o
    0x00000148   0x00000148   0x00000008   Code   RO         5844  * !!!main             c_w.l(__main.o)
    0x00000150   0x00000150   0x00000034   Code   RO         6063    !!!scatter          c_w.l(__scatter.o)
    0x00000184   0x00000184   0x0000005a   Code   RO         6061    !!dczerorl2         c_w.l(__dczerorl2.o)
    0x000001de   0x000001de   0x00000002   PAD
    0x000001e0   0x000001e0   0x0000001c   Code   RO         6065    !!handler_zi        c_w.l(__scatter_zi.o)
    0x000001fc   0x000001fc   0x00000002   Code   RO         5934    .ARM.Collect$$libinit$$00000000  c_w.l(libinit.o)
    0x000001fe   0x000001fe   0x00000000   Code   RO         5938    .ARM.Collect$$libinit$$00000002  c_w.l(libinit2.o)
    0x000001fe   0x000001fe   0x00000000   Code   RO         5940    .ARM.Collect$$libinit$$00000004  c_w.l(libinit2.o)
    0x000001fe   0x000001fe   0x00000000   Code   RO         5943    .ARM.Collect$$libinit$$0000000A  c_w.l(libinit2.o)
    0x000001fe   0x000001fe   0x00000000   Code   RO         5945    .ARM.Collect$$libinit$$0000000C  c_w.l(libinit2.o)
    0x000001fe   0x000001fe   0x00000000   Code   RO         5947    .ARM.Collect$$libinit$$0000000E  c_w.l(libinit2.o)
    0x000001fe   0x000001fe   0x00000006   Code   RO         5948    .ARM.Collect$$libinit$$0000000F  c_w.l(libinit2.o)
    0x00000204   0x00000204   0x00000000   Code   RO         5950    .ARM.Collect$$libinit$$00000011  c_w.l(libinit2.o)
    0x00000204   0x00000204   0x0000000c   Code   RO         5951    .ARM.Collect$$libinit$$00000012  c_w.l(libinit2.o)
    0x00000210   0x00000210   0x00000000   Code   RO         5952    .ARM.Collect$$libinit$$00000013  c_w.l(libinit2.o)
    0x00000210   0x00000210   0x00000000   Code   RO         5954    .ARM.Collect$$libinit$$00000015  c_w.l(libinit2.o)
    0x00000210   0x00000210   0x00000000   Code   RO         5956    .ARM.Collect$$libinit$$00000017  c_w.l(libinit2.o)
    0x00000210   0x00000210   0x00000000   Code   RO         5958    .ARM.Collect$$libinit$$00000019  c_w.l(libinit2.o)
    0x00000210   0x00000210   0x00000000   Code   RO         5960    .ARM.Collect$$libinit$$0000001B  c_w.l(libinit2.o)
    0x00000210   0x00000210   0x00000000   Code   RO         5962    .ARM.Collect$$libinit$$0000001D  c_w.l(libinit2.o)
    0x00000210   0x00000210   0x00000000   Code   RO         5964    .ARM.Collect$$libinit$$0000001F  c_w.l(libinit2.o)
    0x00000210   0x00000210   0x00000000   Code   RO         5966    .ARM.Collect$$libinit$$00000021  c_w.l(libinit2.o)
    0x00000210   0x00000210   0x00000000   Code   RO         5968    .ARM.Collect$$libinit$$00000023  c_w.l(libinit2.o)
    0x00000210   0x00000210   0x00000000   Code   RO         5970    .ARM.Collect$$libinit$$00000025  c_w.l(libinit2.o)
    0x00000210   0x00000210   0x00000000   Code   RO         5974    .ARM.Collect$$libinit$$0000002C  c_w.l(libinit2.o)
    0x00000210   0x00000210   0x00000000   Code   RO         5976    .ARM.Collect$$libinit$$0000002E  c_w.l(libinit2.o)
    0x00000210   0x00000210   0x00000000   Code   RO         5978    .ARM.Collect$$libinit$$00000030  c_w.l(libinit2.o)
    0x00000210   0x00000210   0x00000000   Code   RO         5980    .ARM.Collect$$libinit$$00000032  c_w.l(libinit2.o)
    0x00000210   0x00000210   0x00000002   Code   RO         5981    .ARM.Collect$$libinit$$00000033  c_w.l(libinit2.o)
    0x00000212   0x00000212   0x00000002   Code   RO         6001    .ARM.Collect$$libshutdown$$00000000  c_w.l(libshutdown.o)
    0x00000214   0x00000214   0x00000000   Code   RO         6014    .ARM.Collect$$libshutdown$$00000002  c_w.l(libshutdown2.o)
    0x00000214   0x00000214   0x00000000   Code   RO         6016    .ARM.Collect$$libshutdown$$00000004  c_w.l(libshutdown2.o)
    0x00000214   0x00000214   0x00000000   Code   RO         6019    .ARM.Collect$$libshutdown$$00000007  c_w.l(libshutdown2.o)
    0x00000214   0x00000214   0x00000000   Code   RO         6022    .ARM.Collect$$libshutdown$$0000000A  c_w.l(libshutdown2.o)
    0x00000214   0x00000214   0x00000000   Code   RO         6024    .ARM.Collect$$libshutdown$$0000000C  c_w.l(libshutdown2.o)
    0x00000214   0x00000214   0x00000000   Code   RO         6027    .ARM.Collect$$libshutdown$$0000000F  c_w.l(libshutdown2.o)
    0x00000214   0x00000214   0x00000002   Code   RO         6028    .ARM.Collect$$libshutdown$$00000010  c_w.l(libshutdown2.o)
    0x00000216   0x00000216   0x00000000   Code   RO         5878    .ARM.Collect$$rtentry$$00000000  c_w.l(__rtentry.o)
    0x00000216   0x00000216   0x00000000   Code   RO         5897    .ARM.Collect$$rtentry$$00000002  c_w.l(__rtentry2.o)
    0x00000216   0x00000216   0x00000006   Code   RO         5909    .ARM.Collect$$rtentry$$00000004  c_w.l(__rtentry4.o)
    0x0000021c   0x0000021c   0x00000000   Code   RO         5899    .ARM.Collect$$rtentry$$00000009  c_w.l(__rtentry2.o)
    0x0000021c   0x0000021c   0x00000004   Code   RO         5900    .ARM.Collect$$rtentry$$0000000A  c_w.l(__rtentry2.o)
    0x00000220   0x00000220   0x00000000   Code   RO         5902    .ARM.Collect$$rtentry$$0000000C  c_w.l(__rtentry2.o)
    0x00000220   0x00000220   0x00000008   Code   RO         5903    .ARM.Collect$$rtentry$$0000000D  c_w.l(__rtentry2.o)
    0x00000228   0x00000228   0x00000002   Code   RO         5935    .ARM.Collect$$rtexit$$00000000  c_w.l(rtexit.o)
    0x0000022a   0x0000022a   0x00000000   Code   RO         5983    .ARM.Collect$$rtexit$$00000002  c_w.l(rtexit2.o)
    0x0000022a   0x0000022a   0x00000004   Code   RO         5984    .ARM.Collect$$rtexit$$00000003  c_w.l(rtexit2.o)
    0x0000022e   0x0000022e   0x00000006   Code   RO         5985    .ARM.Collect$$rtexit$$00000004  c_w.l(rtexit2.o)
    0x00000234   0x00000234   0x000000b8   Code   RO         2319    .text               startup_swm320.o
    0x000002ec   0x000002ec   0x000000f4   Code   RO         3821    .text               context_rvds.o
    0x000003e0   0x000003e0   0x0000001a   Code   RO         5818    .text               c_w.l(atoi.o)
    0x000003fa   0x000003fa   0x00000058   Code   RO         5820    .text               c_w.l(memcmp.o)
    0x00000452   0x00000452   0x00000048   Code   RO         5822    .text               c_w.l(strcpy.o)
    0x0000049a   0x0000049a   0x0000003e   Code   RO         5824    .text               c_w.l(strlen.o)
    0x000004d8   0x000004d8   0x00000096   Code   RO         5826    .text               c_w.l(strncmp.o)
    0x0000056e   0x0000056e   0x00000018   Code   RO         5828    .text               c_w.l(strcat.o)
    0x00000586   0x00000586   0x0000008a   Code   RO         5830    .text               c_w.l(rt_memcpy_v6.o)
    0x00000610   0x00000610   0x00000064   Code   RO         5832    .text               c_w.l(rt_memcpy_w.o)
    0x00000674   0x00000674   0x00000044   Code   RO         5834    .text               c_w.l(rt_memclr.o)
    0x000006b8   0x000006b8   0x0000004e   Code   RO         5836    .text               c_w.l(rt_memclr_w.o)
    0x00000706   0x00000706   0x00000056   Code   RO         5838    .text               c_w.l(strncpy.o)
    0x0000075c   0x0000075c   0x00000080   Code   RO         5840    .text               c_w.l(strcmpv7m.o)
    0x000007dc   0x000007dc   0x00000006   Code   RO         5842    .text               c_w.l(heapauxi.o)
    0x000007e2   0x000007e2   0x00000002   PAD
    0x000007e4   0x000007e4   0x00000008   Code   RO         5882    .text               c_w.l(rt_errno_addr_intlibspace.o)
    0x000007ec   0x000007ec   0x00000070   Code   RO         5884    .text               c_w.l(strtol.o)
    0x0000085c   0x0000085c   0x00000008   Code   RO         5893    .text               c_w.l(libspace.o)
    0x00000864   0x00000864   0x00000010   Code   RO         5911    .text               c_w.l(rt_ctype_table.o)
    0x00000874   0x00000874   0x0000009e   Code   RO         5913    .text               c_w.l(_strtoul.o)
    0x00000912   0x00000912   0x0000004a   Code   RO         5915    .text               c_w.l(sys_stackheap_outer.o)
    0x0000095c   0x0000095c   0x00000008   Code   RO         5920    .text               c_w.l(rt_locale_intlibspace.o)
    0x00000964   0x00000964   0x0000001c   Code   RO         5922    .text               c_w.l(_chval.o)
    0x00000980   0x00000980   0x00000012   Code   RO         5927    .text               c_w.l(exit.o)
    0x00000992   0x00000992   0x00000002   PAD
    0x00000994   0x00000994   0x0000000c   Code   RO         5993    .text               c_w.l(sys_exit.o)
    0x000009a0   0x000009a0   0x00000002   Code   RO         6004    .text               c_w.l(use_no_semi.o)
    0x000009a2   0x000009a2   0x00000000   Code   RO         6006    .text               c_w.l(indicate_semi.o)
    0x000009a2   0x000009a2   0x0000000a   Code   RO         2361    i.$Sub$$main        components.o
    0x000009ac   0x000009ac   0x00000008   Code   RO          975    i.EXTI_Clear        swm320_exti.o
    0x000009b4   0x000009b4   0x0000000c   Code   RO          976    i.EXTI_Close        swm320_exti.o
    0x000009c0   0x000009c0   0x00000088   Code   RO          977    i.EXTI_Init         swm320_exti.o
    0x00000a48   0x00000a48   0x0000000c   Code   RO          978    i.EXTI_Open         swm320_exti.o
    0x00000a54   0x00000a54   0x0000000c   Code   RO          980    i.EXTI_State        swm320_exti.o
    0x00000a60   0x00000a60   0x0000009c   Code   RO          238    i.GPIOA_Handler     drv_gpio.o
    0x00000afc   0x00000afc   0x0000009c   Code   RO          239    i.GPIOB_Handler     drv_gpio.o
    0x00000b98   0x00000b98   0x0000009c   Code   RO          240    i.GPIOC_Handler     drv_gpio.o
    0x00000c34   0x00000c34   0x0000009c   Code   RO          241    i.GPIOM_Handler     drv_gpio.o
    0x00000cd0   0x00000cd0   0x0000009c   Code   RO          242    i.GPION_Handler     drv_gpio.o
    0x00000d6c   0x00000d6c   0x0000009c   Code   RO          243    i.GPIOP_Handler     drv_gpio.o
    0x00000e08   0x00000e08   0x0000000c   Code   RO         1064    i.GPIO_ClrBit       swm320_gpio.o
    0x00000e14   0x00000e14   0x0000000c   Code   RO         1066    i.GPIO_GetBit       swm320_gpio.o
    0x00000e20   0x00000e20   0x000002ec   Code   RO         1068    i.GPIO_Init         swm320_gpio.o
    0x0000110c   0x0000110c   0x0000000c   Code   RO         1071    i.GPIO_SetBit       swm320_gpio.o
    0x00001118   0x00001118   0x00000018   Code   RO          347    i.NVIC_DisableIRQ   drv_uart.o
    0x00001130   0x00001130   0x00000018   Code   RO         2039    i.NVIC_DisableIRQ   swm320_uart.o
    0x00001148   0x00001148   0x00000016   Code   RO         2040    i.NVIC_EnableIRQ    swm320_uart.o
    0x0000115e   0x0000115e   0x00000002   PAD
    0x00001160   0x00001160   0x00000030   Code   RO         5234    i.OP_add_byte       finsh_ops.o
    0x00001190   0x00001190   0x00000030   Code   RO         5235    i.OP_add_dword      finsh_ops.o
    0x000011c0   0x000011c0   0x00000030   Code   RO         5236    i.OP_add_word       finsh_ops.o
    0x000011f0   0x000011f0   0x00000030   Code   RO         5237    i.OP_and_byte       finsh_ops.o
    0x00001220   0x00001220   0x00000030   Code   RO         5238    i.OP_and_dword      finsh_ops.o
    0x00001250   0x00001250   0x00000030   Code   RO         5239    i.OP_and_word       finsh_ops.o
    0x00001280   0x00001280   0x00000018   Code   RO         5240    i.OP_bw_byte        finsh_ops.o
    0x00001298   0x00001298   0x00000018   Code   RO         5241    i.OP_bw_dword       finsh_ops.o
    0x000012b0   0x000012b0   0x00000018   Code   RO         5242    i.OP_bw_word        finsh_ops.o
    0x000012c8   0x000012c8   0x0000038c   Code   RO         5243    i.OP_call           finsh_ops.o
    0x00001654   0x00001654   0x00000030   Code   RO         5244    i.OP_div_byte       finsh_ops.o
    0x00001684   0x00001684   0x00000030   Code   RO         5245    i.OP_div_dword      finsh_ops.o
    0x000016b4   0x000016b4   0x00000034   Code   RO         5246    i.OP_div_word       finsh_ops.o
    0x000016e8   0x000016e8   0x0000002c   Code   RO         5247    i.OP_ld_byte        finsh_ops.o
    0x00001714   0x00001714   0x00000048   Code   RO         5248    i.OP_ld_dword       finsh_ops.o
    0x0000175c   0x0000175c   0x0000004c   Code   RO         5249    i.OP_ld_value_byte  finsh_ops.o
    0x000017a8   0x000017a8   0x00000018   Code   RO         5250    i.OP_ld_value_byte_stack  finsh_ops.o
    0x000017c0   0x000017c0   0x0000004c   Code   RO         5251    i.OP_ld_value_dword  finsh_ops.o
    0x0000180c   0x0000180c   0x00000018   Code   RO         5252    i.OP_ld_value_dword_stack  finsh_ops.o
    0x00001824   0x00001824   0x0000004c   Code   RO         5253    i.OP_ld_value_word  finsh_ops.o
    0x00001870   0x00001870   0x00000018   Code   RO         5254    i.OP_ld_value_word_stack  finsh_ops.o
    0x00001888   0x00001888   0x00000038   Code   RO         5255    i.OP_ld_word        finsh_ops.o
    0x000018c0   0x000018c0   0x00000034   Code   RO         5256    i.OP_mod_byte       finsh_ops.o
    0x000018f4   0x000018f4   0x00000034   Code   RO         5257    i.OP_mod_dword      finsh_ops.o
    0x00001928   0x00001928   0x00000034   Code   RO         5258    i.OP_mod_word       finsh_ops.o
    0x0000195c   0x0000195c   0x00000030   Code   RO         5259    i.OP_mul_byte       finsh_ops.o
    0x0000198c   0x0000198c   0x00000030   Code   RO         5260    i.OP_mul_dword      finsh_ops.o
    0x000019bc   0x000019bc   0x00000034   Code   RO         5261    i.OP_mul_word       finsh_ops.o
    0x000019f0   0x000019f0   0x00000002   Code   RO         5262    i.OP_no_op          finsh_ops.o
    0x000019f2   0x000019f2   0x00000002   PAD
    0x000019f4   0x000019f4   0x00000030   Code   RO         5263    i.OP_or_byte        finsh_ops.o
    0x00001a24   0x00001a24   0x00000030   Code   RO         5264    i.OP_or_dword       finsh_ops.o
    0x00001a54   0x00001a54   0x00000030   Code   RO         5265    i.OP_or_word        finsh_ops.o
    0x00001a84   0x00001a84   0x00000010   Code   RO         5266    i.OP_pop            finsh_ops.o
    0x00001a94   0x00001a94   0x00000030   Code   RO         5267    i.OP_shl_byte       finsh_ops.o
    0x00001ac4   0x00001ac4   0x00000030   Code   RO         5268    i.OP_shl_dword      finsh_ops.o
    0x00001af4   0x00001af4   0x00000030   Code   RO         5269    i.OP_shl_word       finsh_ops.o
    0x00001b24   0x00001b24   0x00000030   Code   RO         5270    i.OP_shr_byte       finsh_ops.o
    0x00001b54   0x00001b54   0x00000030   Code   RO         5271    i.OP_shr_dword      finsh_ops.o
    0x00001b84   0x00001b84   0x00000030   Code   RO         5272    i.OP_shr_word       finsh_ops.o
    0x00001bb4   0x00001bb4   0x00000024   Code   RO         5273    i.OP_st_byte        finsh_ops.o
    0x00001bd8   0x00001bd8   0x00000024   Code   RO         5274    i.OP_st_dword       finsh_ops.o
    0x00001bfc   0x00001bfc   0x00000024   Code   RO         5275    i.OP_st_word        finsh_ops.o
    0x00001c20   0x00001c20   0x00000030   Code   RO         5276    i.OP_sub_byte       finsh_ops.o
    0x00001c50   0x00001c50   0x00000030   Code   RO         5277    i.OP_sub_dword      finsh_ops.o
    0x00001c80   0x00001c80   0x00000030   Code   RO         5278    i.OP_sub_word       finsh_ops.o
    0x00001cb0   0x00001cb0   0x00000030   Code   RO         5279    i.OP_xor_byte       finsh_ops.o
    0x00001ce0   0x00001ce0   0x00000030   Code   RO         5280    i.OP_xor_dword      finsh_ops.o
    0x00001d10   0x00001d10   0x00000030   Code   RO         5281    i.OP_xor_word       finsh_ops.o
    0x00001d40   0x00001d40   0x0000005c   Code   RO          408    i.PLLInit           system_swm320.o
    0x00001d9c   0x00001d9c   0x00000648   Code   RO         1323    i.PORT_Init         swm320_port.o
    0x000023e4   0x000023e4   0x00000010   Code   RO          116    i.SysTick_Handler   board.o
    0x000023f4   0x000023f4   0x000000a8   Code   RO          409    i.SystemCoreClockUpdate  system_swm320.o
    0x0000249c   0x0000249c   0x00000120   Code   RO          410    i.SystemInit        system_swm320.o
    0x000025bc   0x000025bc   0x00000030   Code   RO          348    i.UART0_Handler     drv_uart.o
    0x000025ec   0x000025ec   0x0000000a   Code   RO         2045    i.UART_Close        swm320_uart.o
    0x000025f6   0x000025f6   0x0000000a   Code   RO         2049    i.UART_INTRXThresholdStat  swm320_uart.o
    0x00002600   0x00002600   0x0000000a   Code   RO         2058    i.UART_INTTimeoutStat  swm320_uart.o
    0x0000260a   0x0000260a   0x00000002   PAD
    0x0000260c   0x0000260c   0x00000190   Code   RO         2059    i.UART_Init         swm320_uart.o
    0x0000279c   0x0000279c   0x0000000c   Code   RO         2060    i.UART_IsRXFIFOEmpty  swm320_uart.o
    0x000027a8   0x000027a8   0x0000000e   Code   RO         2061    i.UART_IsTXBusy     swm320_uart.o
    0x000027b6   0x000027b6   0x0000000a   Code   RO         2067    i.UART_Open         swm320_uart.o
    0x000027c0   0x000027c0   0x00000018   Code   RO         2070    i.UART_ReadByte     swm320_uart.o
    0x000027d8   0x000027d8   0x0000004c   Code   RO         2894    i.__rt_ffs          kservice.o
    0x00002824   0x00002824   0x00000028   Code   RO         3398    i._get_highest_priority_thread  scheduler.o
    0x0000284c   0x0000284c   0x00000014   Code   RO         2527    i._has_defunct_thread  idle.o
    0x00002860   0x00002860   0x00000098   Code   RO         4907    i._msh_exec_cmd     msh.o
    0x000028f8   0x000028f8   0x00000048   Code   RO         3913    i._pin_control      pin.o
    0x00002940   0x00002940   0x00000054   Code   RO         3914    i._pin_read         pin.o
    0x00002994   0x00002994   0x00000054   Code   RO         3915    i._pin_write        pin.o
    0x000029e8   0x000029e8   0x000000c8   Code   RO         3399    i._rt_scheduler_stack_check  scheduler.o
    0x00002ab0   0x00002ab0   0x000000d0   Code   RO         3497    i._rt_thread_init   thread.o
    0x00002b80   0x00002b80   0x00000042   Code   RO         3640    i._rt_timer_init    timer.o
    0x00002bc2   0x00002bc2   0x0000002e   Code   RO         3641    i._rt_timer_remove  timer.o
    0x00002bf0   0x00002bf0   0x000000b8   Code   RO         4053    i._serial_int_rx    serial.o
    0x00002ca8   0x00002ca8   0x00000070   Code   RO         4054    i._serial_int_tx    serial.o
    0x00002d18   0x00002d18   0x0000005c   Code   RO         4055    i._serial_poll_rx   serial.o
    0x00002d74   0x00002d74   0x00000054   Code   RO         4056    i._serial_poll_tx   serial.o
    0x00002dc8   0x00002dc8   0x00000070   Code   RO          117    i.bsp_clock_config  board.o
    0x00002e38   0x00002e38   0x000000fc   Code   RO         3761    i.bus_fault_track   cpuport.o
    0x00002f34   0x00002f34   0x0000000e   Code   RO         4973    i.cmd_free          msh_cmd.o
    0x00002f42   0x00002f42   0x0000000e   Code   RO         4974    i.cmd_ps            msh_cmd.o
    0x00002f50   0x00002f50   0x00000006   Code   RO         4975    i.cmd_time          msh_cmd.o
    0x00002f56   0x00002f56   0x0000003e   Code   RO         5088    i.finsh_block_insert  finsh_heap.o
    0x00002f94   0x00002f94   0x0000007c   Code   RO         5089    i.finsh_block_merge  finsh_heap.o
    0x00003010   0x00003010   0x0000002e   Code   RO         5090    i.finsh_block_remove  finsh_heap.o
    0x0000303e   0x0000303e   0x00000018   Code   RO         5091    i.finsh_block_split  finsh_heap.o
    0x00003056   0x00003056   0x00000002   PAD
    0x00003058   0x00003058   0x00001654   Code   RO         5007    i.finsh_compile     finsh_compiler.o
    0x000046ac   0x000046ac   0x00000068   Code   RO         5008    i.finsh_compiler_run  finsh_compiler.o
    0x00004714   0x00004714   0x0000000c   Code   RO         5054    i.finsh_errno       finsh_error.o
    0x00004720   0x00004720   0x0000000c   Code   RO         5055    i.finsh_error_init  finsh_error.o
    0x0000472c   0x0000472c   0x00000010   Code   RO         5056    i.finsh_error_set   finsh_error.o
    0x0000473c   0x0000473c   0x00000010   Code   RO         5057    i.finsh_error_string  finsh_error.o
    0x0000474c   0x0000474c   0x00000016   Code   RO         5141    i.finsh_flush       finsh_init.o
    0x00004762   0x00004762   0x00000002   PAD
    0x00004764   0x00004764   0x00000074   Code   RO         4630    i.finsh_get_prompt  shell.o
    0x000047d8   0x000047d8   0x0000005c   Code   RO         4632    i.finsh_getchar     shell.o
    0x00004834   0x00004834   0x00000074   Code   RO         5092    i.finsh_heap_allocate  finsh_heap.o
    0x000048a8   0x000048a8   0x0000002c   Code   RO         5093    i.finsh_heap_free   finsh_heap.o
    0x000048d4   0x000048d4   0x00000058   Code   RO         5094    i.finsh_heap_gc     finsh_heap.o
    0x0000492c   0x0000492c   0x00000030   Code   RO         5095    i.finsh_heap_init   finsh_heap.o
    0x0000495c   0x0000495c   0x0000001e   Code   RO         5142    i.finsh_init        finsh_init.o
    0x0000497a   0x0000497a   0x00000002   PAD
    0x0000497c   0x0000497c   0x0000003c   Code   RO         5177    i.finsh_node_allocate  finsh_node.o
    0x000049b8   0x000049b8   0x00000014   Code   RO         5178    i.finsh_node_init   finsh_node.o
    0x000049cc   0x000049cc   0x0000001e   Code   RO         5179    i.finsh_node_new_char  finsh_node.o
    0x000049ea   0x000049ea   0x00000076   Code   RO         5180    i.finsh_node_new_id  finsh_node.o
    0x00004a60   0x00004a60   0x0000001e   Code   RO         5181    i.finsh_node_new_int  finsh_node.o
    0x00004a7e   0x00004a7e   0x0000001e   Code   RO         5182    i.finsh_node_new_long  finsh_node.o
    0x00004a9c   0x00004a9c   0x0000001e   Code   RO         5183    i.finsh_node_new_ptr  finsh_node.o
    0x00004aba   0x00004aba   0x0000004a   Code   RO         5184    i.finsh_node_new_string  finsh_node.o
    0x00004b04   0x00004b04   0x00000010   Code   RO         5534    i.finsh_parser_init  finsh_parser.o
    0x00004b14   0x00004b14   0x000000dc   Code   RO         5535    i.finsh_parser_run  finsh_parser.o
    0x00004bf0   0x00004bf0   0x000000d4   Code   RO         4633    i.finsh_run_line    shell.o
    0x00004cc4   0x00004cc4   0x00000040   Code   RO         4634    i.finsh_rx_ind      shell.o
    0x00004d04   0x00004d04   0x000000dc   Code   RO         4635    i.finsh_set_device  shell.o
    0x00004de0   0x00004de0   0x00000048   Code   RO         4638    i.finsh_set_prompt_mode  shell.o
    0x00004e28   0x00004e28   0x0000000c   Code   RO         5144    i.finsh_stack_bottom  finsh_init.o
    0x00004e34   0x00004e34   0x0000005c   Code   RO         5699    i.finsh_syscall_lookup  finsh_vm.o
    0x00004e90   0x00004e90   0x00000014   Code   RO         4639    i.finsh_system_function_init  shell.o
    0x00004ea4   0x00004ea4   0x000000ac   Code   RO         4640    i.finsh_system_init  shell.o
    0x00004f50   0x00004f50   0x00000014   Code   RO         4641    i.finsh_system_var_init  shell.o
    0x00004f64   0x00004f64   0x0000005c   Code   RO         5646    i.finsh_sysvar_lookup  finsh_var.o
    0x00004fc0   0x00004fc0   0x00000558   Code   RO         4642    i.finsh_thread_entry  shell.o
    0x00005518   0x00005518   0x00000014   Code   RO         5734    i.finsh_token_init  finsh_token.o
    0x0000552c   0x0000552c   0x00000018   Code   RO         5735    i.finsh_token_token  finsh_token.o
    0x00005544   0x00005544   0x0000015e   Code   RO         5009    i.finsh_type_check  finsh_compiler.o
    0x000056a2   0x000056a2   0x00000002   PAD
    0x000056a4   0x000056a4   0x00000014   Code   RO         5648    i.finsh_var_init    finsh_var.o
    0x000056b8   0x000056b8   0x00000078   Code   RO         5649    i.finsh_var_insert  finsh_var.o
    0x00005730   0x00005730   0x00000040   Code   RO         5650    i.finsh_var_lookup  finsh_var.o
    0x00005770   0x00005770   0x00000054   Code   RO         5700    i.finsh_vm_run      finsh_vm.o
    0x000057c4   0x000057c4   0x0000001c   Code   RO          244    i.get_pin           drv_gpio.o
    0x000057e0   0x000057e0   0x00000080   Code   RO         3762    i.hard_fault_track  cpuport.o
    0x00005860   0x00005860   0x00000020   Code   RO         4766    i.hello             cmd.o
    0x00005880   0x00005880   0x000000dc   Code   RO         4767    i.list              cmd.o
    0x0000595c   0x0000595c   0x00000118   Code   RO         4768    i.list_device       cmd.o
    0x00005a74   0x00005a74   0x00000144   Code   RO         4769    i.list_event        cmd.o
    0x00005bb8   0x00005bb8   0x0000002a   Code   RO         4770    i.list_find_init    cmd.o
    0x00005be2   0x00005be2   0x00000088   Code   RO         4771    i.list_get_next     cmd.o
    0x00005c6a   0x00005c6a   0x00000002   PAD
    0x00005c6c   0x00005c6c   0x0000015c   Code   RO         4772    i.list_mailbox      cmd.o
    0x00005dc8   0x00005dc8   0x00000078   Code   RO         3098    i.list_mem          mem.o
    0x00005e40   0x00005e40   0x00000120   Code   RO         4773    i.list_memheap      cmd.o
    0x00005f60   0x00005f60   0x00000160   Code   RO         4774    i.list_mempool      cmd.o
    0x000060c0   0x000060c0   0x00000144   Code   RO         4775    i.list_msgqueue     cmd.o
    0x00006204   0x00006204   0x0000010c   Code   RO         4776    i.list_mutex        cmd.o
    0x00006310   0x00006310   0x00000210   Code   RO         4777    i.list_prefix       cmd.o
    0x00006520   0x00006520   0x00000138   Code   RO         4778    i.list_sem          cmd.o
    0x00006658   0x00006658   0x000001e4   Code   RO         4779    i.list_thread       cmd.o
    0x0000683c   0x0000683c   0x00000160   Code   RO         4780    i.list_timer        cmd.o
    0x0000699c   0x0000699c   0x00000038   Code   RO            1    i.main              main.o
    0x000069d4   0x000069d4   0x0000000e   Code   RO         2362    i.main_thread_entry  components.o
    0x000069e2   0x000069e2   0x00000028   Code   RO         5536    i.make_sys_node     finsh_parser.o
    0x00006a0a   0x00006a0a   0x00000002   PAD
    0x00006a0c   0x00006a0c   0x000000e8   Code   RO         3763    i.mem_manage_fault_track  cpuport.o
    0x00006af4   0x00006af4   0x000000a0   Code   RO         4908    i.msh_auto_complete  msh.o
    0x00006b94   0x00006b94   0x00000010   Code   RO         4909    i.msh_enter         msh.o
    0x00006ba4   0x00006ba4   0x0000006c   Code   RO         4910    i.msh_exec          msh.o
    0x00006c10   0x00006c10   0x00000010   Code   RO         4911    i.msh_exit          msh.o
    0x00006c20   0x00006c20   0x0000005c   Code   RO         4912    i.msh_get_cmd       msh.o
    0x00006c7c   0x00006c7c   0x00000080   Code   RO         4913    i.msh_help          msh.o
    0x00006cfc   0x00006cfc   0x0000000c   Code   RO         4914    i.msh_is_used       msh.o
    0x00006d08   0x00006d08   0x000000f0   Code   RO         4915    i.msh_split         msh.o
    0x00006df8   0x00006df8   0x0000001c   Code   RO         4781    i.object_split      cmd.o
    0x00006e14   0x00006e14   0x0000010c   Code   RO         3099    i.plug_holes        mem.o
    0x00006f20   0x00006f20   0x00000198   Code   RO         2896    i.print_number      kservice.o
    0x000070b8   0x000070b8   0x00000072   Code   RO         5537    i.proc_additive_expr  finsh_parser.o
    0x0000712a   0x0000712a   0x0000004c   Code   RO         5538    i.proc_and_expr     finsh_parser.o
    0x00007176   0x00007176   0x00000038   Code   RO         5539    i.proc_assign_expr  finsh_parser.o
    0x000071ae   0x000071ae   0x0000004e   Code   RO         5540    i.proc_cast_expr    finsh_parser.o
    0x000071fc   0x000071fc   0x0000004c   Code   RO         5541    i.proc_exclusive_or_expr  finsh_parser.o
    0x00007248   0x00007248   0x0000000c   Code   RO         5542    i.proc_expr         finsh_parser.o
    0x00007254   0x00007254   0x00000038   Code   RO         5543    i.proc_expr_statement  finsh_parser.o
    0x0000728c   0x0000728c   0x0000002c   Code   RO         5544    i.proc_identifier   finsh_parser.o
    0x000072b8   0x000072b8   0x0000004c   Code   RO         5545    i.proc_inclusive_or_expr  finsh_parser.o
    0x00007304   0x00007304   0x0000008a   Code   RO         5546    i.proc_multiplicative_expr  finsh_parser.o
    0x0000738e   0x0000738e   0x0000004c   Code   RO         5547    i.proc_param_list   finsh_parser.o
    0x000073da   0x000073da   0x000000a2   Code   RO         5548    i.proc_postfix_expr  finsh_parser.o
    0x0000747c   0x0000747c   0x0000009e   Code   RO         5549    i.proc_primary_expr  finsh_parser.o
    0x0000751a   0x0000751a   0x00000074   Code   RO         5550    i.proc_shift_expr   finsh_parser.o
    0x0000758e   0x0000758e   0x000000fa   Code   RO         5551    i.proc_type         finsh_parser.o
    0x00007688   0x00007688   0x000000be   Code   RO         5552    i.proc_unary_expr   finsh_parser.o
    0x00007746   0x00007746   0x000001da   Code   RO         5553    i.proc_variable_decl  finsh_parser.o
    0x00007920   0x00007920   0x00000060   Code   RO         3985    i.pwm_disable       rt_drv_pwm.o
    0x00007980   0x00007980   0x00000060   Code   RO         3986    i.pwm_enable        rt_drv_pwm.o
    0x000079e0   0x000079e0   0x00000078   Code   RO         3987    i.pwm_set           rt_drv_pwm.o
    0x00007a58   0x00007a58   0x00000050   Code   RO         2363    i.rt_application_init  components.o
    0x00007aa8   0x00007aa8   0x00000074   Code   RO         2897    i.rt_assert_handler  kservice.o
    0x00007b1c   0x00007b1c   0x00000022   Code   RO         3100    i.rt_calloc         mem.o
    0x00007b3e   0x00007b3e   0x00000002   PAD
    0x00007b40   0x00007b40   0x00000068   Code   RO         4125    i.rt_completion_done  completion.o
    0x00007ba8   0x00007ba8   0x00000048   Code   RO         4126    i.rt_completion_init  completion.o
    0x00007bf0   0x00007bf0   0x00000140   Code   RO         4127    i.rt_completion_wait  completion.o
    0x00007d30   0x00007d30   0x0000001c   Code   RO         2364    i.rt_components_board_init  components.o
    0x00007d4c   0x00007d4c   0x0000001c   Code   RO         2365    i.rt_components_init  components.o
    0x00007d68   0x00007d68   0x0000000c   Code   RO         2899    i.rt_console_get_device  kservice.o
    0x00007d74   0x00007d74   0x00000034   Code   RO         2900    i.rt_console_set_device  kservice.o
    0x00007da8   0x00007da8   0x000000ac   Code   RO         2436    i.rt_device_close   device.o
    0x00007e54   0x00007e54   0x00000094   Code   RO         2437    i.rt_device_control  device.o
    0x00007ee8   0x00007ee8   0x0000007c   Code   RO         2440    i.rt_device_find    device.o
    0x00007f64   0x00007f64   0x00000148   Code   RO         2443    i.rt_device_open    device.o
    0x000080ac   0x000080ac   0x00000048   Code   RO         3916    i.rt_device_pin_register  pin.o
    0x000080f4   0x000080f4   0x000000b4   Code   RO         2444    i.rt_device_read    device.o
    0x000081a8   0x000081a8   0x00000034   Code   RO         2445    i.rt_device_register  device.o
    0x000081dc   0x000081dc   0x00000080   Code   RO         2446    i.rt_device_set_rx_indicate  device.o
    0x0000825c   0x0000825c   0x000000b4   Code   RO         2449    i.rt_device_write   device.o
    0x00008310   0x00008310   0x00000020   Code   RO         3401    i.rt_enter_critical  scheduler.o
    0x00008330   0x00008330   0x00000044   Code   RO         3402    i.rt_exit_critical  scheduler.o
    0x00008374   0x00008374   0x00000208   Code   RO         3101    i.rt_free           mem.o
    0x0000857c   0x0000857c   0x0000002c   Code   RO          118    i.rt_hw_board_init  board.o
    0x000085a8   0x000085a8   0x00000002   Code   RO         2903    i.rt_hw_console_output  kservice.o
    0x000085aa   0x000085aa   0x00000002   PAD
    0x000085ac   0x000085ac   0x0000022c   Code   RO         3767    i.rt_hw_hard_fault_exception  cpuport.o
    0x000087d8   0x000087d8   0x0000001c   Code   RO          245    i.rt_hw_pin_init    drv_gpio.o
    0x000087f4   0x000087f4   0x000000f4   Code   RO         4057    i.rt_hw_serial_isr  serial.o
    0x000088e8   0x000088e8   0x00000080   Code   RO         4058    i.rt_hw_serial_register  serial.o
    0x00008968   0x00008968   0x0000004c   Code   RO         3768    i.rt_hw_stack_init  cpuport.o
    0x000089b4   0x000089b4   0x00000068   Code   RO          349    i.rt_hw_uart_init   drv_uart.o
    0x00008a1c   0x00008a1c   0x00000038   Code   RO         2855    i.rt_interrupt_enter  irq.o
    0x00008a54   0x00008a54   0x0000001c   Code   RO         2857    i.rt_interrupt_get_nest  irq.o
    0x00008a70   0x00008a70   0x00000038   Code   RO         2858    i.rt_interrupt_leave  irq.o
    0x00008aa8   0x00008aa8   0x00000018   Code   RO         2587    i.rt_ipc_list_resume  ipc.o
    0x00008ac0   0x00008ac0   0x0000006c   Code   RO         2589    i.rt_ipc_list_suspend  ipc.o
    0x00008b2c   0x00008b2c   0x00000010   Code   RO         2590    i.rt_ipc_object_init  ipc.o
    0x00008b3c   0x00008b3c   0x00000068   Code   RO         2904    i.rt_kprintf        kservice.o
    0x00008ba4   0x00008ba4   0x00000006   Code   RO         2591    i.rt_list_init      ipc.o
    0x00008baa   0x00008baa   0x00000006   Code   RO         3403    i.rt_list_init      scheduler.o
    0x00008bb0   0x00008bb0   0x00000006   Code   RO         3642    i.rt_list_init      timer.o
    0x00008bb6   0x00008bb6   0x0000000e   Code   RO         3291    i.rt_list_insert_after  object.o
    0x00008bc4   0x00008bc4   0x0000000e   Code   RO         3498    i.rt_list_insert_after  thread.o
    0x00008bd2   0x00008bd2   0x0000000e   Code   RO         3643    i.rt_list_insert_after  timer.o
    0x00008be0   0x00008be0   0x0000000e   Code   RO         2592    i.rt_list_insert_before  ipc.o
    0x00008bee   0x00008bee   0x00000010   Code   RO         2593    i.rt_list_isempty   ipc.o
    0x00008bfe   0x00008bfe   0x00000010   Code   RO         3644    i.rt_list_isempty   timer.o
    0x00008c0e   0x00008c0e   0x00000010   Code   RO         4128    i.rt_list_isempty   completion.o
    0x00008c1e   0x00008c1e   0x00000010   Code   RO         4782    i.rt_list_isempty   cmd.o
    0x00008c2e   0x00008c2e   0x00000014   Code   RO         4783    i.rt_list_len       cmd.o
    0x00008c42   0x00008c42   0x00000012   Code   RO         3292    i.rt_list_remove    object.o
    0x00008c54   0x00008c54   0x00000012   Code   RO         3499    i.rt_list_remove    thread.o
    0x00008c66   0x00008c66   0x00000002   PAD
    0x00008c68   0x00008c68   0x000002bc   Code   RO         3103    i.rt_malloc         mem.o
    0x00008f24   0x00008f24   0x00000042   Code   RO         2909    i.rt_memmove        kservice.o
    0x00008f66   0x00008f66   0x00000048   Code   RO         2910    i.rt_memset         kservice.o
    0x00008fae   0x00008fae   0x00000002   PAD
    0x00008fb0   0x00008fb0   0x000000ec   Code   RO         3293    i.rt_object_allocate  object.o
    0x0000909c   0x0000909c   0x000000a0   Code   RO         3295    i.rt_object_delete  object.o
    0x0000913c   0x0000913c   0x0000005c   Code   RO         3296    i.rt_object_detach  object.o
    0x00009198   0x00009198   0x00000028   Code   RO         3299    i.rt_object_get_information  object.o
    0x000091c0   0x000091c0   0x00000034   Code   RO         3300    i.rt_object_get_type  object.o
    0x000091f4   0x000091f4   0x000000bc   Code   RO         3301    i.rt_object_init    object.o
    0x000092b0   0x000092b0   0x0000003c   Code   RO         3302    i.rt_object_is_systemobject  object.o
    0x000092ec   0x000092ec   0x00000048   Code   RO         3920    i.rt_pin_mode       pin.o
    0x00009334   0x00009334   0x00000044   Code   RO         3921    i.rt_pin_read       pin.o
    0x00009378   0x00009378   0x00000048   Code   RO         3922    i.rt_pin_write      pin.o
    0x000093c0   0x000093c0   0x0000002a   Code   RO         3989    i.rt_pwm_disable    rt_drv_pwm.o
    0x000093ea   0x000093ea   0x0000002a   Code   RO         3990    i.rt_pwm_enable     rt_drv_pwm.o
    0x00009414   0x00009414   0x00000038   Code   RO         3991    i.rt_pwm_set        rt_drv_pwm.o
    0x0000944c   0x0000944c   0x0000010c   Code   RO         3404    i.rt_schedule       scheduler.o
    0x00009558   0x00009558   0x0000009c   Code   RO         3405    i.rt_schedule_insert_thread  scheduler.o
    0x000095f4   0x000095f4   0x00000080   Code   RO         3406    i.rt_schedule_remove_thread  scheduler.o
    0x00009674   0x00009674   0x0000006c   Code   RO         2621    i.rt_sem_init       ipc.o
    0x000096e0   0x000096e0   0x00000090   Code   RO         2622    i.rt_sem_release    ipc.o
    0x00009770   0x00009770   0x000001a4   Code   RO         2623    i.rt_sem_take       ipc.o
    0x00009914   0x00009914   0x000000d4   Code   RO         4059    i.rt_serial_close   serial.o
    0x000099e8   0x000099e8   0x000000a4   Code   RO         4060    i.rt_serial_control  serial.o
    0x00009a8c   0x00009a8c   0x00000048   Code   RO         4061    i.rt_serial_init    serial.o
    0x00009ad4   0x00009ad4   0x00000194   Code   RO         4062    i.rt_serial_open    serial.o
    0x00009c68   0x00009c68   0x00000058   Code   RO         4063    i.rt_serial_read    serial.o
    0x00009cc0   0x00009cc0   0x00000058   Code   RO         4064    i.rt_serial_write   serial.o
    0x00009d18   0x00009d18   0x00000028   Code   RO         2911    i.rt_set_errno      kservice.o
    0x00009d40   0x00009d40   0x000000b0   Code   RO         2912    i.rt_show_version   kservice.o
    0x00009df0   0x00009df0   0x00000022   Code   RO         2914    i.rt_sprintf        kservice.o
    0x00009e12   0x00009e12   0x00000012   Code   RO         2918    i.rt_strlen         kservice.o
    0x00009e24   0x00009e24   0x00000028   Code   RO         2919    i.rt_strncmp        kservice.o
    0x00009e4c   0x00009e4c   0x00000034   Code   RO         2920    i.rt_strncpy        kservice.o
    0x00009e80   0x00009e80   0x00000154   Code   RO         3107    i.rt_system_heap_init  mem.o
    0x00009fd4   0x00009fd4   0x00000040   Code   RO         3408    i.rt_system_scheduler_init  scheduler.o
    0x0000a014   0x0000a014   0x00000028   Code   RO         3409    i.rt_system_scheduler_start  scheduler.o
    0x0000a03c   0x0000a03c   0x0000001c   Code   RO         3645    i.rt_system_timer_init  timer.o
    0x0000a058   0x0000a058   0x00000002   Code   RO         3646    i.rt_system_timer_thread_init  timer.o
    0x0000a05a   0x0000a05a   0x00000050   Code   RO         3501    i.rt_thread_create  thread.o
    0x0000a0aa   0x0000a0aa   0x00000002   PAD
    0x0000a0ac   0x0000a0ac   0x00000054   Code   RO         3505    i.rt_thread_exit    thread.o
    0x0000a100   0x0000a100   0x00000028   Code   RO         2529    i.rt_thread_idle_entry  idle.o
    0x0000a128   0x0000a128   0x000000e4   Code   RO         2530    i.rt_thread_idle_excute  idle.o
    0x0000a20c   0x0000a20c   0x00000060   Code   RO         2532    i.rt_thread_idle_init  idle.o
    0x0000a26c   0x0000a26c   0x0000007c   Code   RO         3507    i.rt_thread_init    thread.o
    0x0000a2e8   0x0000a2e8   0x00000014   Code   RO         3509    i.rt_thread_mdelay  thread.o
    0x0000a2fc   0x0000a2fc   0x0000009c   Code   RO         3510    i.rt_thread_resume  thread.o
    0x0000a398   0x0000a398   0x0000000c   Code   RO         3512    i.rt_thread_self    thread.o
    0x0000a3a4   0x0000a3a4   0x00000080   Code   RO         3513    i.rt_thread_sleep   thread.o
    0x0000a424   0x0000a424   0x000000c4   Code   RO         3514    i.rt_thread_startup  thread.o
    0x0000a4e8   0x0000a4e8   0x000000dc   Code   RO         3515    i.rt_thread_suspend  thread.o
    0x0000a5c4   0x0000a5c4   0x000000b4   Code   RO         3517    i.rt_thread_timeout  thread.o
    0x0000a678   0x0000a678   0x0000000a   Code   RO         3518    i.rt_thread_yield   thread.o
    0x0000a682   0x0000a682   0x0000003a   Code   RO         2324    i.rt_tick_from_millisecond  clock.o
    0x0000a6bc   0x0000a6bc   0x0000000c   Code   RO         2325    i.rt_tick_get       clock.o
    0x0000a6c8   0x0000a6c8   0x00000030   Code   RO         2326    i.rt_tick_increase  clock.o
    0x0000a6f8   0x0000a6f8   0x000000b4   Code   RO         3647    i.rt_timer_check    timer.o
    0x0000a7ac   0x0000a7ac   0x000000b8   Code   RO         3648    i.rt_timer_control  timer.o
    0x0000a864   0x0000a864   0x000000d4   Code   RO         3651    i.rt_timer_detach   timer.o
    0x0000a938   0x0000a938   0x00000054   Code   RO         3654    i.rt_timer_init     timer.o
    0x0000a98c   0x0000a98c   0x000001c0   Code   RO         3657    i.rt_timer_start    timer.o
    0x0000ab4c   0x0000ab4c   0x000000c0   Code   RO         3658    i.rt_timer_stop     timer.o
    0x0000ac0c   0x0000ac0c   0x00000330   Code   RO         2923    i.rt_vsnprintf      kservice.o
    0x0000af3c   0x0000af3c   0x00000016   Code   RO         2924    i.rt_vsprintf       kservice.o
    0x0000af52   0x0000af52   0x00000004   Code   RO         2366    i.rti_board_end     components.o
    0x0000af56   0x0000af56   0x00000004   Code   RO         2367    i.rti_board_start   components.o
    0x0000af5a   0x0000af5a   0x00000004   Code   RO         2368    i.rti_end           components.o
    0x0000af5e   0x0000af5e   0x00000004   Code   RO         2369    i.rti_start         components.o
    0x0000af62   0x0000af62   0x0000002a   Code   RO         2370    i.rtthread_startup  components.o
    0x0000af8c   0x0000af8c   0x00000040   Code   RO         4643    i.shell_auto_complete  shell.o
    0x0000afcc   0x0000afcc   0x00000030   Code   RO         4644    i.shell_handle_history  shell.o
    0x0000affc   0x0000affc   0x000000d8   Code   RO         4645    i.shell_push_history  shell.o
    0x0000b0d4   0x0000b0d4   0x00000030   Code   RO         4784    i.show_wait_queue   cmd.o
    0x0000b104   0x0000b104   0x00000026   Code   RO         2925    i.skip_atoi         kservice.o
    0x0000b12a   0x0000b12a   0x00000020   Code   RO         4785    i.str_common        cmd.o
    0x0000b14a   0x0000b14a   0x00000020   Code   RO         4916    i.str_common        msh.o
    0x0000b16a   0x0000b16a   0x00000022   Code   RO         4786    i.str_is_prefix     cmd.o
    0x0000b18c   0x0000b18c   0x00000038   Code   RO          246    i.swm320_pin_attach_irq  drv_gpio.o
    0x0000b1c4   0x0000b1c4   0x00000030   Code   RO          247    i.swm320_pin_detach_irq  drv_gpio.o
    0x0000b1f4   0x0000b1f4   0x00000128   Code   RO          248    i.swm320_pin_irq_enable  drv_gpio.o
    0x0000b31c   0x0000b31c   0x00000062   Code   RO          249    i.swm320_pin_mode   drv_gpio.o
    0x0000b37e   0x0000b37e   0x0000001e   Code   RO          250    i.swm320_pin_read   drv_gpio.o
    0x0000b39c   0x0000b39c   0x00000030   Code   RO          251    i.swm320_pin_write  drv_gpio.o
    0x0000b3cc   0x0000b3cc   0x000000e4   Code   RO          350    i.swm320_uart_configure  drv_uart.o
    0x0000b4b0   0x0000b4b0   0x00000068   Code   RO          351    i.swm320_uart_control  drv_uart.o
    0x0000b518   0x0000b518   0x00000044   Code   RO          352    i.swm320_uart_getc  drv_uart.o
    0x0000b55c   0x0000b55c   0x00000040   Code   RO          353    i.swm320_uart_putc  drv_uart.o
    0x0000b59c   0x0000b59c   0x00000078   Code   RO         5736    i.token_get_string  finsh_token.o
    0x0000b614   0x0000b614   0x00000034   Code   RO         5737    i.token_match_name  finsh_token.o
    0x0000b648   0x0000b648   0x0000003e   Code   RO         5738    i.token_next_char   finsh_token.o
    0x0000b686   0x0000b686   0x00000016   Code   RO         5739    i.token_prev_char   finsh_token.o
    0x0000b69c   0x0000b69c   0x000000a2   Code   RO         5740    i.token_proc_char   finsh_token.o
    0x0000b73e   0x0000b73e   0x000000d6   Code   RO         5741    i.token_proc_escape  finsh_token.o
    0x0000b814   0x0000b814   0x00000120   Code   RO         5742    i.token_proc_number  finsh_token.o
    0x0000b934   0x0000b934   0x00000050   Code   RO         5743    i.token_proc_string  finsh_token.o
    0x0000b984   0x0000b984   0x0000019e   Code   RO         5744    i.token_run         finsh_token.o
    0x0000bb22   0x0000bb22   0x00000098   Code   RO         5745    i.token_spec_number  finsh_token.o
    0x0000bbba   0x0000bbba   0x00000022   Code   RO         5746    i.token_trim_space  finsh_token.o
    0x0000bbdc   0x0000bbdc   0x000000e8   Code   RO         3769    i.usage_fault_track  cpuport.o
    0x0000bcc4   0x0000bcc4   0x0000000a   Code   RO         4787    i.version           cmd.o
    0x0000bcce   0x0000bcce   0x00000002   PAD
    0x0000bcd0   0x0000bcd0   0x0000002c   Code   RO         5925    locale$$code        c_w.l(lc_ctype_c.o)
    0x0000bcfc   0x0000bcfc   0x00000d0c   Data   RO          253    .constdata          drv_gpio.o
    0x0000ca08   0x0000ca08   0x00000068   Data   RO          355    .constdata          drv_uart.o
    0x0000ca70   0x0000ca70   0x00000014   Data   RO         2371    .constdata          components.o
    0x0000ca84   0x0000ca84   0x000000c9   Data   RO         2450    .constdata          device.o
    0x0000cb4d   0x0000cb4d   0x00000016   Data   RO         2535    .constdata          idle.o
    0x0000cb63   0x0000cb63   0x000001f7   Data   RO         2625    .constdata          ipc.o
    0x0000cd5a   0x0000cd5a   0x00000122   Data   RO         2927    .constdata          kservice.o
    0x0000ce7c   0x0000ce7c   0x0000003c   Data   RO         3109    .constdata          mem.o
    0x0000ceb8   0x0000ceb8   0x00000080   Data   RO         3307    .constdata          object.o
    0x0000cf38   0x0000cf38   0x0000004e   Data   RO         3411    .constdata          scheduler.o
    0x0000cf86   0x0000cf86   0x000000b9   Data   RO         3519    .constdata          thread.o
    0x0000d03f   0x0000d03f   0x0000005c   Data   RO         3659    .constdata          timer.o
    0x0000d09b   0x0000d09b   0x0000007d   Data   RO         3924    .constdata          pin.o
    0x0000d118   0x0000d118   0x000000c4   Data   RO         4065    .constdata          serial.o
    0x0000d1dc   0x0000d1dc   0x00000039   Data   RO         4129    .constdata          completion.o
    0x0000d215   0x0000d215   0x00000087   Data   RO         4647    .constdata          shell.o
    0x0000d29c   0x0000d29c   0x00000058   Data   RO         4788    .constdata          cmd.o
    0x0000d2f4   0x0000d2f4   0x0000000e   Data   RO         4917    .constdata          msh.o
    0x0000d302   0x0000d302   0x00000002   PAD
    0x0000d304   0x0000d304   0x000000c4   Data   RO         5282    .constdata          finsh_ops.o
    0x0000d3c8   0x0000d3c8   0x00000040   Data   RO         5747    .constdata          finsh_token.o
    0x0000d408   0x0000d408   0x000001e1   Data   RO          254    .conststring        drv_gpio.o
    0x0000d5e9   0x0000d5e9   0x00000003   PAD
    0x0000d5ec   0x0000d5ec   0x00000045   Data   RO         2626    .conststring        ipc.o
    0x0000d631   0x0000d631   0x00000003   PAD
    0x0000d634   0x0000d634   0x000000eb   Data   RO         3110    .conststring        mem.o
    0x0000d71f   0x0000d71f   0x00000001   PAD
    0x0000d720   0x0000d720   0x00000042   Data   RO         3520    .conststring        thread.o
    0x0000d762   0x0000d762   0x00000002   PAD
    0x0000d764   0x0000d764   0x0000017d   Data   RO         4789    .conststring        cmd.o
    0x0000d8e1   0x0000d8e1   0x00000003   PAD
    0x0000d8e4   0x0000d8e4   0x000000f3   Data   RO         5058    .conststring        finsh_error.o
    0x0000d9d7   0x0000d9d7   0x00000001   PAD
    0x0000d9d8   0x0000d9d8   0x0000003e   Data   RO         5748    .conststring        finsh_token.o
    0x0000da16   0x0000da16   0x00000027   Data   RO         3112    .rodata.name        mem.o
    0x0000da3d   0x0000da3d   0x00000069   Data   RO         3925    .rodata.name        pin.o
    0x0000daa6   0x0000daa6   0x0000009a   Data   RO         3992    .rodata.name        rt_drv_pwm.o
    0x0000db40   0x0000db40   0x000003a4   Data   RO         4791    .rodata.name        cmd.o
    0x0000dee4   0x0000dee4   0x00000061   Data   RO         4919    .rodata.name        msh.o
    0x0000df45   0x0000df45   0x0000007b   Data   RO         4976    .rodata.name        msh_cmd.o
    0x0000dfc0   0x0000dfc0   0x00000004   Data   RO         2372    .rti_fn.0           components.o
    0x0000dfc4   0x0000dfc4   0x00000004   Data   RO         2373    .rti_fn.0.end       components.o
    0x0000dfc8   0x0000dfc8   0x00000004   Data   RO          256    .rti_fn.1           drv_gpio.o
    0x0000dfcc   0x0000dfcc   0x00000004   Data   RO          357    .rti_fn.1           drv_uart.o
    0x0000dfd0   0x0000dfd0   0x00000004   Data   RO         2374    .rti_fn.1.end       components.o
    0x0000dfd4   0x0000dfd4   0x00000004   Data   RO         4649    .rti_fn.6           shell.o
    0x0000dfd8   0x0000dfd8   0x00000004   Data   RO         2375    .rti_fn.6.end       components.o
    0x0000dfdc   0x0000dfdc   0x0000000c   Data   RO         3113    FSymTab             mem.o
    0x0000dfe8   0x0000dfe8   0x00000024   Data   RO         3926    FSymTab             pin.o
    0x0000e00c   0x0000e00c   0x0000003c   Data   RO         3993    FSymTab             rt_drv_pwm.o
    0x0000e048   0x0000e048   0x00000120   Data   RO         4792    FSymTab             cmd.o
    0x0000e168   0x0000e168   0x00000024   Data   RO         4920    FSymTab             msh.o
    0x0000e18c   0x0000e18c   0x00000024   Data   RO         4977    FSymTab             msh_cmd.o
    0x0000e1b0   0x0000e1b0   0x00000020   Data   RO         6059    Region$$Table       anon$$obj.o
    0x0000e1d0   0x0000e1d0   0x00000010   Data   RO         4793    VSymTab             cmd.o
    0x0000e1e0   0x0000e1e0   0x00000110   Data   RO         5924    locale$$data        c_w.l(lc_ctype_c.o)


    Execution Region RW_IRAM1 (Exec base: 0x20000000, Load base: 0x0000e2f0, Size: 0x000012d0, Max: 0x00020000, ABSOLUTE, COMPRESSED[0x00000094])

    Exec Addr    Load Addr    Size         Type   Attr      Idx    E Section Name        Object

    0x20000000   COMPRESSED   0x00000018   Data   RW          255    .data               drv_gpio.o
    0x20000018   COMPRESSED   0x00000008   Data   RW          356    .data               drv_uart.o
    0x20000020   COMPRESSED   0x00000008   Data   RW          411    .data               system_swm320.o
    0x20000028   COMPRESSED   0x00000004   Data   RW         2328    .data               clock.o
    0x2000002c   COMPRESSED   0x00000009   Data   RW         2860    .data               irq.o
    0x20000035   COMPRESSED   0x00000003   PAD
    0x20000038   COMPRESSED   0x0000000c   Data   RW         2928    .data               kservice.o
    0x20000044   COMPRESSED   0x00000020   Data   RW         3111    .data               mem.o
    0x20000064   COMPRESSED   0x000000b4   Data   RW         3308    .data               object.o
    0x20000118   COMPRESSED   0x0000001c   Data   RW         3412    .data               scheduler.o
    0x20000134   COMPRESSED   0x0000000c   Data   RW         3521    .data               thread.o
    0x20000140   COMPRESSED   0x00000014   Data   RW         3660    .data               timer.o
    0x20000154   COMPRESSED   0x00000010   Data   RW         3771    .data               cpuport.o
    0x20000164   COMPRESSED   0x00000008   Data   RW         4648    .data               shell.o
    0x2000016c   COMPRESSED   0x00000010   Data   RW         4750    .data               symbol.o
    0x2000017c   COMPRESSED   0x00000004   Data   RW         4790    .data               cmd.o
    0x20000180   COMPRESSED   0x00000004   Data   RW         4918    .data               msh.o
    0x20000184   COMPRESSED   0x00000008   Data   RW         5010    .data               finsh_compiler.o
    0x2000018c   COMPRESSED   0x00000040   Data   RW         5059    .data               finsh_error.o
    0x200001cc   COMPRESSED   0x00000008   Data   RW         5097    .data               finsh_heap.o
    0x200001d4   COMPRESSED   0x00000004   Data   RW         5652    .data               finsh_var.o
    0x200001d8   COMPRESSED   0x0000000c   Data   RW         5702    .data               finsh_vm.o
    0x200001e4        -       0x00000240   Zero   RW          252    .bss                drv_gpio.o
    0x20000424        -       0x00000054   Zero   RW          354    .bss                drv_uart.o
    0x20000478        -       0x00000190   Zero   RW         2534    .bss                idle.o
    0x20000608        -       0x00000080   Zero   RW         2926    .bss                kservice.o
    0x20000688        -       0x00000020   Zero   RW         3108    .bss                mem.o
    0x200006a8        -       0x00000100   Zero   RW         3410    .bss                scheduler.o
    0x200007a8        -       0x00000044   Zero   RW         3923    .bss                pin.o
    0x200007ec        -       0x00000081   Zero   RW         4646    .bss                shell.o
    0x2000086d   COMPRESSED   0x00000003   PAD
    0x20000870        -       0x00000080   Zero   RW         5096    .bss                finsh_heap.o
    0x200008f0        -       0x00000140   Zero   RW         5185    .bss                finsh_node.o
    0x20000a30        -       0x000000c0   Zero   RW         5651    .bss                finsh_var.o
    0x20000af0        -       0x00000180   Zero   RW         5701    .bss                finsh_vm.o
    0x20000c70        -       0x00000060   Zero   RW         5894    .bss                c_w.l(libspace.o)
    0x20000cd0        -       0x00000200   Zero   RW         2317    HEAP                startup_swm320.o
    0x20000ed0        -       0x00000400   Zero   RW         2316    STACK               startup_swm320.o


==============================================================================

Image component sizes


      Code (inc. data)   RO Data    RW Data    ZI Data      Debug   Object Name

       172         30          0          0          0      95228   board.o
       118         12          0          4          0       1536   clock.o
      4478       1502       1705          4          0      24906   cmd.o
       512        180         57          0          0       5731   completion.o
       218         50         36          0          0       5124   components.o
       244         26          0          0          0        752   context_rvds.o
      1476        738          0         16          0       5442   cpuport.o
      1312        594        201          0          0       8136   device.o
      1568        218       3825         24        576      36611   drv_gpio.o
       640        156        108          8         84       4738   drv_uart.o
      6170        156          0          8          0      10350   finsh_compiler.o
        56         22        243         64          0       2527   finsh_error.o
       552         42          0          8        128       5555   finsh_heap.o
        64          6          0          0          0       1960   finsh_init.o
       392          8          0          0        320       5602   finsh_node.o
      3038        294        196          0          0      23838   finsh_ops.o
      2428         32          0          0          0      15691   finsh_parser.o
      1644         16        126          0          0       9826   finsh_token.o
       296         32          0          4        192       6586   finsh_var.o
       176         36          0         12        384       5317   finsh_vm.o
       384         84         22          0        400       5482   idle.o
       856        202        572          0          0      31007   ipc.o
       140         26          0          9          0       1946   irq.o
      2144        242        290         12        128      13398   kservice.o
        56          0          0          0          0      23249   main.o
      1982        750        346         32         32       9315   mem.o
       956        198        147          4          0       7669   msh.o
        34          0        159          0          0       2787   msh_cmd.o
       860        286        128        180          0       9806   object.o
       524        182        266          0         68       7758   pin.o
       452         88        214          0          0       5843   rt_drv_pwm.o
      1002        252         78         28        256       9214   scheduler.o
      1872        378        196          0          0      10187   serial.o
      2684        382        139          8        129      11578   shell.o
       184         22        328          0       1536       3392   startup_swm320.o
       180          0          0          0          0       3135   swm320_exti.o
       784         38          0          0          0       2914   swm320_gpio.o
      1608         30          0          0          0       1212   swm320_port.o
       536         14          0          0          0       5694   swm320_uart.o
         0          0          0         16          0       4993   symbol.o
       548         48          0          8          0       1901   system_swm320.o
      1450        412        251         12          0      14229   thread.o
      1478        484         92         20          0      11275   timer.o

    ----------------------------------------------------------------------
     46298       8268       9772        484       4236     473440   Object Totals
         0          0         32          0          0          0   (incl. Generated)
        30          0         15          3          3          0   (incl. Padding)

    ----------------------------------------------------------------------

      Code (inc. data)   RO Data    RW Data    ZI Data      Debug   Library Member Name

        90          0          0          0          0          0   __dczerorl2.o
         8          0          0          0          0         68   __main.o
         0          0          0          0          0          0   __rtentry.o
        12          0          0          0          0          0   __rtentry2.o
         6          0          0          0          0          0   __rtentry4.o
        52          8          0          0          0          0   __scatter.o
        28          0          0          0          0          0   __scatter_zi.o
        28          0          0          0          0         68   _chval.o
       158          0          0          0          0         92   _strtoul.o
        26          0          0          0          0         80   atoi.o
        18          0          0          0          0         80   exit.o
         6          0          0          0          0        152   heapauxi.o
         0          0          0          0          0          0   indicate_semi.o
        44         10        272          0          0         76   lc_ctype_c.o
         2          0          0          0          0          0   libinit.o
        20          0          0          0          0          0   libinit2.o
         2          0          0          0          0          0   libshutdown.o
         2          0          0          0          0          0   libshutdown2.o
         8          4          0          0         96         68   libspace.o
        88          0          0          0          0         76   memcmp.o
        16          4          0          0          0         76   rt_ctype_table.o
         8          4          0          0          0         68   rt_errno_addr_intlibspace.o
         8          4          0          0          0         68   rt_locale_intlibspace.o
        68          0          0          0          0         68   rt_memclr.o
        78          0          0          0          0         80   rt_memclr_w.o
       138          0          0          0          0         68   rt_memcpy_v6.o
       100          0          0          0          0         80   rt_memcpy_w.o
         2          0          0          0          0          0   rtexit.o
        10          0          0          0          0          0   rtexit2.o
        24          0          0          0          0         68   strcat.o
       128          0          0          0          0         68   strcmpv7m.o
        72          0          0          0          0         80   strcpy.o
        62          0          0          0          0         76   strlen.o
       150          0          0          0          0         80   strncmp.o
        86          0          0          0          0         76   strncpy.o
       112          0          0          0          0         88   strtol.o
        12          4          0          0          0         68   sys_exit.o
        74          0          0          0          0         80   sys_stackheap_outer.o
         2          0          0          0          0         68   use_no_semi.o

    ----------------------------------------------------------------------
      1754         38        272          0         96       2020   Library Totals
         6          0          0          0          0          0   (incl. Padding)

    ----------------------------------------------------------------------

      Code (inc. data)   RO Data    RW Data    ZI Data      Debug   Library Name

      1748         38        272          0         96       2020   c_w.l

    ----------------------------------------------------------------------
      1754         38        272          0         96       2020   Library Totals

    ----------------------------------------------------------------------

==============================================================================


      Code (inc. data)   RO Data    RW Data    ZI Data      Debug   

     48052       8306      10044        484       4332     456268   Grand Totals
     48052       8306      10044        148       4332     456268   ELF Image Totals (compressed)
     48052       8306      10044        148          0          0   ROM Totals

==============================================================================

    Total RO  Size (Code + RO Data)                58096 (  56.73kB)
    Total RW  Size (RW Data + ZI Data)              4816 (   4.70kB)
    Total ROM Size (Code + RO Data + RW Data)      58244 (  56.88kB)

==============================================================================

